Archive member included to satisfy reference by file (symbol)

/usr/lib/gcc/arm-none-eabi/4.9.3/../../../arm-none-eabi/lib/armv7e-m/libg.a(lib_a-atexit.o)
                              /usr/lib/gcc/arm-none-eabi/4.9.3/../../../arm-none-eabi/lib/armv7e-m/crt0.o (atexit)
/usr/lib/gcc/arm-none-eabi/4.9.3/../../../arm-none-eabi/lib/armv7e-m/libg.a(lib_a-exit.o)
                              /usr/lib/gcc/arm-none-eabi/4.9.3/../../../arm-none-eabi/lib/armv7e-m/crt0.o (exit)
/usr/lib/gcc/arm-none-eabi/4.9.3/../../../arm-none-eabi/lib/armv7e-m/libg.a(lib_a-fini.o)
                              /usr/lib/gcc/arm-none-eabi/4.9.3/../../../arm-none-eabi/lib/armv7e-m/crt0.o (__libc_fini_array)
/usr/lib/gcc/arm-none-eabi/4.9.3/../../../arm-none-eabi/lib/armv7e-m/libg.a(lib_a-impure.o)
                              /usr/lib/gcc/arm-none-eabi/4.9.3/../../../arm-none-eabi/lib/armv7e-m/libg.a(lib_a-exit.o) (_global_impure_ptr)
/usr/lib/gcc/arm-none-eabi/4.9.3/../../../arm-none-eabi/lib/armv7e-m/libg.a(lib_a-init.o)
                              /usr/lib/gcc/arm-none-eabi/4.9.3/../../../arm-none-eabi/lib/armv7e-m/crt0.o (__libc_init_array)
/usr/lib/gcc/arm-none-eabi/4.9.3/../../../arm-none-eabi/lib/armv7e-m/libg.a(lib_a-malloc.o)
                              /tmp/ccXmjDyu.o (malloc)
/usr/lib/gcc/arm-none-eabi/4.9.3/../../../arm-none-eabi/lib/armv7e-m/libg.a(lib_a-mallocr.o)
                              /usr/lib/gcc/arm-none-eabi/4.9.3/../../../arm-none-eabi/lib/armv7e-m/libg.a(lib_a-malloc.o) (_malloc_r)
/usr/lib/gcc/arm-none-eabi/4.9.3/../../../arm-none-eabi/lib/armv7e-m/libg.a(lib_a-memset.o)
                              /usr/lib/gcc/arm-none-eabi/4.9.3/../../../arm-none-eabi/lib/armv7e-m/crt0.o (memset)
/usr/lib/gcc/arm-none-eabi/4.9.3/../../../arm-none-eabi/lib/armv7e-m/libg.a(lib_a-mlock.o)
                              /usr/lib/gcc/arm-none-eabi/4.9.3/../../../arm-none-eabi/lib/armv7e-m/libg.a(lib_a-mallocr.o) (__malloc_lock)
/usr/lib/gcc/arm-none-eabi/4.9.3/../../../arm-none-eabi/lib/armv7e-m/libg.a(lib_a-sbrkr.o)
                              /usr/lib/gcc/arm-none-eabi/4.9.3/../../../arm-none-eabi/lib/armv7e-m/libg.a(lib_a-mallocr.o) (_sbrk_r)
/usr/lib/gcc/arm-none-eabi/4.9.3/../../../arm-none-eabi/lib/armv7e-m/libg.a(lib_a-__atexit.o)
                              /usr/lib/gcc/arm-none-eabi/4.9.3/../../../arm-none-eabi/lib/armv7e-m/libg.a(lib_a-atexit.o) (__register_exitproc)
/usr/lib/gcc/arm-none-eabi/4.9.3/../../../arm-none-eabi/lib/armv7e-m/libg.a(lib_a-__call_atexit.o)
                              /usr/lib/gcc/arm-none-eabi/4.9.3/../../../arm-none-eabi/lib/armv7e-m/libg.a(lib_a-exit.o) (__call_exitprocs)
/usr/lib/gcc/arm-none-eabi/4.9.3/../../../arm-none-eabi/lib/armv7e-m/libg.a(lib_a-freer.o)
                              /usr/lib/gcc/arm-none-eabi/4.9.3/../../../arm-none-eabi/lib/armv7e-m/libg.a(lib_a-malloc.o) (_free_r)
/usr/lib/gcc/arm-none-eabi/4.9.3/../../../arm-none-eabi/lib/armv7e-m/libg.a(lib_a-reent.o)
                              /usr/lib/gcc/arm-none-eabi/4.9.3/../../../arm-none-eabi/lib/armv7e-m/libg.a(lib_a-sbrkr.o) (errno)
/usr/lib/gcc/arm-none-eabi/4.9.3/../../../arm-none-eabi/lib/armv7e-m/libnosys.a(sbrk.o)
                              /usr/lib/gcc/arm-none-eabi/4.9.3/../../../arm-none-eabi/lib/armv7e-m/libg.a(lib_a-sbrkr.o) (_sbrk)
/usr/lib/gcc/arm-none-eabi/4.9.3/../../../arm-none-eabi/lib/armv7e-m/libnosys.a(_exit.o)
                              /usr/lib/gcc/arm-none-eabi/4.9.3/../../../arm-none-eabi/lib/armv7e-m/libg.a(lib_a-exit.o) (_exit)

Allocating common symbols
Common symbol       size              file

errno               0x4               /usr/lib/gcc/arm-none-eabi/4.9.3/../../../arm-none-eabi/lib/armv7e-m/libg.a(lib_a-reent.o)

Memory Configuration

Name             Origin             Length             Attributes
*default*        0x0000000000000000 0xffffffffffffffff

Linker script and memory map

LOAD /usr/lib/gcc/arm-none-eabi/4.9.3/armv7e-m/crti.o
LOAD /usr/lib/gcc/arm-none-eabi/4.9.3/armv7e-m/crtbegin.o
LOAD /usr/lib/gcc/arm-none-eabi/4.9.3/../../../arm-none-eabi/lib/armv7e-m/crt0.o
LOAD /tmp/ccXmjDyu.o
LOAD /tmp/ccZxAglC.o
START GROUP
LOAD /usr/lib/gcc/arm-none-eabi/4.9.3/armv7e-m/libgcc.a
LOAD /usr/lib/gcc/arm-none-eabi/4.9.3/../../../arm-none-eabi/lib/armv7e-m/libg.a
LOAD /usr/lib/gcc/arm-none-eabi/4.9.3/../../../arm-none-eabi/lib/armv7e-m/libc.a
END GROUP
START GROUP
LOAD /usr/lib/gcc/arm-none-eabi/4.9.3/armv7e-m/libgcc.a
LOAD /usr/lib/gcc/arm-none-eabi/4.9.3/../../../arm-none-eabi/lib/armv7e-m/libc.a
LOAD /usr/lib/gcc/arm-none-eabi/4.9.3/../../../arm-none-eabi/lib/armv7e-m/libnosys.a
END GROUP
LOAD /usr/lib/gcc/arm-none-eabi/4.9.3/armv7e-m/crtend.o
LOAD /usr/lib/gcc/arm-none-eabi/4.9.3/armv7e-m/crtn.o
                [!provide]                        PROVIDE (__executable_start, 0x8000)
                0x0000000000008000                . = 0x8000

.interp
 *(.interp)

.note.gnu.build-id
 *(.note.gnu.build-id)

.hash
 *(.hash)

.gnu.hash
 *(.gnu.hash)

.dynsym
 *(.dynsym)

.dynstr
 *(.dynstr)

.gnu.version
 *(.gnu.version)

.gnu.version_d
 *(.gnu.version_d)

.gnu.version_r
 *(.gnu.version_r)

.rel.dyn        0x0000000000008000        0x0
 *(.rel.init)
 *(.rel.text .rel.text.* .rel.gnu.linkonce.t.*)
 *(.rel.fini)
 *(.rel.rodata .rel.rodata.* .rel.gnu.linkonce.r.*)
 *(.rel.data.rel.ro .rel.data.rel.ro.* .rel.gnu.linkonce.d.rel.ro.*)
 *(.rel.data .rel.data.* .rel.gnu.linkonce.d.*)
 *(.rel.tdata .rel.tdata.* .rel.gnu.linkonce.td.*)
 *(.rel.tbss .rel.tbss.* .rel.gnu.linkonce.tb.*)
 *(.rel.ctors)
 *(.rel.dtors)
 *(.rel.got)
 *(.rel.bss .rel.bss.* .rel.gnu.linkonce.b.*)
                [!provide]                        PROVIDE (__rel_iplt_start, .)
 *(.rel.iplt)
 .rel.iplt      0x0000000000008000        0x0 /usr/lib/gcc/arm-none-eabi/4.9.3/armv7e-m/crtbegin.o
                [!provide]                        PROVIDE (__rel_iplt_end, .)

.rela.dyn       0x0000000000008000        0x0
 *(.rela.init)
 *(.rela.text .rela.text.* .rela.gnu.linkonce.t.*)
 *(.rela.fini)
 *(.rela.rodata .rela.rodata.* .rela.gnu.linkonce.r.*)
 *(.rela.data .rela.data.* .rela.gnu.linkonce.d.*)
 *(.rela.tdata .rela.tdata.* .rela.gnu.linkonce.td.*)
 *(.rela.tbss .rela.tbss.* .rela.gnu.linkonce.tb.*)
 *(.rela.ctors)
 *(.rela.dtors)
 *(.rela.got)
 *(.rela.bss .rela.bss.* .rela.gnu.linkonce.b.*)
                [!provide]                        PROVIDE (__rela_iplt_start, .)
 *(.rela.iplt)
                [!provide]                        PROVIDE (__rela_iplt_end, .)

.rel.plt
 *(.rel.plt)

.rela.plt
 *(.rela.plt)

.init           0x0000000000008000        0xc
 *(SORT(.init))
 .init          0x0000000000008000        0x4 /usr/lib/gcc/arm-none-eabi/4.9.3/armv7e-m/crti.o
                0x0000000000008000                _init
 .init          0x0000000000008004        0x8 /usr/lib/gcc/arm-none-eabi/4.9.3/armv7e-m/crtn.o

.plt
 *(.plt)

.iplt           0x000000000000800c        0x0
 *(.iplt)
 .iplt          0x000000000000800c        0x0 /usr/lib/gcc/arm-none-eabi/4.9.3/armv7e-m/crtbegin.o

.text           0x000000000000800c      0xd28
 *(.text.unlikely .text.*_unlikely .text.unlikely.*)
 *(.text.exit .text.exit.*)
 .text.exit     0x000000000000800c       0x20 /usr/lib/gcc/arm-none-eabi/4.9.3/../../../arm-none-eabi/lib/armv7e-m/libg.a(lib_a-exit.o)
                0x000000000000800c                exit
 *(.text.startup .text.startup.*)
 .text.startup.register_fini
                0x000000000000802c       0x14 /usr/lib/gcc/arm-none-eabi/4.9.3/../../../arm-none-eabi/lib/armv7e-m/libg.a(lib_a-__call_atexit.o)
 *(.text.hot .text.hot.*)
 *(.text .stub .text.* .gnu.linkonce.t.*)
 .text          0x0000000000008040        0x0 /usr/lib/gcc/arm-none-eabi/4.9.3/armv7e-m/crti.o
 .text          0x0000000000008040       0xa4 /usr/lib/gcc/arm-none-eabi/4.9.3/armv7e-m/crtbegin.o
 .text          0x00000000000080e4       0x68 /usr/lib/gcc/arm-none-eabi/4.9.3/../../../arm-none-eabi/lib/armv7e-m/crt0.o
                0x00000000000080e4                _mainCRTStartup
                0x00000000000080e4                _start
 .text          0x000000000000814c       0x58 /tmp/ccXmjDyu.o
                0x000000000000814c                main
 .text          0x00000000000081a4       0x74 /tmp/ccZxAglC.o
                0x00000000000081a4                func
 .text          0x0000000000008218        0x0 /usr/lib/gcc/arm-none-eabi/4.9.3/../../../arm-none-eabi/lib/armv7e-m/libg.a(lib_a-atexit.o)
 .text.atexit   0x0000000000008218        0xc /usr/lib/gcc/arm-none-eabi/4.9.3/../../../arm-none-eabi/lib/armv7e-m/libg.a(lib_a-atexit.o)
                0x0000000000008218                atexit
 .text          0x0000000000008224        0x0 /usr/lib/gcc/arm-none-eabi/4.9.3/../../../arm-none-eabi/lib/armv7e-m/libg.a(lib_a-exit.o)
 .text          0x0000000000008224        0x0 /usr/lib/gcc/arm-none-eabi/4.9.3/../../../arm-none-eabi/lib/armv7e-m/libg.a(lib_a-fini.o)
 .text.__libc_fini_array
                0x0000000000008224       0x2c /usr/lib/gcc/arm-none-eabi/4.9.3/../../../arm-none-eabi/lib/armv7e-m/libg.a(lib_a-fini.o)
                0x0000000000008224                __libc_fini_array
 .text          0x0000000000008250        0x0 /usr/lib/gcc/arm-none-eabi/4.9.3/../../../arm-none-eabi/lib/armv7e-m/libg.a(lib_a-impure.o)
 .text          0x0000000000008250        0x0 /usr/lib/gcc/arm-none-eabi/4.9.3/../../../arm-none-eabi/lib/armv7e-m/libg.a(lib_a-init.o)
 .text.__libc_init_array
                0x0000000000008250       0x50 /usr/lib/gcc/arm-none-eabi/4.9.3/../../../arm-none-eabi/lib/armv7e-m/libg.a(lib_a-init.o)
                0x0000000000008250                __libc_init_array
 .text          0x00000000000082a0        0x0 /usr/lib/gcc/arm-none-eabi/4.9.3/../../../arm-none-eabi/lib/armv7e-m/libg.a(lib_a-malloc.o)
 .text.malloc   0x00000000000082a0       0x10 /usr/lib/gcc/arm-none-eabi/4.9.3/../../../arm-none-eabi/lib/armv7e-m/libg.a(lib_a-malloc.o)
                0x00000000000082a0                malloc
 .text.free     0x00000000000082b0       0x10 /usr/lib/gcc/arm-none-eabi/4.9.3/../../../arm-none-eabi/lib/armv7e-m/libg.a(lib_a-malloc.o)
                0x00000000000082b0                free
 .text          0x00000000000082c0        0x0 /usr/lib/gcc/arm-none-eabi/4.9.3/../../../arm-none-eabi/lib/armv7e-m/libg.a(lib_a-mallocr.o)
 .text._malloc_r
                0x00000000000082c0      0x524 /usr/lib/gcc/arm-none-eabi/4.9.3/../../../arm-none-eabi/lib/armv7e-m/libg.a(lib_a-mallocr.o)
                0x00000000000082c0                _malloc_r
 .text          0x00000000000087e4        0x0 /usr/lib/gcc/arm-none-eabi/4.9.3/../../../arm-none-eabi/lib/armv7e-m/libg.a(lib_a-memset.o)
 .text.memset   0x00000000000087e4       0x9c /usr/lib/gcc/arm-none-eabi/4.9.3/../../../arm-none-eabi/lib/armv7e-m/libg.a(lib_a-memset.o)
                0x00000000000087e4                memset
 .text          0x0000000000008880        0x0 /usr/lib/gcc/arm-none-eabi/4.9.3/../../../arm-none-eabi/lib/armv7e-m/libg.a(lib_a-mlock.o)
 .text.__malloc_lock
                0x0000000000008880        0x4 /usr/lib/gcc/arm-none-eabi/4.9.3/../../../arm-none-eabi/lib/armv7e-m/libg.a(lib_a-mlock.o)
                0x0000000000008880                __malloc_lock
 .text.__malloc_unlock
                0x0000000000008884        0x4 /usr/lib/gcc/arm-none-eabi/4.9.3/../../../arm-none-eabi/lib/armv7e-m/libg.a(lib_a-mlock.o)
                0x0000000000008884                __malloc_unlock
 .text          0x0000000000008888        0x0 /usr/lib/gcc/arm-none-eabi/4.9.3/../../../arm-none-eabi/lib/armv7e-m/libg.a(lib_a-sbrkr.o)
 .text._sbrk_r  0x0000000000008888       0x24 /usr/lib/gcc/arm-none-eabi/4.9.3/../../../arm-none-eabi/lib/armv7e-m/libg.a(lib_a-sbrkr.o)
                0x0000000000008888                _sbrk_r
 .text          0x00000000000088ac        0x0 /usr/lib/gcc/arm-none-eabi/4.9.3/../../../arm-none-eabi/lib/armv7e-m/libg.a(lib_a-__atexit.o)
 .text.__register_exitproc
                0x00000000000088ac       0xa4 /usr/lib/gcc/arm-none-eabi/4.9.3/../../../arm-none-eabi/lib/armv7e-m/libg.a(lib_a-__atexit.o)
                0x00000000000088ac                __register_exitproc
 .text          0x0000000000008950        0x0 /usr/lib/gcc/arm-none-eabi/4.9.3/../../../arm-none-eabi/lib/armv7e-m/libg.a(lib_a-__call_atexit.o)
 .text.__call_exitprocs
                0x0000000000008950       0xd4 /usr/lib/gcc/arm-none-eabi/4.9.3/../../../arm-none-eabi/lib/armv7e-m/libg.a(lib_a-__call_atexit.o)
                0x0000000000008950                __call_exitprocs
 .text          0x0000000000008a24        0x0 /usr/lib/gcc/arm-none-eabi/4.9.3/../../../arm-none-eabi/lib/armv7e-m/libg.a(lib_a-freer.o)
 .text._malloc_trim_r
                0x0000000000008a24       0x9c /usr/lib/gcc/arm-none-eabi/4.9.3/../../../arm-none-eabi/lib/armv7e-m/libg.a(lib_a-freer.o)
                0x0000000000008a24                _malloc_trim_r
 .text._free_r  0x0000000000008ac0      0x1b0 /usr/lib/gcc/arm-none-eabi/4.9.3/../../../arm-none-eabi/lib/armv7e-m/libg.a(lib_a-freer.o)
                0x0000000000008ac0                _free_r
 .text          0x0000000000008c70        0x0 /usr/lib/gcc/arm-none-eabi/4.9.3/../../../arm-none-eabi/lib/armv7e-m/libg.a(lib_a-reent.o)
 .text.cleanup_glue
                0x0000000000008c70       0x1c /usr/lib/gcc/arm-none-eabi/4.9.3/../../../arm-none-eabi/lib/armv7e-m/libg.a(lib_a-reent.o)
                0x0000000000008c70                cleanup_glue
 .text._reclaim_reent
                0x0000000000008c8c       0x88 /usr/lib/gcc/arm-none-eabi/4.9.3/../../../arm-none-eabi/lib/armv7e-m/libg.a(lib_a-reent.o)
                0x0000000000008c8c                _reclaim_reent
 .text          0x0000000000008d14        0x0 /usr/lib/gcc/arm-none-eabi/4.9.3/../../../arm-none-eabi/lib/armv7e-m/libnosys.a(sbrk.o)
 .text._sbrk    0x0000000000008d14       0x1c /usr/lib/gcc/arm-none-eabi/4.9.3/../../../arm-none-eabi/lib/armv7e-m/libnosys.a(sbrk.o)
                0x0000000000008d14                _sbrk
 .text          0x0000000000008d30        0x0 /usr/lib/gcc/arm-none-eabi/4.9.3/../../../arm-none-eabi/lib/armv7e-m/libnosys.a(_exit.o)
 .text._exit    0x0000000000008d30        0x4 /usr/lib/gcc/arm-none-eabi/4.9.3/../../../arm-none-eabi/lib/armv7e-m/libnosys.a(_exit.o)
                0x0000000000008d30                _exit
 .text          0x0000000000008d34        0x0 /usr/lib/gcc/arm-none-eabi/4.9.3/armv7e-m/crtend.o
 .text          0x0000000000008d34        0x0 /usr/lib/gcc/arm-none-eabi/4.9.3/armv7e-m/crtn.o
 *(.gnu.warning)
 *(.glue_7t)
 .glue_7t       0x0000000000008d34        0x0 linker stubs
 *(.glue_7)
 .glue_7        0x0000000000008d34        0x0 linker stubs
 *(.vfp11_veneer)
 .vfp11_veneer  0x0000000000008d34        0x0 linker stubs
 *(.v4_bx)
 .v4_bx         0x0000000000008d34        0x0 linker stubs

.fini           0x0000000000008d34        0xc
 *(SORT(.fini))
 .fini          0x0000000000008d34        0x4 /usr/lib/gcc/arm-none-eabi/4.9.3/armv7e-m/crti.o
                0x0000000000008d34                _fini
 .fini          0x0000000000008d38        0x8 /usr/lib/gcc/arm-none-eabi/4.9.3/armv7e-m/crtn.o
                [!provide]                        PROVIDE (__etext, .)
                [!provide]                        PROVIDE (_etext, .)
                [!provide]                        PROVIDE (etext, .)

.rodata         0x0000000000008d40       0x1c
 *(.rodata .rodata.* .gnu.linkonce.r.*)
 .rodata        0x0000000000008d40        0x4 /tmp/ccXmjDyu.o
                0x0000000000008d40                g2
 .rodata        0x0000000000008d44        0xe /tmp/ccZxAglC.o
 *fill*         0x0000000000008d52        0x2 
 .rodata.str1.4
                0x0000000000008d54        0x4 /usr/lib/gcc/arm-none-eabi/4.9.3/../../../arm-none-eabi/lib/armv7e-m/libg.a(lib_a-impure.o)
 .rodata._global_impure_ptr
                0x0000000000008d58        0x4 /usr/lib/gcc/arm-none-eabi/4.9.3/../../../arm-none-eabi/lib/armv7e-m/libg.a(lib_a-impure.o)
                0x0000000000008d58                _global_impure_ptr

.rodata1
 *(.rodata1)

.ARM.extab      0x0000000000008d5c        0x0
 *(.ARM.extab* .gnu.linkonce.armextab.*)
 .ARM.extab     0x0000000000008d5c        0x0 /usr/lib/gcc/arm-none-eabi/4.9.3/../../../arm-none-eabi/lib/armv7e-m/crt0.o
                [!provide]                        PROVIDE (__exidx_start, .)

.ARM.exidx      0x0000000000008d5c        0x8
 *(.ARM.exidx* .gnu.linkonce.armexidx.*)
 .ARM.exidx     0x0000000000008d5c        0x8 /usr/lib/gcc/arm-none-eabi/4.9.3/../../../arm-none-eabi/lib/armv7e-m/crt0.o
                [!provide]                        PROVIDE (__exidx_end, .)

.eh_frame_hdr
 *(.eh_frame_hdr)
 *(.eh_frame_entry .eh_frame_entry.*)

.eh_frame       0x0000000000008d64        0x4
 *(.eh_frame)
 .eh_frame      0x0000000000008d64        0x0 /usr/lib/gcc/arm-none-eabi/4.9.3/armv7e-m/crtbegin.o
 .eh_frame      0x0000000000008d64        0x4 /usr/lib/gcc/arm-none-eabi/4.9.3/armv7e-m/crtend.o
 *(.eh_frame.*)

.gcc_except_table
 *(.gcc_except_table .gcc_except_table.*)

.gnu_extab
 *(.gnu_extab*)

.exception_ranges
 *(.exception_ranges .exception_ranges*)
                0x0000000000018d68                . = (ALIGN (0x10000) + (. & 0xffff))

.eh_frame
 *(.eh_frame)
 *(.eh_frame.*)

.gnu_extab
 *(.gnu_extab)

.gcc_except_table
 *(.gcc_except_table .gcc_except_table.*)

.exception_ranges
 *(.exception_ranges .exception_ranges*)

.tdata
 *(.tdata .tdata.* .gnu.linkonce.td.*)

.tbss
 *(.tbss .tbss.* .gnu.linkonce.tb.*)
 *(.tcommon)

.preinit_array  0x0000000000018d68        0x0
                0x0000000000018d68                PROVIDE (__preinit_array_start, .)
 *(.preinit_array)
                0x0000000000018d68                PROVIDE (__preinit_array_end, .)

.init_array     0x0000000000018d68        0x8
                0x0000000000018d68                PROVIDE (__init_array_start, .)
 *(SORT(.init_array.*))
 .init_array.00000
                0x0000000000018d68        0x4 /usr/lib/gcc/arm-none-eabi/4.9.3/../../../arm-none-eabi/lib/armv7e-m/libg.a(lib_a-__call_atexit.o)
 *(.init_array)
 .init_array    0x0000000000018d6c        0x4 /usr/lib/gcc/arm-none-eabi/4.9.3/armv7e-m/crtbegin.o
                0x0000000000018d70                PROVIDE (__init_array_end, .)

.fini_array     0x0000000000018d70        0x4
                0x0000000000018d70                PROVIDE (__fini_array_start, .)
 *(SORT(.fini_array.*))
 *(.fini_array)
 .fini_array    0x0000000000018d70        0x4 /usr/lib/gcc/arm-none-eabi/4.9.3/armv7e-m/crtbegin.o
                0x0000000000018d74                PROVIDE (__fini_array_end, .)

.ctors
 *crtbegin.o(.ctors)
 *crtbegin?.o(.ctors)
 *(EXCLUDE_FILE(*crtend?.o *crtend.o) .ctors)
 *(SORT(.ctors.*))
 *(.ctors)

.dtors
 *crtbegin.o(.dtors)
 *crtbegin?.o(.dtors)
 *(EXCLUDE_FILE(*crtend?.o *crtend.o) .dtors)
 *(SORT(.dtors.*))
 *(.dtors)

.jcr            0x0000000000018d74        0x4
 *(.jcr)
 .jcr           0x0000000000018d74        0x0 /usr/lib/gcc/arm-none-eabi/4.9.3/armv7e-m/crtbegin.o
 .jcr           0x0000000000018d74        0x4 /usr/lib/gcc/arm-none-eabi/4.9.3/armv7e-m/crtend.o

.data.rel.ro
 *(.data.rel.ro.local* .gnu.linkonce.d.rel.ro.local.*)
 *(.data.rel.ro .data.rel.ro.* .gnu.linkonce.d.rel.ro.*)

.dynamic
 *(.dynamic)

.got            0x0000000000018d78        0x0
 *(.got.plt)
 *(.igot.plt)
 .igot.plt      0x0000000000018d78        0x0 /usr/lib/gcc/arm-none-eabi/4.9.3/armv7e-m/crtbegin.o
 *(.got)
 *(.igot)

.data           0x0000000000018d78      0x86c
                0x0000000000018d78                __data_start = .
 *(.data .data.* .gnu.linkonce.d.*)
 .data          0x0000000000018d78        0x0 /usr/lib/gcc/arm-none-eabi/4.9.3/armv7e-m/crti.o
 .data          0x0000000000018d78        0x4 /usr/lib/gcc/arm-none-eabi/4.9.3/armv7e-m/crtbegin.o
                0x0000000000018d78                __dso_handle
 .data          0x0000000000018d7c        0x0 /usr/lib/gcc/arm-none-eabi/4.9.3/../../../arm-none-eabi/lib/armv7e-m/crt0.o
 .data          0x0000000000018d7c        0x1 /tmp/ccXmjDyu.o
                0x0000000000018d7c                g3
 *fill*         0x0000000000018d7d        0x3 
 .data          0x0000000000018d80       0x28 /tmp/ccZxAglC.o
                0x0000000000018d80                g5
 .data          0x0000000000018da8        0x0 /usr/lib/gcc/arm-none-eabi/4.9.3/../../../arm-none-eabi/lib/armv7e-m/libg.a(lib_a-atexit.o)
 .data          0x0000000000018da8        0x0 /usr/lib/gcc/arm-none-eabi/4.9.3/../../../arm-none-eabi/lib/armv7e-m/libg.a(lib_a-exit.o)
 .data          0x0000000000018da8        0x0 /usr/lib/gcc/arm-none-eabi/4.9.3/../../../arm-none-eabi/lib/armv7e-m/libg.a(lib_a-fini.o)
 .data          0x0000000000018da8        0x0 /usr/lib/gcc/arm-none-eabi/4.9.3/../../../arm-none-eabi/lib/armv7e-m/libg.a(lib_a-impure.o)
 .data.impure_data
                0x0000000000018da8      0x428 /usr/lib/gcc/arm-none-eabi/4.9.3/../../../arm-none-eabi/lib/armv7e-m/libg.a(lib_a-impure.o)
 .data._impure_ptr
                0x00000000000191d0        0x4 /usr/lib/gcc/arm-none-eabi/4.9.3/../../../arm-none-eabi/lib/armv7e-m/libg.a(lib_a-impure.o)
                0x00000000000191d0                _impure_ptr
 .data          0x00000000000191d4        0x0 /usr/lib/gcc/arm-none-eabi/4.9.3/../../../arm-none-eabi/lib/armv7e-m/libg.a(lib_a-init.o)
 .data          0x00000000000191d4        0x0 /usr/lib/gcc/arm-none-eabi/4.9.3/../../../arm-none-eabi/lib/armv7e-m/libg.a(lib_a-malloc.o)
 .data          0x00000000000191d4        0x0 /usr/lib/gcc/arm-none-eabi/4.9.3/../../../arm-none-eabi/lib/armv7e-m/libg.a(lib_a-mallocr.o)
 .data.__malloc_av_
                0x00000000000191d4      0x408 /usr/lib/gcc/arm-none-eabi/4.9.3/../../../arm-none-eabi/lib/armv7e-m/libg.a(lib_a-mallocr.o)
                0x00000000000191d4                __malloc_av_
 .data.__malloc_trim_threshold
                0x00000000000195dc        0x4 /usr/lib/gcc/arm-none-eabi/4.9.3/../../../arm-none-eabi/lib/armv7e-m/libg.a(lib_a-mallocr.o)
                0x00000000000195dc                __malloc_trim_threshold
 .data.__malloc_sbrk_base
                0x00000000000195e0        0x4 /usr/lib/gcc/arm-none-eabi/4.9.3/../../../arm-none-eabi/lib/armv7e-m/libg.a(lib_a-mallocr.o)
                0x00000000000195e0                __malloc_sbrk_base
 .data          0x00000000000195e4        0x0 /usr/lib/gcc/arm-none-eabi/4.9.3/../../../arm-none-eabi/lib/armv7e-m/libg.a(lib_a-memset.o)
 .data          0x00000000000195e4        0x0 /usr/lib/gcc/arm-none-eabi/4.9.3/../../../arm-none-eabi/lib/armv7e-m/libg.a(lib_a-mlock.o)
 .data          0x00000000000195e4        0x0 /usr/lib/gcc/arm-none-eabi/4.9.3/../../../arm-none-eabi/lib/armv7e-m/libg.a(lib_a-sbrkr.o)
 .data          0x00000000000195e4        0x0 /usr/lib/gcc/arm-none-eabi/4.9.3/../../../arm-none-eabi/lib/armv7e-m/libg.a(lib_a-__atexit.o)
 .data          0x00000000000195e4        0x0 /usr/lib/gcc/arm-none-eabi/4.9.3/../../../arm-none-eabi/lib/armv7e-m/libg.a(lib_a-__call_atexit.o)
 .data          0x00000000000195e4        0x0 /usr/lib/gcc/arm-none-eabi/4.9.3/../../../arm-none-eabi/lib/armv7e-m/libg.a(lib_a-freer.o)
 .data          0x00000000000195e4        0x0 /usr/lib/gcc/arm-none-eabi/4.9.3/../../../arm-none-eabi/lib/armv7e-m/libg.a(lib_a-reent.o)
 .data          0x00000000000195e4        0x0 /usr/lib/gcc/arm-none-eabi/4.9.3/../../../arm-none-eabi/lib/armv7e-m/libnosys.a(sbrk.o)
 .data          0x00000000000195e4        0x0 /usr/lib/gcc/arm-none-eabi/4.9.3/../../../arm-none-eabi/lib/armv7e-m/libnosys.a(_exit.o)
 .data          0x00000000000195e4        0x0 /usr/lib/gcc/arm-none-eabi/4.9.3/armv7e-m/crtend.o
 .data          0x00000000000195e4        0x0 /usr/lib/gcc/arm-none-eabi/4.9.3/armv7e-m/crtn.o

.tm_clone_table
                0x00000000000195e4        0x0
 .tm_clone_table
                0x00000000000195e4        0x0 /usr/lib/gcc/arm-none-eabi/4.9.3/armv7e-m/crtbegin.o
 .tm_clone_table
                0x00000000000195e4        0x0 /usr/lib/gcc/arm-none-eabi/4.9.3/armv7e-m/crtend.o

.data1
 *(.data1)
                0x00000000000195e4                _edata = .
                [!provide]                        PROVIDE (edata, .)
                0x00000000000195e4                . = .
                0x00000000000195e4                __bss_start = .
                0x00000000000195e4                __bss_start__ = .

.bss            0x00000000000195e4       0x64
 *(.dynbss)
 *(.bss .bss.* .gnu.linkonce.b.*)
 .bss           0x00000000000195e4        0x0 /usr/lib/gcc/arm-none-eabi/4.9.3/armv7e-m/crti.o
 .bss           0x00000000000195e4       0x1c /usr/lib/gcc/arm-none-eabi/4.9.3/armv7e-m/crtbegin.o
 .bss           0x0000000000019600        0x0 /usr/lib/gcc/arm-none-eabi/4.9.3/../../../arm-none-eabi/lib/armv7e-m/crt0.o
 .bss           0x0000000000019600        0x5 /tmp/ccXmjDyu.o
                0x0000000000019604                g4
 *fill*         0x0000000000019605        0x3 
 .bss           0x0000000000019608        0x4 /tmp/ccZxAglC.o
 .bss           0x000000000001960c        0x0 /usr/lib/gcc/arm-none-eabi/4.9.3/../../../arm-none-eabi/lib/armv7e-m/libg.a(lib_a-atexit.o)
 .bss           0x000000000001960c        0x0 /usr/lib/gcc/arm-none-eabi/4.9.3/../../../arm-none-eabi/lib/armv7e-m/libg.a(lib_a-exit.o)
 .bss           0x000000000001960c        0x0 /usr/lib/gcc/arm-none-eabi/4.9.3/../../../arm-none-eabi/lib/armv7e-m/libg.a(lib_a-fini.o)
 .bss           0x000000000001960c        0x0 /usr/lib/gcc/arm-none-eabi/4.9.3/../../../arm-none-eabi/lib/armv7e-m/libg.a(lib_a-impure.o)
 .bss           0x000000000001960c        0x0 /usr/lib/gcc/arm-none-eabi/4.9.3/../../../arm-none-eabi/lib/armv7e-m/libg.a(lib_a-init.o)
 .bss           0x000000000001960c        0x0 /usr/lib/gcc/arm-none-eabi/4.9.3/../../../arm-none-eabi/lib/armv7e-m/libg.a(lib_a-malloc.o)
 .bss           0x000000000001960c        0x0 /usr/lib/gcc/arm-none-eabi/4.9.3/../../../arm-none-eabi/lib/armv7e-m/libg.a(lib_a-mallocr.o)
 .bss.__malloc_max_total_mem
                0x000000000001960c        0x4 /usr/lib/gcc/arm-none-eabi/4.9.3/../../../arm-none-eabi/lib/armv7e-m/libg.a(lib_a-mallocr.o)
                0x000000000001960c                __malloc_max_total_mem
 .bss.__malloc_max_sbrked_mem
                0x0000000000019610        0x4 /usr/lib/gcc/arm-none-eabi/4.9.3/../../../arm-none-eabi/lib/armv7e-m/libg.a(lib_a-mallocr.o)
                0x0000000000019610                __malloc_max_sbrked_mem
 .bss.__malloc_top_pad
                0x0000000000019614        0x4 /usr/lib/gcc/arm-none-eabi/4.9.3/../../../arm-none-eabi/lib/armv7e-m/libg.a(lib_a-mallocr.o)
                0x0000000000019614                __malloc_top_pad
 .bss.__malloc_current_mallinfo
                0x0000000000019618       0x28 /usr/lib/gcc/arm-none-eabi/4.9.3/../../../arm-none-eabi/lib/armv7e-m/libg.a(lib_a-mallocr.o)
                0x0000000000019618                __malloc_current_mallinfo
 .bss           0x0000000000019640        0x0 /usr/lib/gcc/arm-none-eabi/4.9.3/../../../arm-none-eabi/lib/armv7e-m/libg.a(lib_a-memset.o)
 .bss           0x0000000000019640        0x0 /usr/lib/gcc/arm-none-eabi/4.9.3/../../../arm-none-eabi/lib/armv7e-m/libg.a(lib_a-mlock.o)
 .bss           0x0000000000019640        0x0 /usr/lib/gcc/arm-none-eabi/4.9.3/../../../arm-none-eabi/lib/armv7e-m/libg.a(lib_a-sbrkr.o)
 .bss           0x0000000000019640        0x0 /usr/lib/gcc/arm-none-eabi/4.9.3/../../../arm-none-eabi/lib/armv7e-m/libg.a(lib_a-__atexit.o)
 .bss           0x0000000000019640        0x0 /usr/lib/gcc/arm-none-eabi/4.9.3/../../../arm-none-eabi/lib/armv7e-m/libg.a(lib_a-__call_atexit.o)
 .bss           0x0000000000019640        0x0 /usr/lib/gcc/arm-none-eabi/4.9.3/../../../arm-none-eabi/lib/armv7e-m/libg.a(lib_a-freer.o)
 .bss           0x0000000000019640        0x0 /usr/lib/gcc/arm-none-eabi/4.9.3/../../../arm-none-eabi/lib/armv7e-m/libg.a(lib_a-reent.o)
 .bss           0x0000000000019640        0x0 /usr/lib/gcc/arm-none-eabi/4.9.3/../../../arm-none-eabi/lib/armv7e-m/libnosys.a(sbrk.o)
 .bss.heap_end.4079
                0x0000000000019640        0x4 /usr/lib/gcc/arm-none-eabi/4.9.3/../../../arm-none-eabi/lib/armv7e-m/libnosys.a(sbrk.o)
 .bss           0x0000000000019644        0x0 /usr/lib/gcc/arm-none-eabi/4.9.3/../../../arm-none-eabi/lib/armv7e-m/libnosys.a(_exit.o)
 .bss           0x0000000000019644        0x0 /usr/lib/gcc/arm-none-eabi/4.9.3/armv7e-m/crtend.o
 .bss           0x0000000000019644        0x0 /usr/lib/gcc/arm-none-eabi/4.9.3/armv7e-m/crtn.o
 *(COMMON)
 COMMON         0x0000000000019644        0x4 /usr/lib/gcc/arm-none-eabi/4.9.3/../../../arm-none-eabi/lib/armv7e-m/libg.a(lib_a-reent.o)
                0x0000000000019644                errno
                0x0000000000019648                . = ALIGN ((. != 0x0)?0x4:0x1)
                0x0000000000019648                _bss_end__ = .
                0x0000000000019648                __bss_end__ = .
                0x0000000000019648                . = ALIGN (0x4)
                0x0000000000019648                . = SEGMENT_START ("ldata-segment", .)
                0x0000000000019648                . = ALIGN (0x4)
                0x0000000000019648                __end__ = .
                0x0000000000019648                _end = .
                0x0000000000019648                PROVIDE (end, .)

.stab
 *(.stab)

.stabstr
 *(.stabstr)

.stab.excl
 *(.stab.excl)

.stab.exclstr
 *(.stab.exclstr)

.stab.index
 *(.stab.index)

.stab.indexstr
 *(.stab.indexstr)

.comment        0x0000000000000000       0x70
 *(.comment)
 .comment       0x0000000000000000       0x38 /usr/lib/gcc/arm-none-eabi/4.9.3/armv7e-m/crtbegin.o
                                         0x39 (size before relaxing)
 .comment       0x0000000000000038       0x39 /tmp/ccXmjDyu.o
 .comment       0x0000000000000038       0x39 /tmp/ccZxAglC.o
 .comment       0x0000000000000038       0x38 /usr/lib/gcc/arm-none-eabi/4.9.3/../../../arm-none-eabi/lib/armv7e-m/libg.a(lib_a-atexit.o)
                                         0x39 (size before relaxing)
 .comment       0x0000000000000070       0x39 /usr/lib/gcc/arm-none-eabi/4.9.3/../../../arm-none-eabi/lib/armv7e-m/libg.a(lib_a-exit.o)
 .comment       0x0000000000000070       0x39 /usr/lib/gcc/arm-none-eabi/4.9.3/../../../arm-none-eabi/lib/armv7e-m/libg.a(lib_a-fini.o)
 .comment       0x0000000000000070       0x39 /usr/lib/gcc/arm-none-eabi/4.9.3/../../../arm-none-eabi/lib/armv7e-m/libg.a(lib_a-impure.o)
 .comment       0x0000000000000070       0x39 /usr/lib/gcc/arm-none-eabi/4.9.3/../../../arm-none-eabi/lib/armv7e-m/libg.a(lib_a-init.o)
 .comment       0x0000000000000070       0x39 /usr/lib/gcc/arm-none-eabi/4.9.3/../../../arm-none-eabi/lib/armv7e-m/libg.a(lib_a-malloc.o)
 .comment       0x0000000000000070       0x39 /usr/lib/gcc/arm-none-eabi/4.9.3/../../../arm-none-eabi/lib/armv7e-m/libg.a(lib_a-mallocr.o)
 .comment       0x0000000000000070       0x39 /usr/lib/gcc/arm-none-eabi/4.9.3/../../../arm-none-eabi/lib/armv7e-m/libg.a(lib_a-memset.o)
 .comment       0x0000000000000070       0x39 /usr/lib/gcc/arm-none-eabi/4.9.3/../../../arm-none-eabi/lib/armv7e-m/libg.a(lib_a-mlock.o)
 .comment       0x0000000000000070       0x39 /usr/lib/gcc/arm-none-eabi/4.9.3/../../../arm-none-eabi/lib/armv7e-m/libg.a(lib_a-sbrkr.o)
 .comment       0x0000000000000070       0x39 /usr/lib/gcc/arm-none-eabi/4.9.3/../../../arm-none-eabi/lib/armv7e-m/libg.a(lib_a-__atexit.o)
 .comment       0x0000000000000070       0x39 /usr/lib/gcc/arm-none-eabi/4.9.3/../../../arm-none-eabi/lib/armv7e-m/libg.a(lib_a-__call_atexit.o)
 .comment       0x0000000000000070       0x39 /usr/lib/gcc/arm-none-eabi/4.9.3/../../../arm-none-eabi/lib/armv7e-m/libg.a(lib_a-freer.o)
 .comment       0x0000000000000070       0x39 /usr/lib/gcc/arm-none-eabi/4.9.3/../../../arm-none-eabi/lib/armv7e-m/libg.a(lib_a-reent.o)
 .comment       0x0000000000000070       0x39 /usr/lib/gcc/arm-none-eabi/4.9.3/../../../arm-none-eabi/lib/armv7e-m/libnosys.a(sbrk.o)
 .comment       0x0000000000000070       0x39 /usr/lib/gcc/arm-none-eabi/4.9.3/../../../arm-none-eabi/lib/armv7e-m/libnosys.a(_exit.o)
 .comment       0x0000000000000070       0x39 /usr/lib/gcc/arm-none-eabi/4.9.3/armv7e-m/crtend.o

.debug
 *(.debug)

.line
 *(.line)

.debug_srcinfo
 *(.debug_srcinfo)

.debug_sfnames
 *(.debug_sfnames)

.debug_aranges  0x0000000000000000      0x280
 *(.debug_aranges)
 .debug_aranges
                0x0000000000000000       0x20 /usr/lib/gcc/arm-none-eabi/4.9.3/../../../arm-none-eabi/lib/armv7e-m/crt0.o
 .debug_aranges
                0x0000000000000020       0x20 /tmp/ccXmjDyu.o
 .debug_aranges
                0x0000000000000040       0x20 /tmp/ccZxAglC.o
 .debug_aranges
                0x0000000000000060       0x20 /usr/lib/gcc/arm-none-eabi/4.9.3/../../../arm-none-eabi/lib/armv7e-m/libg.a(lib_a-atexit.o)
 .debug_aranges
                0x0000000000000080       0x20 /usr/lib/gcc/arm-none-eabi/4.9.3/../../../arm-none-eabi/lib/armv7e-m/libg.a(lib_a-exit.o)
 .debug_aranges
                0x00000000000000a0       0x20 /usr/lib/gcc/arm-none-eabi/4.9.3/../../../arm-none-eabi/lib/armv7e-m/libg.a(lib_a-fini.o)
 .debug_aranges
                0x00000000000000c0       0x18 /usr/lib/gcc/arm-none-eabi/4.9.3/../../../arm-none-eabi/lib/armv7e-m/libg.a(lib_a-impure.o)
 .debug_aranges
                0x00000000000000d8       0x20 /usr/lib/gcc/arm-none-eabi/4.9.3/../../../arm-none-eabi/lib/armv7e-m/libg.a(lib_a-init.o)
 .debug_aranges
                0x00000000000000f8       0x28 /usr/lib/gcc/arm-none-eabi/4.9.3/../../../arm-none-eabi/lib/armv7e-m/libg.a(lib_a-malloc.o)
 .debug_aranges
                0x0000000000000120       0x20 /usr/lib/gcc/arm-none-eabi/4.9.3/../../../arm-none-eabi/lib/armv7e-m/libg.a(lib_a-mallocr.o)
 .debug_aranges
                0x0000000000000140       0x20 /usr/lib/gcc/arm-none-eabi/4.9.3/../../../arm-none-eabi/lib/armv7e-m/libg.a(lib_a-memset.o)
 .debug_aranges
                0x0000000000000160       0x28 /usr/lib/gcc/arm-none-eabi/4.9.3/../../../arm-none-eabi/lib/armv7e-m/libg.a(lib_a-mlock.o)
 .debug_aranges
                0x0000000000000188       0x20 /usr/lib/gcc/arm-none-eabi/4.9.3/../../../arm-none-eabi/lib/armv7e-m/libg.a(lib_a-sbrkr.o)
 .debug_aranges
                0x00000000000001a8       0x20 /usr/lib/gcc/arm-none-eabi/4.9.3/../../../arm-none-eabi/lib/armv7e-m/libg.a(lib_a-__atexit.o)
 .debug_aranges
                0x00000000000001c8       0x28 /usr/lib/gcc/arm-none-eabi/4.9.3/../../../arm-none-eabi/lib/armv7e-m/libg.a(lib_a-__call_atexit.o)
 .debug_aranges
                0x00000000000001f0       0x28 /usr/lib/gcc/arm-none-eabi/4.9.3/../../../arm-none-eabi/lib/armv7e-m/libg.a(lib_a-freer.o)
 .debug_aranges
                0x0000000000000218       0x28 /usr/lib/gcc/arm-none-eabi/4.9.3/../../../arm-none-eabi/lib/armv7e-m/libg.a(lib_a-reent.o)
 .debug_aranges
                0x0000000000000240       0x20 /usr/lib/gcc/arm-none-eabi/4.9.3/../../../arm-none-eabi/lib/armv7e-m/libnosys.a(sbrk.o)
 .debug_aranges
                0x0000000000000260       0x20 /usr/lib/gcc/arm-none-eabi/4.9.3/../../../arm-none-eabi/lib/armv7e-m/libnosys.a(_exit.o)

.debug_pubnames
 *(.debug_pubnames)

.debug_info     0x0000000000000000     0x6a31
 *(.debug_info .gnu.linkonce.wi.*)
 .debug_info    0x0000000000000000       0xa9 /usr/lib/gcc/arm-none-eabi/4.9.3/../../../arm-none-eabi/lib/armv7e-m/crt0.o
 .debug_info    0x00000000000000a9      0x10a /tmp/ccXmjDyu.o
 .debug_info    0x00000000000001b3       0xc4 /tmp/ccZxAglC.o
 .debug_info    0x0000000000000277      0x10a /usr/lib/gcc/arm-none-eabi/4.9.3/../../../arm-none-eabi/lib/armv7e-m/libg.a(lib_a-atexit.o)
 .debug_info    0x0000000000000381      0x8e4 /usr/lib/gcc/arm-none-eabi/4.9.3/../../../arm-none-eabi/lib/armv7e-m/libg.a(lib_a-exit.o)
 .debug_info    0x0000000000000c65       0xef /usr/lib/gcc/arm-none-eabi/4.9.3/../../../arm-none-eabi/lib/armv7e-m/libg.a(lib_a-fini.o)
 .debug_info    0x0000000000000d54      0x894 /usr/lib/gcc/arm-none-eabi/4.9.3/../../../arm-none-eabi/lib/armv7e-m/libg.a(lib_a-impure.o)
 .debug_info    0x00000000000015e8      0x105 /usr/lib/gcc/arm-none-eabi/4.9.3/../../../arm-none-eabi/lib/armv7e-m/libg.a(lib_a-init.o)
 .debug_info    0x00000000000016ed      0x915 /usr/lib/gcc/arm-none-eabi/4.9.3/../../../arm-none-eabi/lib/armv7e-m/libg.a(lib_a-malloc.o)
 .debug_info    0x0000000000002002      0xd8b /usr/lib/gcc/arm-none-eabi/4.9.3/../../../arm-none-eabi/lib/armv7e-m/libg.a(lib_a-mallocr.o)
 .debug_info    0x0000000000002d8d      0x117 /usr/lib/gcc/arm-none-eabi/4.9.3/../../../arm-none-eabi/lib/armv7e-m/libg.a(lib_a-memset.o)
 .debug_info    0x0000000000002ea4      0x8b4 /usr/lib/gcc/arm-none-eabi/4.9.3/../../../arm-none-eabi/lib/armv7e-m/libg.a(lib_a-mlock.o)
 .debug_info    0x0000000000003758      0x8f4 /usr/lib/gcc/arm-none-eabi/4.9.3/../../../arm-none-eabi/lib/armv7e-m/libg.a(lib_a-sbrkr.o)
 .debug_info    0x000000000000404c      0x934 /usr/lib/gcc/arm-none-eabi/4.9.3/../../../arm-none-eabi/lib/armv7e-m/libg.a(lib_a-__atexit.o)
 .debug_info    0x0000000000004980      0x9a9 /usr/lib/gcc/arm-none-eabi/4.9.3/../../../arm-none-eabi/lib/armv7e-m/libg.a(lib_a-__call_atexit.o)
 .debug_info    0x0000000000005329      0xc1c /usr/lib/gcc/arm-none-eabi/4.9.3/../../../arm-none-eabi/lib/armv7e-m/libg.a(lib_a-freer.o)
 .debug_info    0x0000000000005f45      0x9fb /usr/lib/gcc/arm-none-eabi/4.9.3/../../../arm-none-eabi/lib/armv7e-m/libg.a(lib_a-reent.o)
 .debug_info    0x0000000000006940       0x99 /usr/lib/gcc/arm-none-eabi/4.9.3/../../../arm-none-eabi/lib/armv7e-m/libnosys.a(sbrk.o)
 .debug_info    0x00000000000069d9       0x58 /usr/lib/gcc/arm-none-eabi/4.9.3/../../../arm-none-eabi/lib/armv7e-m/libnosys.a(_exit.o)

.debug_abbrev   0x0000000000000000     0x19db
 *(.debug_abbrev)
 .debug_abbrev  0x0000000000000000       0x14 /usr/lib/gcc/arm-none-eabi/4.9.3/../../../arm-none-eabi/lib/armv7e-m/crt0.o
 .debug_abbrev  0x0000000000000014       0x7b /tmp/ccXmjDyu.o
 .debug_abbrev  0x000000000000008f       0x97 /tmp/ccZxAglC.o
 .debug_abbrev  0x0000000000000126       0xb8 /usr/lib/gcc/arm-none-eabi/4.9.3/../../../arm-none-eabi/lib/armv7e-m/libg.a(lib_a-atexit.o)
 .debug_abbrev  0x00000000000001de      0x1e6 /usr/lib/gcc/arm-none-eabi/4.9.3/../../../arm-none-eabi/lib/armv7e-m/libg.a(lib_a-exit.o)
 .debug_abbrev  0x00000000000003c4       0xbd /usr/lib/gcc/arm-none-eabi/4.9.3/../../../arm-none-eabi/lib/armv7e-m/libg.a(lib_a-fini.o)
 .debug_abbrev  0x0000000000000481      0x180 /usr/lib/gcc/arm-none-eabi/4.9.3/../../../arm-none-eabi/lib/armv7e-m/libg.a(lib_a-impure.o)
 .debug_abbrev  0x0000000000000601       0xba /usr/lib/gcc/arm-none-eabi/4.9.3/../../../arm-none-eabi/lib/armv7e-m/libg.a(lib_a-init.o)
 .debug_abbrev  0x00000000000006bb      0x1fa /usr/lib/gcc/arm-none-eabi/4.9.3/../../../arm-none-eabi/lib/armv7e-m/libg.a(lib_a-malloc.o)
 .debug_abbrev  0x00000000000008b5      0x2ad /usr/lib/gcc/arm-none-eabi/4.9.3/../../../arm-none-eabi/lib/armv7e-m/libg.a(lib_a-mallocr.o)
 .debug_abbrev  0x0000000000000b62       0x9f /usr/lib/gcc/arm-none-eabi/4.9.3/../../../arm-none-eabi/lib/armv7e-m/libg.a(lib_a-memset.o)
 .debug_abbrev  0x0000000000000c01      0x19a /usr/lib/gcc/arm-none-eabi/4.9.3/../../../arm-none-eabi/lib/armv7e-m/libg.a(lib_a-mlock.o)
 .debug_abbrev  0x0000000000000d9b      0x1fd /usr/lib/gcc/arm-none-eabi/4.9.3/../../../arm-none-eabi/lib/armv7e-m/libg.a(lib_a-sbrkr.o)
 .debug_abbrev  0x0000000000000f98      0x20f /usr/lib/gcc/arm-none-eabi/4.9.3/../../../arm-none-eabi/lib/armv7e-m/libg.a(lib_a-__atexit.o)
 .debug_abbrev  0x00000000000011a7      0x285 /usr/lib/gcc/arm-none-eabi/4.9.3/../../../arm-none-eabi/lib/armv7e-m/libg.a(lib_a-__call_atexit.o)
 .debug_abbrev  0x000000000000142c      0x27b /usr/lib/gcc/arm-none-eabi/4.9.3/../../../arm-none-eabi/lib/armv7e-m/libg.a(lib_a-freer.o)
 .debug_abbrev  0x00000000000016a7      0x25c /usr/lib/gcc/arm-none-eabi/4.9.3/../../../arm-none-eabi/lib/armv7e-m/libg.a(lib_a-reent.o)
 .debug_abbrev  0x0000000000001903       0x83 /usr/lib/gcc/arm-none-eabi/4.9.3/../../../arm-none-eabi/lib/armv7e-m/libnosys.a(sbrk.o)
 .debug_abbrev  0x0000000000001986       0x55 /usr/lib/gcc/arm-none-eabi/4.9.3/../../../arm-none-eabi/lib/armv7e-m/libnosys.a(_exit.o)

.debug_line     0x0000000000000000     0x162b
 *(.debug_line .debug_line.* .debug_line_end)
 .debug_line    0x0000000000000000       0x7b /usr/lib/gcc/arm-none-eabi/4.9.3/../../../arm-none-eabi/lib/armv7e-m/crt0.o
 .debug_line    0x000000000000007b       0x4e /tmp/ccXmjDyu.o
 .debug_line    0x00000000000000c9       0x53 /tmp/ccZxAglC.o
 .debug_line    0x000000000000011c       0xc1 /usr/lib/gcc/arm-none-eabi/4.9.3/../../../arm-none-eabi/lib/armv7e-m/libg.a(lib_a-atexit.o)
 .debug_line    0x00000000000001dd      0x175 /usr/lib/gcc/arm-none-eabi/4.9.3/../../../arm-none-eabi/lib/armv7e-m/libg.a(lib_a-exit.o)
 .debug_line    0x0000000000000352       0x9c /usr/lib/gcc/arm-none-eabi/4.9.3/../../../arm-none-eabi/lib/armv7e-m/libg.a(lib_a-fini.o)
 .debug_line    0x00000000000003ee       0xf1 /usr/lib/gcc/arm-none-eabi/4.9.3/../../../arm-none-eabi/lib/armv7e-m/libg.a(lib_a-impure.o)
 .debug_line    0x00000000000004df       0xb5 /usr/lib/gcc/arm-none-eabi/4.9.3/../../../arm-none-eabi/lib/armv7e-m/libg.a(lib_a-init.o)
 .debug_line    0x0000000000000594      0x16e /usr/lib/gcc/arm-none-eabi/4.9.3/../../../arm-none-eabi/lib/armv7e-m/libg.a(lib_a-malloc.o)
 .debug_line    0x0000000000000702      0x38b /usr/lib/gcc/arm-none-eabi/4.9.3/../../../arm-none-eabi/lib/armv7e-m/libg.a(lib_a-mallocr.o)
 .debug_line    0x0000000000000a8d      0x119 /usr/lib/gcc/arm-none-eabi/4.9.3/../../../arm-none-eabi/lib/armv7e-m/libg.a(lib_a-memset.o)
 .debug_line    0x0000000000000ba6      0x10f /usr/lib/gcc/arm-none-eabi/4.9.3/../../../arm-none-eabi/lib/armv7e-m/libg.a(lib_a-mlock.o)
 .debug_line    0x0000000000000cb5      0x161 /usr/lib/gcc/arm-none-eabi/4.9.3/../../../arm-none-eabi/lib/armv7e-m/libg.a(lib_a-sbrkr.o)
 .debug_line    0x0000000000000e16      0x193 /usr/lib/gcc/arm-none-eabi/4.9.3/../../../arm-none-eabi/lib/armv7e-m/libg.a(lib_a-__atexit.o)
 .debug_line    0x0000000000000fa9      0x1c5 /usr/lib/gcc/arm-none-eabi/4.9.3/../../../arm-none-eabi/lib/armv7e-m/libg.a(lib_a-__call_atexit.o)
 .debug_line    0x000000000000116e      0x26e /usr/lib/gcc/arm-none-eabi/4.9.3/../../../arm-none-eabi/lib/armv7e-m/libg.a(lib_a-freer.o)
 .debug_line    0x00000000000013dc      0x19a /usr/lib/gcc/arm-none-eabi/4.9.3/../../../arm-none-eabi/lib/armv7e-m/libg.a(lib_a-reent.o)
 .debug_line    0x0000000000001576       0x58 /usr/lib/gcc/arm-none-eabi/4.9.3/../../../arm-none-eabi/lib/armv7e-m/libnosys.a(sbrk.o)
 .debug_line    0x00000000000015ce       0x5d /usr/lib/gcc/arm-none-eabi/4.9.3/../../../arm-none-eabi/lib/armv7e-m/libnosys.a(_exit.o)

.debug_frame    0x0000000000000000      0x3c0
 *(.debug_frame)
 .debug_frame   0x0000000000000000       0x38 /tmp/ccXmjDyu.o
 .debug_frame   0x0000000000000038       0x38 /tmp/ccZxAglC.o
 .debug_frame   0x0000000000000070       0x20 /usr/lib/gcc/arm-none-eabi/4.9.3/../../../arm-none-eabi/lib/armv7e-m/libg.a(lib_a-atexit.o)
 .debug_frame   0x0000000000000090       0x28 /usr/lib/gcc/arm-none-eabi/4.9.3/../../../arm-none-eabi/lib/armv7e-m/libg.a(lib_a-exit.o)
 .debug_frame   0x00000000000000b8       0x34 /usr/lib/gcc/arm-none-eabi/4.9.3/../../../arm-none-eabi/lib/armv7e-m/libg.a(lib_a-fini.o)
 .debug_frame   0x00000000000000ec       0x2c /usr/lib/gcc/arm-none-eabi/4.9.3/../../../arm-none-eabi/lib/armv7e-m/libg.a(lib_a-init.o)
 .debug_frame   0x0000000000000118       0x30 /usr/lib/gcc/arm-none-eabi/4.9.3/../../../arm-none-eabi/lib/armv7e-m/libg.a(lib_a-malloc.o)
 .debug_frame   0x0000000000000148       0x58 /usr/lib/gcc/arm-none-eabi/4.9.3/../../../arm-none-eabi/lib/armv7e-m/libg.a(lib_a-mallocr.o)
 .debug_frame   0x00000000000001a0       0x34 /usr/lib/gcc/arm-none-eabi/4.9.3/../../../arm-none-eabi/lib/armv7e-m/libg.a(lib_a-memset.o)
 .debug_frame   0x00000000000001d4       0x30 /usr/lib/gcc/arm-none-eabi/4.9.3/../../../arm-none-eabi/lib/armv7e-m/libg.a(lib_a-mlock.o)
 .debug_frame   0x0000000000000204       0x2c /usr/lib/gcc/arm-none-eabi/4.9.3/../../../arm-none-eabi/lib/armv7e-m/libg.a(lib_a-sbrkr.o)
 .debug_frame   0x0000000000000230       0x34 /usr/lib/gcc/arm-none-eabi/4.9.3/../../../arm-none-eabi/lib/armv7e-m/libg.a(lib_a-__atexit.o)
 .debug_frame   0x0000000000000264       0x50 /usr/lib/gcc/arm-none-eabi/4.9.3/../../../arm-none-eabi/lib/armv7e-m/libg.a(lib_a-__call_atexit.o)
 .debug_frame   0x00000000000002b4       0x74 /usr/lib/gcc/arm-none-eabi/4.9.3/../../../arm-none-eabi/lib/armv7e-m/libg.a(lib_a-freer.o)
 .debug_frame   0x0000000000000328       0x58 /usr/lib/gcc/arm-none-eabi/4.9.3/../../../arm-none-eabi/lib/armv7e-m/libg.a(lib_a-reent.o)
 .debug_frame   0x0000000000000380       0x20 /usr/lib/gcc/arm-none-eabi/4.9.3/../../../arm-none-eabi/lib/armv7e-m/libnosys.a(sbrk.o)
 .debug_frame   0x00000000000003a0       0x20 /usr/lib/gcc/arm-none-eabi/4.9.3/../../../arm-none-eabi/lib/armv7e-m/libnosys.a(_exit.o)

.debug_str      0x0000000000000000      0xe0d
 *(.debug_str)
 .debug_str     0x0000000000000000       0xdf /tmp/ccXmjDyu.o
                                        0x118 (size before relaxing)
 .debug_str     0x00000000000000df        0x7 /tmp/ccZxAglC.o
                                         0xa1 (size before relaxing)
 .debug_str     0x00000000000000e6      0x162 /usr/lib/gcc/arm-none-eabi/4.9.3/../../../arm-none-eabi/lib/armv7e-m/libg.a(lib_a-atexit.o)
                                        0x1fb (size before relaxing)
 .debug_str     0x0000000000000248      0x3d7 /usr/lib/gcc/arm-none-eabi/4.9.3/../../../arm-none-eabi/lib/armv7e-m/libg.a(lib_a-exit.o)
                                        0x598 (size before relaxing)
 .debug_str     0x000000000000061f       0xcb /usr/lib/gcc/arm-none-eabi/4.9.3/../../../arm-none-eabi/lib/armv7e-m/libg.a(lib_a-fini.o)
                                        0x1f3 (size before relaxing)
 .debug_str     0x00000000000006ea       0x9e /usr/lib/gcc/arm-none-eabi/4.9.3/../../../arm-none-eabi/lib/armv7e-m/libg.a(lib_a-impure.o)
                                        0x58f (size before relaxing)
 .debug_str     0x0000000000000788       0x90 /usr/lib/gcc/arm-none-eabi/4.9.3/../../../arm-none-eabi/lib/armv7e-m/libg.a(lib_a-init.o)
                                        0x21d (size before relaxing)
 .debug_str     0x0000000000000818       0x51 /usr/lib/gcc/arm-none-eabi/4.9.3/../../../arm-none-eabi/lib/armv7e-m/libg.a(lib_a-malloc.o)
                                        0x5a3 (size before relaxing)
 .debug_str     0x0000000000000869      0x221 /usr/lib/gcc/arm-none-eabi/4.9.3/../../../arm-none-eabi/lib/armv7e-m/libg.a(lib_a-mallocr.o)
                                        0x79e (size before relaxing)
 .debug_str     0x0000000000000a8a       0xaf /usr/lib/gcc/arm-none-eabi/4.9.3/../../../arm-none-eabi/lib/armv7e-m/libg.a(lib_a-memset.o)
                                        0x1d2 (size before relaxing)
 .debug_str     0x0000000000000b39       0x42 /usr/lib/gcc/arm-none-eabi/4.9.3/../../../arm-none-eabi/lib/armv7e-m/libg.a(lib_a-mlock.o)
                                        0x598 (size before relaxing)
 .debug_str     0x0000000000000b7b       0x37 /usr/lib/gcc/arm-none-eabi/4.9.3/../../../arm-none-eabi/lib/armv7e-m/libg.a(lib_a-sbrkr.o)
                                        0x586 (size before relaxing)
 .debug_str     0x0000000000000bb2       0x30 /usr/lib/gcc/arm-none-eabi/4.9.3/../../../arm-none-eabi/lib/armv7e-m/libg.a(lib_a-__atexit.o)
                                        0x5d7 (size before relaxing)
 .debug_str     0x0000000000000be2       0x6b /usr/lib/gcc/arm-none-eabi/4.9.3/../../../arm-none-eabi/lib/armv7e-m/libg.a(lib_a-__call_atexit.o)
                                        0x5ef (size before relaxing)
 .debug_str     0x0000000000000c4d       0x34 /usr/lib/gcc/arm-none-eabi/4.9.3/../../../arm-none-eabi/lib/armv7e-m/libg.a(lib_a-freer.o)
                                        0x6e8 (size before relaxing)
 .debug_str     0x0000000000000c81       0x58 /usr/lib/gcc/arm-none-eabi/4.9.3/../../../arm-none-eabi/lib/armv7e-m/libg.a(lib_a-reent.o)
                                        0x5ae (size before relaxing)
 .debug_str     0x0000000000000cd9      0x10b /usr/lib/gcc/arm-none-eabi/4.9.3/../../../arm-none-eabi/lib/armv7e-m/libnosys.a(sbrk.o)
                                        0x124 (size before relaxing)
 .debug_str     0x0000000000000de4       0x29 /usr/lib/gcc/arm-none-eabi/4.9.3/../../../arm-none-eabi/lib/armv7e-m/libnosys.a(_exit.o)
                                        0x104 (size before relaxing)

.debug_loc      0x0000000000000000     0x1a83
 *(.debug_loc)
 .debug_loc     0x0000000000000000       0x2c /usr/lib/gcc/arm-none-eabi/4.9.3/../../../arm-none-eabi/lib/armv7e-m/libg.a(lib_a-atexit.o)
 .debug_loc     0x000000000000002c       0x1e /usr/lib/gcc/arm-none-eabi/4.9.3/../../../arm-none-eabi/lib/armv7e-m/libg.a(lib_a-exit.o)
 .debug_loc     0x000000000000004a       0x5c /usr/lib/gcc/arm-none-eabi/4.9.3/../../../arm-none-eabi/lib/armv7e-m/libg.a(lib_a-fini.o)
 .debug_loc     0x00000000000000a6       0xae /usr/lib/gcc/arm-none-eabi/4.9.3/../../../arm-none-eabi/lib/armv7e-m/libg.a(lib_a-init.o)
 .debug_loc     0x0000000000000154       0x58 /usr/lib/gcc/arm-none-eabi/4.9.3/../../../arm-none-eabi/lib/armv7e-m/libg.a(lib_a-malloc.o)
 .debug_loc     0x00000000000001ac      0xdc4 /usr/lib/gcc/arm-none-eabi/4.9.3/../../../arm-none-eabi/lib/armv7e-m/libg.a(lib_a-mallocr.o)
 .debug_loc     0x0000000000000f70      0x1ae /usr/lib/gcc/arm-none-eabi/4.9.3/../../../arm-none-eabi/lib/armv7e-m/libg.a(lib_a-memset.o)
 .debug_loc     0x000000000000111e       0x4d /usr/lib/gcc/arm-none-eabi/4.9.3/../../../arm-none-eabi/lib/armv7e-m/libg.a(lib_a-sbrkr.o)
 .debug_loc     0x000000000000116b      0x197 /usr/lib/gcc/arm-none-eabi/4.9.3/../../../arm-none-eabi/lib/armv7e-m/libg.a(lib_a-__atexit.o)
 .debug_loc     0x0000000000001302      0x146 /usr/lib/gcc/arm-none-eabi/4.9.3/../../../arm-none-eabi/lib/armv7e-m/libg.a(lib_a-__call_atexit.o)
 .debug_loc     0x0000000000001448      0x4fd /usr/lib/gcc/arm-none-eabi/4.9.3/../../../arm-none-eabi/lib/armv7e-m/libg.a(lib_a-freer.o)
 .debug_loc     0x0000000000001945      0x11d /usr/lib/gcc/arm-none-eabi/4.9.3/../../../arm-none-eabi/lib/armv7e-m/libg.a(lib_a-reent.o)
 .debug_loc     0x0000000000001a62       0x21 /usr/lib/gcc/arm-none-eabi/4.9.3/../../../arm-none-eabi/lib/armv7e-m/libnosys.a(sbrk.o)

.debug_macinfo
 *(.debug_macinfo)

.debug_weaknames
 *(.debug_weaknames)

.debug_funcnames
 *(.debug_funcnames)

.debug_typenames
 *(.debug_typenames)

.debug_varnames
 *(.debug_varnames)

.debug_pubtypes
 *(.debug_pubtypes)

.debug_ranges   0x0000000000000000      0x170
 *(.debug_ranges)
 .debug_ranges  0x0000000000000000       0x10 /usr/lib/gcc/arm-none-eabi/4.9.3/../../../arm-none-eabi/lib/armv7e-m/libg.a(lib_a-atexit.o)
 .debug_ranges  0x0000000000000010       0x10 /usr/lib/gcc/arm-none-eabi/4.9.3/../../../arm-none-eabi/lib/armv7e-m/libg.a(lib_a-exit.o)
 .debug_ranges  0x0000000000000020       0x10 /usr/lib/gcc/arm-none-eabi/4.9.3/../../../arm-none-eabi/lib/armv7e-m/libg.a(lib_a-fini.o)
 .debug_ranges  0x0000000000000030       0x10 /usr/lib/gcc/arm-none-eabi/4.9.3/../../../arm-none-eabi/lib/armv7e-m/libg.a(lib_a-init.o)
 .debug_ranges  0x0000000000000040       0x18 /usr/lib/gcc/arm-none-eabi/4.9.3/../../../arm-none-eabi/lib/armv7e-m/libg.a(lib_a-malloc.o)
 .debug_ranges  0x0000000000000058       0x50 /usr/lib/gcc/arm-none-eabi/4.9.3/../../../arm-none-eabi/lib/armv7e-m/libg.a(lib_a-mallocr.o)
 .debug_ranges  0x00000000000000a8       0x10 /usr/lib/gcc/arm-none-eabi/4.9.3/../../../arm-none-eabi/lib/armv7e-m/libg.a(lib_a-memset.o)
 .debug_ranges  0x00000000000000b8       0x18 /usr/lib/gcc/arm-none-eabi/4.9.3/../../../arm-none-eabi/lib/armv7e-m/libg.a(lib_a-mlock.o)
 .debug_ranges  0x00000000000000d0       0x10 /usr/lib/gcc/arm-none-eabi/4.9.3/../../../arm-none-eabi/lib/armv7e-m/libg.a(lib_a-sbrkr.o)
 .debug_ranges  0x00000000000000e0       0x10 /usr/lib/gcc/arm-none-eabi/4.9.3/../../../arm-none-eabi/lib/armv7e-m/libg.a(lib_a-__atexit.o)
 .debug_ranges  0x00000000000000f0       0x30 /usr/lib/gcc/arm-none-eabi/4.9.3/../../../arm-none-eabi/lib/armv7e-m/libg.a(lib_a-__call_atexit.o)
 .debug_ranges  0x0000000000000120       0x18 /usr/lib/gcc/arm-none-eabi/4.9.3/../../../arm-none-eabi/lib/armv7e-m/libg.a(lib_a-freer.o)
 .debug_ranges  0x0000000000000138       0x18 /usr/lib/gcc/arm-none-eabi/4.9.3/../../../arm-none-eabi/lib/armv7e-m/libg.a(lib_a-reent.o)
 .debug_ranges  0x0000000000000150       0x10 /usr/lib/gcc/arm-none-eabi/4.9.3/../../../arm-none-eabi/lib/armv7e-m/libnosys.a(sbrk.o)
 .debug_ranges  0x0000000000000160       0x10 /usr/lib/gcc/arm-none-eabi/4.9.3/../../../arm-none-eabi/lib/armv7e-m/libnosys.a(_exit.o)

.debug_macro
 *(.debug_macro)

.stack          0x0000000000080000        0x0
                0x0000000000080000                _stack = .
 *(.stack)

.ARM.attributes
                0x0000000000000000       0x2a
 *(.ARM.attributes)
 .ARM.attributes
                0x0000000000000000       0x1e /usr/lib/gcc/arm-none-eabi/4.9.3/armv7e-m/crti.o
 .ARM.attributes
                0x000000000000001e       0x2e /usr/lib/gcc/arm-none-eabi/4.9.3/armv7e-m/crtbegin.o
 .ARM.attributes
                0x000000000000004c       0x1c /usr/lib/gcc/arm-none-eabi/4.9.3/../../../arm-none-eabi/lib/armv7e-m/crt0.o
 .ARM.attributes
                0x0000000000000068       0x33 /tmp/ccXmjDyu.o
 .ARM.attributes
                0x000000000000009b       0x33 /tmp/ccZxAglC.o
 .ARM.attributes
                0x00000000000000ce       0x2e /usr/lib/gcc/arm-none-eabi/4.9.3/../../../arm-none-eabi/lib/armv7e-m/libg.a(lib_a-atexit.o)
 .ARM.attributes
                0x00000000000000fc       0x2e /usr/lib/gcc/arm-none-eabi/4.9.3/../../../arm-none-eabi/lib/armv7e-m/libg.a(lib_a-exit.o)
 .ARM.attributes
                0x000000000000012a       0x2e /usr/lib/gcc/arm-none-eabi/4.9.3/../../../arm-none-eabi/lib/armv7e-m/libg.a(lib_a-fini.o)
 .ARM.attributes
                0x0000000000000158       0x2e /usr/lib/gcc/arm-none-eabi/4.9.3/../../../arm-none-eabi/lib/armv7e-m/libg.a(lib_a-impure.o)
 .ARM.attributes
                0x0000000000000186       0x2e /usr/lib/gcc/arm-none-eabi/4.9.3/../../../arm-none-eabi/lib/armv7e-m/libg.a(lib_a-init.o)
 .ARM.attributes
                0x00000000000001b4       0x2e /usr/lib/gcc/arm-none-eabi/4.9.3/../../../arm-none-eabi/lib/armv7e-m/libg.a(lib_a-malloc.o)
 .ARM.attributes
                0x00000000000001e2       0x2e /usr/lib/gcc/arm-none-eabi/4.9.3/../../../arm-none-eabi/lib/armv7e-m/libg.a(lib_a-mallocr.o)
 .ARM.attributes
                0x0000000000000210       0x2e /usr/lib/gcc/arm-none-eabi/4.9.3/../../../arm-none-eabi/lib/armv7e-m/libg.a(lib_a-memset.o)
 .ARM.attributes
                0x000000000000023e       0x2e /usr/lib/gcc/arm-none-eabi/4.9.3/../../../arm-none-eabi/lib/armv7e-m/libg.a(lib_a-mlock.o)
 .ARM.attributes
                0x000000000000026c       0x2e /usr/lib/gcc/arm-none-eabi/4.9.3/../../../arm-none-eabi/lib/armv7e-m/libg.a(lib_a-sbrkr.o)
 .ARM.attributes
                0x000000000000029a       0x2e /usr/lib/gcc/arm-none-eabi/4.9.3/../../../arm-none-eabi/lib/armv7e-m/libg.a(lib_a-__atexit.o)
 .ARM.attributes
                0x00000000000002c8       0x2e /usr/lib/gcc/arm-none-eabi/4.9.3/../../../arm-none-eabi/lib/armv7e-m/libg.a(lib_a-__call_atexit.o)
 .ARM.attributes
                0x00000000000002f6       0x2e /usr/lib/gcc/arm-none-eabi/4.9.3/../../../arm-none-eabi/lib/armv7e-m/libg.a(lib_a-freer.o)
 .ARM.attributes
                0x0000000000000324       0x2e /usr/lib/gcc/arm-none-eabi/4.9.3/../../../arm-none-eabi/lib/armv7e-m/libg.a(lib_a-reent.o)
 .ARM.attributes
                0x0000000000000352       0x2e /usr/lib/gcc/arm-none-eabi/4.9.3/../../../arm-none-eabi/lib/armv7e-m/libnosys.a(sbrk.o)
 .ARM.attributes
                0x0000000000000380       0x2e /usr/lib/gcc/arm-none-eabi/4.9.3/../../../arm-none-eabi/lib/armv7e-m/libnosys.a(_exit.o)
 .ARM.attributes
                0x00000000000003ae       0x2e /usr/lib/gcc/arm-none-eabi/4.9.3/armv7e-m/crtend.o
 .ARM.attributes
                0x00000000000003dc       0x1e /usr/lib/gcc/arm-none-eabi/4.9.3/armv7e-m/crtn.o
 *(.gnu.attributes)

.note.gnu.arm.ident
 *(.note.gnu.arm.ident)

/DISCARD/
 *(.note.GNU-stack)
 *(.gnu_debuglink)
 *(.gnu.lto_*)
OUTPUT(main.out elf32-littlearm)
