<html>
<body>
<pre>
<h1>µVision Build Log</h1>
<h2>Project:</h2>
C:\Users\uie94579\Documents\Personal\BaidonGitRepository\BaidonRoadmap\MultiThreadedInterfaceUTAustin\Lab14_MeasurementOfDistance\Lab14.uvproj
Project File Date:  03/28/2022

<h2>Output:</h2>
Build target 'Lab14'
compiling MeasurementOfDistance.c...
linking...
Program Size: Code=6832 RO-data=7088 RW-data=124 ZI-data=1756  
".\Lab14.axf" - 0 Error(s), 0 Warning(s).

Program Size: Code=6300 RO-data=7088 RW-data=124 ZI-data=1756  
".\Lab14.axf" - 0 Error(s), 1 Warning(s).
 main (referred from rtentry2.o).
Not enough information to list image symbols.
Finished: 1 information, 0 warning and 1 error messages.
".\Lab14.axf" - 1 Error(s), 1 Warning(s).
Target not created
