ARM Linker, 5.03 [Build 76] [MDK-ARM Lite]

==============================================================================

Section Cross References

    startup.o(STACK) refers (Special) to heapauxi.o(.text) for __use_two_region_memory
    startup.o(HEAP) refers (Special) to heapauxi.o(.text) for __use_two_region_memory
    startup.o(RESET) refers (Special) to heapauxi.o(.text) for __use_two_region_memory
    startup.o(RESET) refers to startup.o(STACK) for StackMem
    startup.o(RESET) refers to systick.o(i.SysTick_Handler) for SysTick_Handler
    startup.o(RESET) refers to timer.o(i.Timer0A_Handler) for Timer0A_Handler
    startup.o(RESET) refers to timer.o(i.Timer2A_Handler) for Timer2A_Handler
    startup.o(RESET) refers to texas.o(i.Timer4A_Handler) for Timer4A_Handler
    startup.o(RESET) refers to texas.o(i.Timer5A_Handler) for Timer5A_Handler
    startup.o(RESET) refers to __main.o(!!!main) for __main
    startup.o(.text) refers (Special) to heapauxi.o(.text) for __use_two_region_memory
    startup.o(.text) refers to startup.o(HEAP) for HeapMem
    startup.o(.text) refers to startup.o(STACK) for StackMem
    nokia5110.o(i.Nokia5110_Clear) refers to nokia5110.o(i.lcdwrite) for lcdwrite
    nokia5110.o(i.Nokia5110_Clear) refers to nokia5110.o(i.Nokia5110_SetCursor) for Nokia5110_SetCursor
    nokia5110.o(i.Nokia5110_ClearBuffer) refers to nokia5110.o(.bss) for Screen
    nokia5110.o(i.Nokia5110_ClearPixel) refers to nokia5110.o(.bss) for Screen
    nokia5110.o(i.Nokia5110_DisplayBuffer) refers to nokia5110.o(i.Nokia5110_DrawFullImage) for Nokia5110_DrawFullImage
    nokia5110.o(i.Nokia5110_DisplayBuffer) refers to nokia5110.o(.bss) for Screen
    nokia5110.o(i.Nokia5110_DrawFullImage) refers to nokia5110.o(i.Nokia5110_SetCursor) for Nokia5110_SetCursor
    nokia5110.o(i.Nokia5110_DrawFullImage) refers to nokia5110.o(i.lcdwrite) for lcdwrite
    nokia5110.o(i.Nokia5110_Init) refers to nokia5110.o(i.lcdwrite) for lcdwrite
    nokia5110.o(i.Nokia5110_OutChar) refers to nokia5110.o(i.lcdwrite) for lcdwrite
    nokia5110.o(i.Nokia5110_OutChar) refers to nokia5110.o(.constdata) for ASCII
    nokia5110.o(i.Nokia5110_OutString) refers to nokia5110.o(i.Nokia5110_OutChar) for Nokia5110_OutChar
    nokia5110.o(i.Nokia5110_OutUDec) refers to nokia5110.o(i.Nokia5110_OutString) for Nokia5110_OutString
    nokia5110.o(i.Nokia5110_OutUDec) refers to nokia5110.o(i.Nokia5110_OutChar) for Nokia5110_OutChar
    nokia5110.o(i.Nokia5110_PrintBMP) refers to nokia5110.o(.bss) for Screen
    nokia5110.o(i.Nokia5110_SetCursor) refers to nokia5110.o(i.lcdwrite) for lcdwrite
    nokia5110.o(i.Nokia5110_SetPixel) refers to nokia5110.o(.bss) for Screen
    random.o(.text) refers to random.o(DATA) for M
    spaceinvaders.o(i.main) refers to texas.o(i.TExaS_Init) for TExaS_Init
    spaceinvaders.o(i.main) refers to gameengine.o(i.GameEngine_Init) for GameEngine_Init
    spaceinvaders.o(i.main) refers to startup.o(.text) for EnableInterrupts
    spaceinvaders.o(i.main) refers to gameengine.o(i.GameEngine_MainEngine) for GameEngine_MainEngine
    spaceinvaders.o(i.main) refers to spaceinvaders.o(i.Delay10ms) for Delay10ms
    texas.o(i.SetCode) refers to texas.o(.bss) for TExaS
    texas.o(i.SetCourse) refers to texas.o(.bss) for TExaS
    texas.o(i.SetMode) refers to texas.o(.bss) for TExaS
    texas.o(i.StartTimer4) refers to texas.o(.data) for ScopeCount
    texas.o(i.TExaS_Init) refers to texas.o(i.PLL_Init) for PLL_Init
    texas.o(i.TExaS_Init) refers to texas.o(i.SetCourse) for SetCourse
    texas.o(i.TExaS_Init) refers to texas.o(i.UART0_Init) for UART0_Init
    texas.o(i.TExaS_Init) refers to texas.o(i.SetCode) for SetCode
    texas.o(i.TExaS_Init) refers to texas.o(i.ADC1_Init) for ADC1_Init
    texas.o(i.TExaS_Init) refers to texas.o(.constdata) for IntroMsg
    texas.o(i.TExaS_Init) refers to texas.o(.bss) for TExaS
    texas.o(i.TExaS_Init) refers to texas.o(.data) for LastMode
    texas.o(i.Timer5A_Handler) refers to texas.o(i.ADC1_In) for ADC1_In
    texas.o(i.Timer5A_Handler) refers to texas.o(.data) for TExaS_Period
    conversion.o(i.ConvertDistance) refers to spaceinvaders.o(.bss) for String
    systick.o(i.SysTick_Handler) refers to systick.o(.data) for CallbackFunction
    systick.o(i.SysTick_Init) refers to systick.o(.data) for CallbackFunction
    timer.o(i.Timer0A_Handler) refers to timer.o(.data) for Timer_MoveInvaders
    timer.o(i.Timer2A_Handler) refers to timer.o(.data) for Timer_ReadInput
    timer.o(i.Timer_InitTimers) refers to timer.o(i.Timer2_Init) for Timer2_Init
    timer.o(i.Timer_InitTimers) refers to timer.o(i.Timer0_Init) for Timer0_Init
    timer.o(i.Timer_InitTimers) refers to timer.o(.data) for Timer_ReadInput
    sound.o(i.Play) refers to dac.o(i.DAC_Out) for DAC_Out
    sound.o(i.Play) refers to sound.o(i.Sound_TurnOff) for Sound_TurnOff
    sound.o(i.Play) refers to sound.o(.data) for CountWave
    sound.o(i.Sound_Explosion) refers to sound.o(i.Sound_Play) for Sound_Play
    sound.o(i.Sound_Explosion) refers to sound.o(.constdata) for explosion
    sound.o(i.Sound_Fastinvader1) refers to sound.o(i.Sound_Play) for Sound_Play
    sound.o(i.Sound_Fastinvader1) refers to sound.o(.constdata) for fastinvader1
    sound.o(i.Sound_Fastinvader2) refers to sound.o(i.Sound_Play) for Sound_Play
    sound.o(i.Sound_Fastinvader2) refers to sound.o(.constdata) for fastinvader2
    sound.o(i.Sound_Fastinvader3) refers to sound.o(i.Sound_Play) for Sound_Play
    sound.o(i.Sound_Fastinvader3) refers to sound.o(.constdata) for fastinvader3
    sound.o(i.Sound_Fastinvader4) refers to sound.o(i.Sound_Play) for Sound_Play
    sound.o(i.Sound_Fastinvader4) refers to sound.o(.constdata) for fastinvader4
    sound.o(i.Sound_Highpitch) refers to sound.o(i.Sound_Play) for Sound_Play
    sound.o(i.Sound_Highpitch) refers to sound.o(.constdata) for highpitch
    sound.o(i.Sound_Init) refers to dac.o(i.DAC_Init) for DAC_Init
    sound.o(i.Sound_Init) refers to systick.o(i.SysTick_Init) for SysTick_Init
    sound.o(i.Sound_Init) refers to sound.o(i.Play) for Play
    sound.o(i.Sound_Init) refers to sound.o(.data) for Index
    sound.o(i.Sound_Killed) refers to sound.o(i.Sound_Play) for Sound_Play
    sound.o(i.Sound_Killed) refers to sound.o(.constdata) for invaderkilled
    sound.o(i.Sound_Play) refers to sound.o(.data) for Wave
    sound.o(i.Sound_Shoot) refers to sound.o(i.Sound_Play) for Sound_Play
    sound.o(i.Sound_Shoot) refers to sound.o(.constdata) for shoot
    sprites.o(i.Sprites_AdvanceEnemies) refers to sprites.o(.bss) for Enemy
    sprites.o(i.Sprites_Draw) refers to nokia5110.o(i.Nokia5110_ClearBuffer) for Nokia5110_ClearBuffer
    sprites.o(i.Sprites_Draw) refers to nokia5110.o(i.Nokia5110_PrintBMP) for Nokia5110_PrintBMP
    sprites.o(i.Sprites_Draw) refers to nokia5110.o(i.Nokia5110_DisplayBuffer) for Nokia5110_DisplayBuffer
    sprites.o(i.Sprites_Draw) refers to sprites.o(.bss) for Enemy
    sprites.o(i.Sprites_Init) refers to sprites.o(.bss) for Enemy
    sprites.o(i.Sprites_Init) refers to sprites.o(.constdata) for SmallEnemy30PointA
    sprites.o(i.Sprites_Move) refers to sprites.o(i.Sprites_MoveEnemies) for Sprites_MoveEnemies
    sprites.o(i.Sprites_Move) refers to sprites.o(i.Sprites_MoveMissile) for Sprites_MoveMissile
    sprites.o(i.Sprites_MoveEnemies) refers to sprites.o(i.Sprites_AdvanceEnemies) for Sprites_AdvanceEnemies
    sprites.o(i.Sprites_MoveEnemies) refers to sprites.o(.data) for invadersDirection
    sprites.o(i.Sprites_MoveEnemies) refers to sprites.o(.bss) for Enemy
    sprites.o(i.Sprites_MoveMissile) refers to sprites.o(.bss) for Missile
    sprites.o(i.Sprites_MovePlayerShip) refers to sprites.o(.bss) for Sprites_PlayerShip
    sprites.o(i.Sprites_SendMissile) refers to sprites.o(.bss) for Missile
    sprites.o(i.Sprites_SendMissile) refers to sprites.o(.constdata) for Missile1
    gameengine.o(i.GameEngine_Attack) refers to gameengine.o(i.GameEngine_performFire) for GameEngine_performFire
    gameengine.o(i.GameEngine_Attack) refers to gameengine.o(i.GameEngine_performSpecialAttack) for GameEngine_performSpecialAttack
    gameengine.o(i.GameEngine_CheckGameOver) refers to nokia5110.o(i.Nokia5110_Clear) for Nokia5110_Clear
    gameengine.o(i.GameEngine_CheckGameOver) refers to nokia5110.o(i.Nokia5110_SetCursor) for Nokia5110_SetCursor
    gameengine.o(i.GameEngine_CheckGameOver) refers to nokia5110.o(i.Nokia5110_OutString) for Nokia5110_OutString
    gameengine.o(i.GameEngine_CheckGameOver) refers to sprites.o(.bss) for Enemy
    gameengine.o(i.GameEngine_DestroyInvader) refers to sprites.o(.bss) for Missile
    gameengine.o(i.GameEngine_GetEnemiesLife) refers to sprites.o(.bss) for Enemy
    gameengine.o(i.GameEngine_Init) refers to gpio.o(i.GPIO_ButtonsInit) for GPIO_ButtonsInit
    gameengine.o(i.GameEngine_Init) refers to gpio.o(i.GPIO_IndicatorInit) for GPIO_IndicatorInit
    gameengine.o(i.GameEngine_Init) refers to adc.o(i.ADC0_Init) for ADC0_Init
    gameengine.o(i.GameEngine_Init) refers to timer.o(i.Timer_InitTimers) for Timer_InitTimers
    gameengine.o(i.GameEngine_Init) refers to sound.o(i.Sound_Init) for Sound_Init
    gameengine.o(i.GameEngine_Init) refers to gameengine.o(i.GameEngine_SenseCursorPosition) for GameEngine_SenseCursorPosition
    gameengine.o(i.GameEngine_Init) refers to gameengine.o(i.GameEngine_MovePlayerShip) for GameEngine_MovePlayerShip
    gameengine.o(i.GameEngine_Init) refers to gameengine.o(i.GameEngine_InitDisplay) for GameEngine_InitDisplay
    gameengine.o(i.GameEngine_Init) refers to gpio.o(i.GPIO_FireButtonIn) for GPIO_FireButtonIn
    gameengine.o(i.GameEngine_Init) refers to gpio.o(i.GPIO_SpecialButtonIn) for GPIO_SpecialButtonIn
    gameengine.o(i.GameEngine_Init) refers to gameengine.o(.data) for GameEngine_ADCData
    gameengine.o(i.GameEngine_Init) refers to sprites.o(i.Sprites_Move) for Sprites_Move
    gameengine.o(i.GameEngine_Init) refers to gameengine.o(i.GameEngine_SenseInput) for GameEngine_SenseInput
    gameengine.o(i.GameEngine_Init) refers to gameengine.o(.bss) for GameEngine_FireButton
    gameengine.o(i.GameEngine_InitDisplay) refers to nokia5110.o(i.Nokia5110_Init) for Nokia5110_Init
    gameengine.o(i.GameEngine_InitDisplay) refers to sprites.o(i.Sprites_Init) for Sprites_Init
    gameengine.o(i.GameEngine_InitDisplay) refers to sprites.o(i.Sprites_Draw) for Sprites_Draw
    gameengine.o(i.GameEngine_InitDisplay) refers to gameengine.o(.data) for GameEngine_ShipPosition
    gameengine.o(i.GameEngine_MainEngine) refers to gameengine.o(i.GameEngine_Attack) for GameEngine_Attack
    gameengine.o(i.GameEngine_MainEngine) refers to gameengine.o(i.GameEngine_MovePlayerShip) for GameEngine_MovePlayerShip
    gameengine.o(i.GameEngine_MainEngine) refers to gameengine.o(i.GameEngine_DestroyInvader) for GameEngine_DestroyInvader
    gameengine.o(i.GameEngine_MainEngine) refers to gameengine.o(i.GameEngine_RefreshScreen) for GameEngine_RefreshScreen
    gameengine.o(i.GameEngine_MainEngine) refers to gameengine.o(i.GameEngine_CheckGameOver) for GameEngine_CheckGameOver
    gameengine.o(i.GameEngine_MovePlayerShip) refers to conversion.o(i.Convert) for Convert
    gameengine.o(i.GameEngine_MovePlayerShip) refers to sprites.o(i.Sprites_MovePlayerShip) for Sprites_MovePlayerShip
    gameengine.o(i.GameEngine_MovePlayerShip) refers to gameengine.o(.data) for GameEngine_ADCData
    gameengine.o(i.GameEngine_RefreshScreen) refers to nokia5110.o(i.Nokia5110_Clear) for Nokia5110_Clear
    gameengine.o(i.GameEngine_RefreshScreen) refers to sprites.o(i.Sprites_Draw) for Sprites_Draw
    gameengine.o(i.GameEngine_RefreshScreen) refers to timer.o(.data) for Timer_EnemiesPositionUpdated
    gameengine.o(i.GameEngine_SenseCursorPosition) refers to adc.o(i.ADC0_In) for ADC0_In
    gameengine.o(i.GameEngine_SenseCursorPosition) refers to gameengine.o(.data) for GameEngine_ADCData
    gameengine.o(i.GameEngine_SenseFireButton) refers to gpio.o(i.GPIO_FireButtonIn) for GPIO_FireButtonIn
    gameengine.o(i.GameEngine_SenseFireButton) refers to gameengine.o(.bss) for GameEngine_FireButton
    gameengine.o(i.GameEngine_SenseInput) refers to gameengine.o(i.GameEngine_SenseFireButton) for GameEngine_SenseFireButton
    gameengine.o(i.GameEngine_SenseInput) refers to gameengine.o(i.GameEngine_SenseSpecialButton) for GameEngine_SenseSpecialButton
    gameengine.o(i.GameEngine_SenseInput) refers to gameengine.o(i.GameEngine_SenseCursorPosition) for GameEngine_SenseCursorPosition
    gameengine.o(i.GameEngine_SenseSpecialButton) refers to gpio.o(i.GPIO_SpecialButtonIn) for GPIO_SpecialButtonIn
    gameengine.o(i.GameEngine_SenseSpecialButton) refers to gameengine.o(.bss) for GameEngine_SpecialButton
    gameengine.o(i.GameEngine_performFire) refers to gpio.o(i.GPIO_TurnOnFireIndicator) for GPIO_TurnOnFireIndicator
    gameengine.o(i.GameEngine_performFire) refers to sound.o(i.Sound_Shoot) for Sound_Shoot
    gameengine.o(i.GameEngine_performFire) refers to sprites.o(i.Sprites_SendMissile) for Sprites_SendMissile
    gameengine.o(i.GameEngine_performFire) refers to gpio.o(i.GPIO_TurnOffFireIndicator) for GPIO_TurnOffFireIndicator
    gameengine.o(i.GameEngine_performFire) refers to gameengine.o(.bss) for GameEngine_FireButton
    gameengine.o(i.GameEngine_performFire) refers to gameengine.o(.data) for GameEngine_ShipPosition
    gameengine.o(i.GameEngine_performSpecialAttack) refers to gpio.o(i.GPIO_TurnOnSpecialIndicator) for GPIO_TurnOnSpecialIndicator
    gameengine.o(i.GameEngine_performSpecialAttack) refers to sound.o(i.Sound_Shoot) for Sound_Shoot
    gameengine.o(i.GameEngine_performSpecialAttack) refers to gpio.o(i.GPIO_TurnOffSpecialIndicator) for GPIO_TurnOffSpecialIndicator
    gameengine.o(i.GameEngine_performSpecialAttack) refers to gameengine.o(.bss) for GameEngine_SpecialButton
    __main.o(!!!main) refers to rtentry.o(.ARM.Collect$$rtentry$$00000000) for __rt_entry
    rtentry.o(.ARM.Collect$$rtentry$$00000000) refers (Special) to rtentry2.o(.ARM.Collect$$rtentry$$0000000A) for __rt_entry_li
    rtentry.o(.ARM.Collect$$rtentry$$00000000) refers (Special) to rtentry2.o(.ARM.Collect$$rtentry$$0000000D) for __rt_entry_main
    rtentry.o(.ARM.Collect$$rtentry$$00000000) refers (Special) to rtentry2.o(.ARM.Collect$$rtentry$$0000000C) for __rt_entry_postli_1
    rtentry.o(.ARM.Collect$$rtentry$$00000000) refers (Special) to rtentry2.o(.ARM.Collect$$rtentry$$00000009) for __rt_entry_postsh_1
    rtentry.o(.ARM.Collect$$rtentry$$00000000) refers (Special) to rtentry2.o(.ARM.Collect$$rtentry$$00000002) for __rt_entry_presh_1
    rtentry.o(.ARM.Collect$$rtentry$$00000000) refers (Special) to rtentry4.o(.ARM.Collect$$rtentry$$00000004) for __rt_entry_sh
    rtentry2.o(.ARM.Collect$$rtentry$$00000008) refers to boardinit2.o(.text) for _platform_post_stackheap_init
    rtentry2.o(.ARM.Collect$$rtentry$$0000000A) refers to libinit.o(.ARM.Collect$$libinit$$00000000) for __rt_lib_init
    rtentry2.o(.ARM.Collect$$rtentry$$0000000B) refers to boardinit3.o(.text) for _platform_post_lib_init
    rtentry2.o(.ARM.Collect$$rtentry$$0000000D) refers to spaceinvaders.o(i.main) for main
    rtentry2.o(.ARM.Collect$$rtentry$$0000000D) refers to exit.o(.text) for exit
    rtentry2.o(.ARM.exidx) refers to rtentry2.o(.ARM.Collect$$rtentry$$00000001) for .ARM.Collect$$rtentry$$00000001
    rtentry2.o(.ARM.exidx) refers to rtentry2.o(.ARM.Collect$$rtentry$$00000008) for .ARM.Collect$$rtentry$$00000008
    rtentry2.o(.ARM.exidx) refers to rtentry2.o(.ARM.Collect$$rtentry$$0000000A) for .ARM.Collect$$rtentry$$0000000A
    rtentry2.o(.ARM.exidx) refers to rtentry2.o(.ARM.Collect$$rtentry$$0000000B) for .ARM.Collect$$rtentry$$0000000B
    rtentry2.o(.ARM.exidx) refers to rtentry2.o(.ARM.Collect$$rtentry$$0000000D) for .ARM.Collect$$rtentry$$0000000D
    rtentry4.o(.ARM.Collect$$rtentry$$00000004) refers to sys_stackheap_outer.o(.text) for __user_setup_stackheap
    rtentry4.o(.ARM.exidx) refers to rtentry4.o(.ARM.Collect$$rtentry$$00000004) for .ARM.Collect$$rtentry$$00000004
    sys_stackheap_outer.o(.text) refers to libspace.o(.text) for __user_perproc_libspace
    sys_stackheap_outer.o(.text) refers to startup.o(.text) for __user_initial_stackheap
    exit.o(.text) refers to rtexit.o(.ARM.Collect$$rtexit$$00000000) for __rt_exit
    libinit.o(.ARM.Collect$$libinit$$00000000) refers (Special) to libinit2.o(.ARM.Collect$$libinit$$0000002C) for __rt_lib_init_alloca_1
    libinit.o(.ARM.Collect$$libinit$$00000000) refers (Special) to libinit2.o(.ARM.Collect$$libinit$$0000002A) for __rt_lib_init_argv_1
    libinit.o(.ARM.Collect$$libinit$$00000000) refers (Special) to libinit2.o(.ARM.Collect$$libinit$$00000019) for __rt_lib_init_atexit_1
    libinit.o(.ARM.Collect$$libinit$$00000000) refers (Special) to libinit2.o(.ARM.Collect$$libinit$$0000001F) for __rt_lib_init_clock_1
    libinit.o(.ARM.Collect$$libinit$$00000000) refers (Special) to libinit2.o(.ARM.Collect$$libinit$$00000030) for __rt_lib_init_cpp_1
    libinit.o(.ARM.Collect$$libinit$$00000000) refers (Special) to libinit2.o(.ARM.Collect$$libinit$$0000002E) for __rt_lib_init_exceptions_1
    libinit.o(.ARM.Collect$$libinit$$00000000) refers (Special) to libinit2.o(.ARM.Collect$$libinit$$00000002) for __rt_lib_init_fp_1
    libinit.o(.ARM.Collect$$libinit$$00000000) refers (Special) to libinit2.o(.ARM.Collect$$libinit$$0000001D) for __rt_lib_init_fp_trap_1
    libinit.o(.ARM.Collect$$libinit$$00000000) refers (Special) to libinit2.o(.ARM.Collect$$libinit$$00000021) for __rt_lib_init_getenv_1
    libinit.o(.ARM.Collect$$libinit$$00000000) refers (Special) to libinit2.o(.ARM.Collect$$libinit$$00000008) for __rt_lib_init_heap_1
    libinit.o(.ARM.Collect$$libinit$$00000000) refers (Special) to libinit2.o(.ARM.Collect$$libinit$$0000000F) for __rt_lib_init_lc_collate_1
    libinit.o(.ARM.Collect$$libinit$$00000000) refers (Special) to libinit2.o(.ARM.Collect$$libinit$$00000011) for __rt_lib_init_lc_ctype_1
    libinit.o(.ARM.Collect$$libinit$$00000000) refers (Special) to libinit2.o(.ARM.Collect$$libinit$$00000013) for __rt_lib_init_lc_monetary_1
    libinit.o(.ARM.Collect$$libinit$$00000000) refers (Special) to libinit2.o(.ARM.Collect$$libinit$$00000015) for __rt_lib_init_lc_numeric_1
    libinit.o(.ARM.Collect$$libinit$$00000000) refers (Special) to libinit2.o(.ARM.Collect$$libinit$$00000017) for __rt_lib_init_lc_time_1
    libinit.o(.ARM.Collect$$libinit$$00000000) refers (Special) to libinit2.o(.ARM.Collect$$libinit$$0000000C) for __rt_lib_init_rand_1
    libinit.o(.ARM.Collect$$libinit$$00000000) refers (Special) to libinit2.o(.ARM.Collect$$libinit$$00000031) for __rt_lib_init_return
    libinit.o(.ARM.Collect$$libinit$$00000000) refers (Special) to libinit2.o(.ARM.Collect$$libinit$$0000001B) for __rt_lib_init_signal_1
    libinit.o(.ARM.Collect$$libinit$$00000000) refers (Special) to libinit2.o(.ARM.Collect$$libinit$$00000023) for __rt_lib_init_stdio_1
    libinit.o(.ARM.Collect$$libinit$$00000000) refers (Special) to libinit2.o(.ARM.Collect$$libinit$$0000000A) for __rt_lib_init_user_alloc_1
    libspace.o(.text) refers to libspace.o(.bss) for __libspace_start
    rtexit.o(.ARM.Collect$$rtexit$$00000000) refers (Special) to rtexit2.o(.ARM.Collect$$rtexit$$00000004) for __rt_exit_exit
    rtexit.o(.ARM.Collect$$rtexit$$00000000) refers (Special) to rtexit2.o(.ARM.Collect$$rtexit$$00000003) for __rt_exit_ls
    rtexit.o(.ARM.Collect$$rtexit$$00000000) refers (Special) to rtexit2.o(.ARM.Collect$$rtexit$$00000002) for __rt_exit_prels_1
    rtexit.o(.ARM.exidx) refers (Special) to rtexit2.o(.ARM.Collect$$rtexit$$00000004) for __rt_exit_exit
    rtexit.o(.ARM.exidx) refers (Special) to rtexit2.o(.ARM.Collect$$rtexit$$00000003) for __rt_exit_ls
    rtexit.o(.ARM.exidx) refers (Special) to rtexit2.o(.ARM.Collect$$rtexit$$00000002) for __rt_exit_prels_1
    rtexit.o(.ARM.exidx) refers to rtexit.o(.ARM.Collect$$rtexit$$00000000) for .ARM.Collect$$rtexit$$00000000
    libinit2.o(.ARM.Collect$$libinit$$0000000E) refers to libinit2.o(.ARM.Collect$$libinit$$0000000D) for .ARM.Collect$$libinit$$0000000D
    libinit2.o(.ARM.Collect$$libinit$$00000010) refers to libinit2.o(.ARM.Collect$$libinit$$0000000D) for .ARM.Collect$$libinit$$0000000D
    libinit2.o(.ARM.Collect$$libinit$$00000012) refers to libinit2.o(.ARM.Collect$$libinit$$0000000D) for .ARM.Collect$$libinit$$0000000D
    libinit2.o(.ARM.Collect$$libinit$$00000014) refers to libinit2.o(.ARM.Collect$$libinit$$0000000D) for .ARM.Collect$$libinit$$0000000D
    libinit2.o(.ARM.Collect$$libinit$$00000016) refers to libinit2.o(.ARM.Collect$$libinit$$0000000D) for .ARM.Collect$$libinit$$0000000D
    libinit2.o(.ARM.Collect$$libinit$$00000024) refers to argv_veneer.o(.emb_text) for __ARM_argv_veneer
    libinit2.o(.ARM.Collect$$libinit$$00000025) refers to argv_veneer.o(.emb_text) for __ARM_argv_veneer
    rtexit2.o(.ARM.Collect$$rtexit$$00000003) refers to libshutdown.o(.ARM.Collect$$libshutdown$$00000000) for __rt_lib_shutdown
    rtexit2.o(.ARM.Collect$$rtexit$$00000004) refers to sys_exit.o(.text) for _sys_exit
    rtexit2.o(.ARM.exidx) refers to rtexit2.o(.ARM.Collect$$rtexit$$00000001) for .ARM.Collect$$rtexit$$00000001
    rtexit2.o(.ARM.exidx) refers to rtexit2.o(.ARM.Collect$$rtexit$$00000003) for .ARM.Collect$$rtexit$$00000003
    rtexit2.o(.ARM.exidx) refers to rtexit2.o(.ARM.Collect$$rtexit$$00000004) for .ARM.Collect$$rtexit$$00000004
    argv_veneer.o(.emb_text) refers to no_argv.o(.text) for __ARM_get_argv
    sys_exit.o(.text) refers (Special) to use_no_semi.o(.text) for __I$use$semihosting
    sys_exit.o(.text) refers (Special) to indicate_semi.o(.text) for __semihosting_library_function
    _get_argv_nomalloc.o(.text) refers (Special) to hrguard.o(.text) for __heap_region$guard
    _get_argv_nomalloc.o(.text) refers to defsig_rtmem_outer.o(.text) for __rt_SIGRTMEM
    _get_argv_nomalloc.o(.text) refers to sys_command.o(.text) for _sys_command_string
    libshutdown.o(.ARM.Collect$$libshutdown$$00000000) refers (Special) to libshutdown2.o(.ARM.Collect$$libshutdown$$00000006) for __rt_lib_shutdown_fp_trap_1
    libshutdown.o(.ARM.Collect$$libshutdown$$00000000) refers (Special) to libshutdown2.o(.ARM.Collect$$libshutdown$$0000000E) for __rt_lib_shutdown_heap_1
    libshutdown.o(.ARM.Collect$$libshutdown$$00000000) refers (Special) to libshutdown2.o(.ARM.Collect$$libshutdown$$0000000F) for __rt_lib_shutdown_return
    libshutdown.o(.ARM.Collect$$libshutdown$$00000000) refers (Special) to libshutdown2.o(.ARM.Collect$$libshutdown$$00000009) for __rt_lib_shutdown_signal_1
    libshutdown.o(.ARM.Collect$$libshutdown$$00000000) refers (Special) to libshutdown2.o(.ARM.Collect$$libshutdown$$00000003) for __rt_lib_shutdown_stdio_1
    libshutdown.o(.ARM.Collect$$libshutdown$$00000000) refers (Special) to libshutdown2.o(.ARM.Collect$$libshutdown$$0000000B) for __rt_lib_shutdown_user_alloc_1
    sys_command.o(.text) refers (Special) to use_no_semi.o(.text) for __I$use$semihosting
    sys_command.o(.text) refers (Special) to indicate_semi.o(.text) for __semihosting_library_function
    defsig_rtmem_outer.o(.text) refers to defsig_rtmem_inner.o(.text) for __rt_SIGRTMEM_inner
    defsig_rtmem_outer.o(.text) refers to defsig_exit.o(.text) for __sig_exit
    defsig_rtmem_formal.o(.text) refers to rt_raise.o(.text) for __rt_raise
    rt_raise.o(.text) refers to __raise.o(.text) for __raise
    rt_raise.o(.text) refers to sys_exit.o(.text) for _sys_exit
    defsig_exit.o(.text) refers to sys_exit.o(.text) for _sys_exit
    defsig_rtmem_inner.o(.text) refers to defsig_general.o(.text) for __default_signal_display
    __raise.o(.text) refers to defsig.o(CL$$defsig) for __default_signal_handler
    defsig_general.o(.text) refers to sys_wrch.o(.text) for _ttywrch
    sys_wrch.o(.text) refers (Special) to use_no_semi.o(.text) for __I$use$semihosting
    sys_wrch.o(.text) refers (Special) to indicate_semi.o(.text) for __semihosting_library_function
    defsig.o(CL$$defsig) refers to defsig_rtmem_inner.o(.text) for __rt_SIGRTMEM_inner
    defsig_abrt_inner.o(.text) refers to defsig_general.o(.text) for __default_signal_display
    defsig_fpe_inner.o(.text) refers to defsig_general.o(.text) for __default_signal_display
    defsig_rtred_inner.o(.text) refers to defsig_general.o(.text) for __default_signal_display
    defsig_stak_inner.o(.text) refers to defsig_general.o(.text) for __default_signal_display
    defsig_pvfn_inner.o(.text) refers to defsig_general.o(.text) for __default_signal_display
    defsig_cppl_inner.o(.text) refers to defsig_general.o(.text) for __default_signal_display
    defsig_segv_inner.o(.text) refers to defsig_general.o(.text) for __default_signal_display
    defsig_other.o(.text) refers to defsig_general.o(.text) for __default_signal_display


==============================================================================

Removing Unused input sections from the image.

    Removing nokia5110.o(i.Nokia5110_ClearPixel), (68 bytes).
    Removing nokia5110.o(i.Nokia5110_OutUDec), (412 bytes).
    Removing nokia5110.o(i.Nokia5110_SetPixel), (68 bytes).
    Removing random.o(DATA), (4 bytes).
    Removing random.o(.text), (60 bytes).
    Removing spaceinvaders.o(i.Delay100ms), (36 bytes).
    Removing spaceinvaders.o(.bss), (10 bytes).
    Removing spaceinvaders.o(.constdata), (480 bytes).
    Removing spaceinvaders.o(.data), (4 bytes).
    Removing texas.o(i.SetMode), (24 bytes).
    Removing texas.o(i.StartTimer4), (36 bytes).
    Removing texas.o(i.StopTimer4), (24 bytes).
    Removing texas.o(i.TExaS_Stop), (28 bytes).
    Removing texas.o(i.UART0_InChar), (24 bytes).
    Removing texas.o(i.UART0_InCharNonBlocking), (28 bytes).
    Removing texas.o(i.UART0_OutChar), (24 bytes).
    Removing texas.o(i.UART0_OutCharNonBlock), (12 bytes).
    Removing texas.o(i.copy), (18 bytes).
    Removing conversion.o(i.ConvertDistance), (164 bytes).
    Removing sound.o(i.Sound_Explosion), (20 bytes).
    Removing sound.o(i.Sound_Fastinvader1), (20 bytes).
    Removing sound.o(i.Sound_Fastinvader2), (20 bytes).
    Removing sound.o(i.Sound_Fastinvader3), (20 bytes).
    Removing sound.o(i.Sound_Fastinvader4), (20 bytes).
    Removing sound.o(i.Sound_Highpitch), (20 bytes).
    Removing sound.o(i.Sound_Killed), (20 bytes).
    Removing gameengine.o(i.GameEngine_GetEnemiesLife), (28 bytes).
    Removing gameengine.o(.constdata), (480 bytes).

28 unused section(s) (total 2172 bytes) removed from the image.

==============================================================================

Image Symbol Table

    Local Symbols

    Symbol Name                              Value     Ov Type        Size  Object(Section)

    RESET                                    0x00000000   Section      644  startup.o(RESET)
    ../clib/angel/boardlib.s                 0x00000000   Number         0  boardinit1.o ABSOLUTE
    ../clib/angel/boardlib.s                 0x00000000   Number         0  boardshut.o ABSOLUTE
    ../clib/angel/boardlib.s                 0x00000000   Number         0  boardinit2.o ABSOLUTE
    ../clib/angel/boardlib.s                 0x00000000   Number         0  boardinit3.o ABSOLUTE
    ../clib/angel/handlers.s                 0x00000000   Number         0  __scatter_zi.o ABSOLUTE
    ../clib/angel/handlers.s                 0x00000000   Number         0  __scatter_copy.o ABSOLUTE
    ../clib/angel/kernel.s                   0x00000000   Number         0  rtentry4.o ABSOLUTE
    ../clib/angel/kernel.s                   0x00000000   Number         0  rtexit2.o ABSOLUTE
    ../clib/angel/kernel.s                   0x00000000   Number         0  rtexit.o ABSOLUTE
    ../clib/angel/kernel.s                   0x00000000   Number         0  rtentry2.o ABSOLUTE
    ../clib/angel/kernel.s                   0x00000000   Number         0  rtentry.o ABSOLUTE
    ../clib/angel/rt.s                       0x00000000   Number         0  rt_raise.o ABSOLUTE
    ../clib/angel/scatter.s                  0x00000000   Number         0  __scatter.o ABSOLUTE
    ../clib/angel/startup.s                  0x00000000   Number         0  __main.o ABSOLUTE
    ../clib/angel/sys.s                      0x00000000   Number         0  indicate_semi.o ABSOLUTE
    ../clib/angel/sys.s                      0x00000000   Number         0  use_no_semi.o ABSOLUTE
    ../clib/angel/sys.s                      0x00000000   Number         0  libspace.o ABSOLUTE
    ../clib/angel/sys.s                      0x00000000   Number         0  sys_stackheap_outer.o ABSOLUTE
    ../clib/angel/sysapp.c                   0x00000000   Number         0  sys_exit.o ABSOLUTE
    ../clib/angel/sysapp.c                   0x00000000   Number         0  sys_wrch.o ABSOLUTE
    ../clib/angel/sysapp.c                   0x00000000   Number         0  sys_command.o ABSOLUTE
    ../clib/armsys.c                         0x00000000   Number         0  argv_veneer.o ABSOLUTE
    ../clib/armsys.c                         0x00000000   Number         0  argv_veneer.o ABSOLUTE
    ../clib/armsys.c                         0x00000000   Number         0  no_argv.o ABSOLUTE
    ../clib/armsys.c                         0x00000000   Number         0  _get_argv_nomalloc.o ABSOLUTE
    ../clib/heapalloc.c                      0x00000000   Number         0  hrguard.o ABSOLUTE
    ../clib/heapaux.c                        0x00000000   Number         0  heapauxi.o ABSOLUTE
    ../clib/libinit.s                        0x00000000   Number         0  libshutdown.o ABSOLUTE
    ../clib/libinit.s                        0x00000000   Number         0  libinit.o ABSOLUTE
    ../clib/libinit.s                        0x00000000   Number         0  libinit2.o ABSOLUTE
    ../clib/libinit.s                        0x00000000   Number         0  libshutdown2.o ABSOLUTE
    ../clib/signal.c                         0x00000000   Number         0  defsig_abrt_inner.o ABSOLUTE
    ../clib/signal.c                         0x00000000   Number         0  __raise.o ABSOLUTE
    ../clib/signal.c                         0x00000000   Number         0  defsig_rtmem_inner.o ABSOLUTE
    ../clib/signal.c                         0x00000000   Number         0  defsig_exit.o ABSOLUTE
    ../clib/signal.c                         0x00000000   Number         0  defsig_rtred_inner.o ABSOLUTE
    ../clib/signal.c                         0x00000000   Number         0  defsig_rtmem_outer.o ABSOLUTE
    ../clib/signal.c                         0x00000000   Number         0  defsig_general.o ABSOLUTE
    ../clib/signal.c                         0x00000000   Number         0  defsig_other.o ABSOLUTE
    ../clib/signal.c                         0x00000000   Number         0  defsig_rtmem_formal.o ABSOLUTE
    ../clib/signal.c                         0x00000000   Number         0  defsig_segv_inner.o ABSOLUTE
    ../clib/signal.c                         0x00000000   Number         0  defsig_cppl_inner.o ABSOLUTE
    ../clib/signal.c                         0x00000000   Number         0  defsig_pvfn_inner.o ABSOLUTE
    ../clib/signal.c                         0x00000000   Number         0  defsig_stak_inner.o ABSOLUTE
    ../clib/signal.c                         0x00000000   Number         0  defsig_fpe_inner.o ABSOLUTE
    ../clib/signal.s                         0x00000000   Number         0  defsig.o ABSOLUTE
    ../clib/stdlib.c                         0x00000000   Number         0  exit.o ABSOLUTE
    ../fplib/fpinit.s                        0x00000000   Number         0  fpinit.o ABSOLUTE
    GameEngine.c                             0x00000000   Number         0  gameengine.o ABSOLUTE
    Nokia5110.c                              0x00000000   Number         0  nokia5110.o ABSOLUTE
    Sound.c                                  0x00000000   Number         0  sound.o ABSOLUTE
    SpaceInvaders.c                          0x00000000   Number         0  spaceinvaders.o ABSOLUTE
    SysTick.c                                0x00000000   Number         0  systick.o ABSOLUTE
    TExaS.c                                  0x00000000   Number         0  texas.o ABSOLUTE
    adc.c                                    0x00000000   Number         0  adc.o ABSOLUTE
    conversion.c                             0x00000000   Number         0  conversion.o ABSOLUTE
    dac.c                                    0x00000000   Number         0  dac.o ABSOLUTE
    dc.s                                     0x00000000   Number         0  dc.o ABSOLUTE
    gpio.c                                   0x00000000   Number         0  gpio.o ABSOLUTE
    random.s                                 0x00000000   Number         0  random.o ABSOLUTE
    sprites.c                                0x00000000   Number         0  sprites.o ABSOLUTE
    startup.s                                0x00000000   Number         0  startup.o ABSOLUTE
    timer.c                                  0x00000000   Number         0  timer.o ABSOLUTE
    !!!main                                  0x00000284   Section        8  __main.o(!!!main)
    !!!scatter                               0x0000028c   Section       52  __scatter.o(!!!scatter)
    !!handler_copy                           0x000002c0   Section       26  __scatter_copy.o(!!handler_copy)
    !!handler_zi                             0x000002dc   Section       28  __scatter_zi.o(!!handler_zi)
    .ARM.Collect$$libinit$$00000000          0x000002f8   Section        2  libinit.o(.ARM.Collect$$libinit$$00000000)
    .ARM.Collect$$libinit$$00000002          0x000002fa   Section        0  libinit2.o(.ARM.Collect$$libinit$$00000002)
    .ARM.Collect$$libinit$$00000008          0x000002fa   Section        0  libinit2.o(.ARM.Collect$$libinit$$00000008)
    .ARM.Collect$$libinit$$0000000A          0x000002fa   Section        0  libinit2.o(.ARM.Collect$$libinit$$0000000A)
    .ARM.Collect$$libinit$$0000000C          0x000002fa   Section        0  libinit2.o(.ARM.Collect$$libinit$$0000000C)
    .ARM.Collect$$libinit$$0000000F          0x000002fa   Section        0  libinit2.o(.ARM.Collect$$libinit$$0000000F)
    .ARM.Collect$$libinit$$00000011          0x000002fa   Section        0  libinit2.o(.ARM.Collect$$libinit$$00000011)
    .ARM.Collect$$libinit$$00000013          0x000002fa   Section        0  libinit2.o(.ARM.Collect$$libinit$$00000013)
    .ARM.Collect$$libinit$$00000015          0x000002fa   Section        0  libinit2.o(.ARM.Collect$$libinit$$00000015)
    .ARM.Collect$$libinit$$00000017          0x000002fa   Section        0  libinit2.o(.ARM.Collect$$libinit$$00000017)
    .ARM.Collect$$libinit$$00000019          0x000002fa   Section        0  libinit2.o(.ARM.Collect$$libinit$$00000019)
    .ARM.Collect$$libinit$$0000001B          0x000002fa   Section        0  libinit2.o(.ARM.Collect$$libinit$$0000001B)
    .ARM.Collect$$libinit$$0000001D          0x000002fa   Section        0  libinit2.o(.ARM.Collect$$libinit$$0000001D)
    .ARM.Collect$$libinit$$0000001F          0x000002fa   Section        0  libinit2.o(.ARM.Collect$$libinit$$0000001F)
    .ARM.Collect$$libinit$$00000021          0x000002fa   Section        0  libinit2.o(.ARM.Collect$$libinit$$00000021)
    .ARM.Collect$$libinit$$00000023          0x000002fa   Section        0  libinit2.o(.ARM.Collect$$libinit$$00000023)
    .ARM.Collect$$libinit$$0000002A          0x000002fa   Section        0  libinit2.o(.ARM.Collect$$libinit$$0000002A)
    .ARM.Collect$$libinit$$0000002C          0x000002fa   Section        0  libinit2.o(.ARM.Collect$$libinit$$0000002C)
    .ARM.Collect$$libinit$$0000002E          0x000002fa   Section        0  libinit2.o(.ARM.Collect$$libinit$$0000002E)
    .ARM.Collect$$libinit$$00000030          0x000002fa   Section        0  libinit2.o(.ARM.Collect$$libinit$$00000030)
    .ARM.Collect$$libinit$$00000031          0x000002fa   Section        2  libinit2.o(.ARM.Collect$$libinit$$00000031)
    .ARM.Collect$$libshutdown$$00000000      0x000002fc   Section        2  libshutdown.o(.ARM.Collect$$libshutdown$$00000000)
    .ARM.Collect$$libshutdown$$00000003      0x000002fe   Section        0  libshutdown2.o(.ARM.Collect$$libshutdown$$00000003)
    .ARM.Collect$$libshutdown$$00000006      0x000002fe   Section        0  libshutdown2.o(.ARM.Collect$$libshutdown$$00000006)
    .ARM.Collect$$libshutdown$$00000009      0x000002fe   Section        0  libshutdown2.o(.ARM.Collect$$libshutdown$$00000009)
    .ARM.Collect$$libshutdown$$0000000B      0x000002fe   Section        0  libshutdown2.o(.ARM.Collect$$libshutdown$$0000000B)
    .ARM.Collect$$libshutdown$$0000000E      0x000002fe   Section        0  libshutdown2.o(.ARM.Collect$$libshutdown$$0000000E)
    .ARM.Collect$$libshutdown$$0000000F      0x000002fe   Section        2  libshutdown2.o(.ARM.Collect$$libshutdown$$0000000F)
    .ARM.Collect$$rtentry$$00000000          0x00000300   Section        0  rtentry.o(.ARM.Collect$$rtentry$$00000000)
    .ARM.Collect$$rtentry$$00000002          0x00000300   Section        0  rtentry2.o(.ARM.Collect$$rtentry$$00000002)
    .ARM.Collect$$rtentry$$00000004          0x00000300   Section        6  rtentry4.o(.ARM.Collect$$rtentry$$00000004)
    .ARM.Collect$$rtentry$$00000009          0x00000306   Section        0  rtentry2.o(.ARM.Collect$$rtentry$$00000009)
    .ARM.Collect$$rtentry$$0000000A          0x00000306   Section        4  rtentry2.o(.ARM.Collect$$rtentry$$0000000A)
    .ARM.Collect$$rtentry$$0000000C          0x0000030a   Section        0  rtentry2.o(.ARM.Collect$$rtentry$$0000000C)
    .ARM.Collect$$rtentry$$0000000D          0x0000030a   Section        8  rtentry2.o(.ARM.Collect$$rtentry$$0000000D)
    .ARM.Collect$$rtexit$$00000000           0x00000312   Section        2  rtexit.o(.ARM.Collect$$rtexit$$00000000)
    .ARM.Collect$$rtexit$$00000002           0x00000314   Section        0  rtexit2.o(.ARM.Collect$$rtexit$$00000002)
    .ARM.Collect$$rtexit$$00000003           0x00000314   Section        4  rtexit2.o(.ARM.Collect$$rtexit$$00000003)
    .ARM.Collect$$rtexit$$00000004           0x00000318   Section        6  rtexit2.o(.ARM.Collect$$rtexit$$00000004)
    .text                                    0x00000320   Section       48  startup.o(.text)
    .text                                    0x00000350   Section        0  heapauxi.o(.text)
    .text                                    0x00000356   Section       74  sys_stackheap_outer.o(.text)
    .text                                    0x000003a0   Section        0  exit.o(.text)
    .text                                    0x000003ac   Section        8  libspace.o(.text)
    .text                                    0x000003b4   Section        0  sys_exit.o(.text)
    .text                                    0x000003c0   Section        2  use_no_semi.o(.text)
    .text                                    0x000003c2   Section        0  indicate_semi.o(.text)
    i.ADC0_In                                0x000003c4   Section        0  adc.o(i.ADC0_In)
    i.ADC0_Init                              0x000003fc   Section        0  adc.o(i.ADC0_Init)
    i.ADC1_In                                0x000004d0   Section        0  texas.o(i.ADC1_In)
    i.ADC1_Init                              0x000004dc   Section        0  texas.o(i.ADC1_Init)
    i.Convert                                0x000005b0   Section        0  conversion.o(i.Convert)
    i.DAC_Init                               0x000005c4   Section        0  dac.o(i.DAC_Init)
    i.DAC_Out                                0x00000630   Section        0  dac.o(i.DAC_Out)
    i.Delay10ms                              0x0000063c   Section        0  spaceinvaders.o(i.Delay10ms)
    i.GPIO_ButtonsInit                       0x00000654   Section        0  gpio.o(i.GPIO_ButtonsInit)
    i.GPIO_FireButtonIn                      0x000006d0   Section        0  gpio.o(i.GPIO_FireButtonIn)
    i.GPIO_IndicatorInit                     0x000006e0   Section        0  gpio.o(i.GPIO_IndicatorInit)
    i.GPIO_SpecialButtonIn                   0x0000074c   Section        0  gpio.o(i.GPIO_SpecialButtonIn)
    i.GPIO_TurnOffFireIndicator              0x0000075c   Section        0  gpio.o(i.GPIO_TurnOffFireIndicator)
    i.GPIO_TurnOffSpecialIndicator           0x00000774   Section        0  gpio.o(i.GPIO_TurnOffSpecialIndicator)
    i.GPIO_TurnOnFireIndicator               0x0000078c   Section        0  gpio.o(i.GPIO_TurnOnFireIndicator)
    i.GPIO_TurnOnSpecialIndicator            0x000007a4   Section        0  gpio.o(i.GPIO_TurnOnSpecialIndicator)
    i.GameEngine_Attack                      0x000007bc   Section        0  gameengine.o(i.GameEngine_Attack)
    GameEngine_Attack                        0x000007bd   Thumb Code    12  gameengine.o(i.GameEngine_Attack)
    i.GameEngine_CheckGameOver               0x000007c8   Section        0  gameengine.o(i.GameEngine_CheckGameOver)
    GameEngine_CheckGameOver                 0x000007c9   Thumb Code    32  gameengine.o(i.GameEngine_CheckGameOver)
    i.GameEngine_DestroyInvader              0x000007f8   Section        0  gameengine.o(i.GameEngine_DestroyInvader)
    GameEngine_DestroyInvader                0x000007f9   Thumb Code   106  gameengine.o(i.GameEngine_DestroyInvader)
    i.GameEngine_Init                        0x0000086c   Section        0  gameengine.o(i.GameEngine_Init)
    i.GameEngine_InitDisplay                 0x000008c8   Section        0  gameengine.o(i.GameEngine_InitDisplay)
    GameEngine_InitDisplay                   0x000008c9   Thumb Code    20  gameengine.o(i.GameEngine_InitDisplay)
    i.GameEngine_MainEngine                  0x000008e0   Section        0  gameengine.o(i.GameEngine_MainEngine)
    i.GameEngine_MovePlayerShip              0x000008f8   Section        0  gameengine.o(i.GameEngine_MovePlayerShip)
    GameEngine_MovePlayerShip                0x000008f9   Thumb Code    24  gameengine.o(i.GameEngine_MovePlayerShip)
    i.GameEngine_RefreshScreen               0x00000918   Section        0  gameengine.o(i.GameEngine_RefreshScreen)
    GameEngine_RefreshScreen                 0x00000919   Thumb Code    26  gameengine.o(i.GameEngine_RefreshScreen)
    i.GameEngine_SenseCursorPosition         0x00000938   Section        0  gameengine.o(i.GameEngine_SenseCursorPosition)
    GameEngine_SenseCursorPosition           0x00000939   Thumb Code    12  gameengine.o(i.GameEngine_SenseCursorPosition)
    i.GameEngine_SenseFireButton             0x00000948   Section        0  gameengine.o(i.GameEngine_SenseFireButton)
    GameEngine_SenseFireButton               0x00000949   Thumb Code    48  gameengine.o(i.GameEngine_SenseFireButton)
    i.GameEngine_SenseInput                  0x0000097c   Section        0  gameengine.o(i.GameEngine_SenseInput)
    GameEngine_SenseInput                    0x0000097d   Thumb Code    16  gameengine.o(i.GameEngine_SenseInput)
    i.GameEngine_SenseSpecialButton          0x0000098c   Section        0  gameengine.o(i.GameEngine_SenseSpecialButton)
    GameEngine_SenseSpecialButton            0x0000098d   Thumb Code    48  gameengine.o(i.GameEngine_SenseSpecialButton)
    i.GameEngine_performFire                 0x000009c0   Section        0  gameengine.o(i.GameEngine_performFire)
    GameEngine_performFire                   0x000009c1   Thumb Code    38  gameengine.o(i.GameEngine_performFire)
    i.GameEngine_performSpecialAttack        0x000009f0   Section        0  gameengine.o(i.GameEngine_performSpecialAttack)
    GameEngine_performSpecialAttack          0x000009f1   Thumb Code    30  gameengine.o(i.GameEngine_performSpecialAttack)
    i.Nokia5110_Clear                        0x00000a14   Section        0  nokia5110.o(i.Nokia5110_Clear)
    i.Nokia5110_ClearBuffer                  0x00000a34   Section        0  nokia5110.o(i.Nokia5110_ClearBuffer)
    i.Nokia5110_DisplayBuffer                0x00000a4c   Section        0  nokia5110.o(i.Nokia5110_DisplayBuffer)
    i.Nokia5110_DrawFullImage                0x00000a5c   Section        0  nokia5110.o(i.Nokia5110_DrawFullImage)
    i.Nokia5110_Init                         0x00000a80   Section        0  nokia5110.o(i.Nokia5110_Init)
    i.Nokia5110_OutChar                      0x00000bec   Section        0  nokia5110.o(i.Nokia5110_OutChar)
    i.Nokia5110_OutString                    0x00000c24   Section        0  nokia5110.o(i.Nokia5110_OutString)
    i.Nokia5110_PrintBMP                     0x00000c3c   Section        0  nokia5110.o(i.Nokia5110_PrintBMP)
    i.Nokia5110_SetCursor                    0x00000de4   Section        0  nokia5110.o(i.Nokia5110_SetCursor)
    i.PLL_Init                               0x00000e14   Section        0  texas.o(i.PLL_Init)
    i.Play                                   0x00000e90   Section        0  sound.o(i.Play)
    i.SetCode                                0x00000ed0   Section        0  texas.o(i.SetCode)
    i.SetCourse                              0x00000ee8   Section        0  texas.o(i.SetCourse)
    i.Sound_Init                             0x00000f00   Section        0  sound.o(i.Sound_Init)
    i.Sound_Play                             0x00000f28   Section        0  sound.o(i.Sound_Play)
    i.Sound_Shoot                            0x00000f50   Section        0  sound.o(i.Sound_Shoot)
    i.Sound_TurnOff                          0x00000f64   Section        0  sound.o(i.Sound_TurnOff)
    i.Sprites_AdvanceEnemies                 0x00000f7c   Section        0  sprites.o(i.Sprites_AdvanceEnemies)
    Sprites_AdvanceEnemies                   0x00000f7d   Thumb Code    40  sprites.o(i.Sprites_AdvanceEnemies)
    i.Sprites_Draw                           0x00000fa8   Section        0  sprites.o(i.Sprites_Draw)
    i.Sprites_Init                           0x00001018   Section        0  sprites.o(i.Sprites_Init)
    i.Sprites_Move                           0x00001074   Section        0  sprites.o(i.Sprites_Move)
    i.Sprites_MoveEnemies                    0x00001080   Section        0  sprites.o(i.Sprites_MoveEnemies)
    Sprites_MoveEnemies                      0x00001081   Thumb Code   114  sprites.o(i.Sprites_MoveEnemies)
    i.Sprites_MoveMissile                    0x000010fc   Section        0  sprites.o(i.Sprites_MoveMissile)
    Sprites_MoveMissile                      0x000010fd   Thumb Code    32  sprites.o(i.Sprites_MoveMissile)
    i.Sprites_MovePlayerShip                 0x00001120   Section        0  sprites.o(i.Sprites_MovePlayerShip)
    i.Sprites_SendMissile                    0x0000112c   Section        0  sprites.o(i.Sprites_SendMissile)
    i.SysTick_Handler                        0x00001150   Section        0  systick.o(i.SysTick_Handler)
    i.SysTick_Init                           0x00001160   Section        0  systick.o(i.SysTick_Init)
    i.TExaS_Init                             0x00001194   Section        0  texas.o(i.TExaS_Init)
    i.Timer0A_Handler                        0x00001358   Section        0  timer.o(i.Timer0A_Handler)
    i.Timer0_Init                            0x0000137c   Section        0  timer.o(i.Timer0_Init)
    Timer0_Init                              0x0000137d   Thumb Code    86  timer.o(i.Timer0_Init)
    i.Timer2A_Handler                        0x000013ec   Section        0  timer.o(i.Timer2A_Handler)
    i.Timer2_Init                            0x00001404   Section        0  timer.o(i.Timer2_Init)
    Timer2_Init                              0x00001405   Thumb Code    90  timer.o(i.Timer2_Init)
    i.Timer4A_Handler                        0x00001478   Section        0  texas.o(i.Timer4A_Handler)
    i.Timer5A_Handler                        0x00001498   Section        0  texas.o(i.Timer5A_Handler)
    i.Timer_InitTimers                       0x000014c8   Section        0  timer.o(i.Timer_InitTimers)
    i.UART0_Init                             0x000014e8   Section        0  texas.o(i.UART0_Init)
    i.lcdwrite                               0x000015a8   Section        0  nokia5110.o(i.lcdwrite)
    lcdwrite                                 0x000015a9   Thumb Code    66  nokia5110.o(i.lcdwrite)
    i.main                                   0x000015f4   Section        0  spaceinvaders.o(i.main)
    .constdata                               0x0000160e   Section      480  nokia5110.o(.constdata)
    ASCII                                    0x0000160e   Data         480  nokia5110.o(.constdata)
    .constdata                               0x000017ee   Section      360  texas.o(.constdata)
    .constdata                               0x00001956   Section    15435  sound.o(.constdata)
    .constdata                               0x000055a1   Section     1204  sprites.o(.constdata)
    ASCII                                    0x000055a1   Data         480  sprites.o(.constdata)
    .data                                    0x20000000   Section       52  texas.o(.data)
    .data                                    0x20000034   Section        4  systick.o(.data)
    .data                                    0x20000038   Section       12  timer.o(.data)
    .data                                    0x20000044   Section       12  sound.o(.data)
    .data                                    0x20000050   Section        4  sprites.o(.data)
    invadersDirection                        0x20000050   Data           4  sprites.o(.data)
    .data                                    0x20000054   Section        8  gameengine.o(.data)
    .bss                                     0x2000005c   Section      504  nokia5110.o(.bss)
    .bss                                     0x20000258   Section       56  texas.o(.bss)
    .bss                                     0x20000290   Section       80  sprites.o(.bss)
    .bss                                     0x200002e0   Section       24  gameengine.o(.bss)
    .bss                                     0x200002f8   Section       96  libspace.o(.bss)
    HEAP                                     0x20000358   Section        0  startup.o(HEAP)
    STACK                                    0x20000358   Section     1024  startup.o(STACK)
    HeapMem                                  0x20000358   Data           0  startup.o(HEAP)
    StackMem                                 0x20000358   Data           0  startup.o(STACK)

    Global Symbols

    Symbol Name                              Value     Ov Type        Size  Object(Section)

    BuildAttributes$$THM_ISAv4$E$P$D$K$B$S$7EM$PE$A:L22UL41UL21$X:L11$S22US41US21$IEEE1$IW$USESV6$~STKCKD$USESV7$~SHL$OSPACE$ROPI$EBA8$UX$STANDARDLIB$REQ8$PRES8$EABIv2 0x00000000   Number         0  anon$$obj.o ABSOLUTE
    __ARM_use_no_argv                        0x00000000   Number         0  spaceinvaders.o ABSOLUTE
    __Vectors                                0x00000000   Data           0  startup.o(RESET)
    __ARM_exceptions_init                     - Undefined Weak Reference
    __alloca_initialize                       - Undefined Weak Reference
    __cpp_initialize__aeabi_                  - Undefined Weak Reference
    __cxa_finalize                            - Undefined Weak Reference
    __rt_locale                               - Undefined Weak Reference
    __sigvec_lookup                           - Undefined Weak Reference
    _atexit_init                              - Undefined Weak Reference
    _call_atexit_fns                          - Undefined Weak Reference
    _clock_init                               - Undefined Weak Reference
    _fp_trap_init                             - Undefined Weak Reference
    _fp_trap_shutdown                         - Undefined Weak Reference
    _get_lc_collate                           - Undefined Weak Reference
    _get_lc_ctype                             - Undefined Weak Reference
    _get_lc_monetary                          - Undefined Weak Reference
    _get_lc_numeric                           - Undefined Weak Reference
    _get_lc_time                              - Undefined Weak Reference
    _getenv_init                              - Undefined Weak Reference
    _handle_redirection                       - Undefined Weak Reference
    _init_alloc                               - Undefined Weak Reference
    _init_user_alloc                          - Undefined Weak Reference
    _initio                                   - Undefined Weak Reference
    _rand_init                                - Undefined Weak Reference
    _signal_finish                            - Undefined Weak Reference
    _signal_init                              - Undefined Weak Reference
    _terminate_alloc                          - Undefined Weak Reference
    _terminate_user_alloc                     - Undefined Weak Reference
    _terminateio                              - Undefined Weak Reference
    Reset_Handler                            0x0000026d   Thumb Code     0  startup.o(RESET)
    NMI_Handler                              0x00000271   Thumb Code     2  startup.o(RESET)
    HardFault_Handler                        0x00000273   Thumb Code     2  startup.o(RESET)
    MemManage_Handler                        0x00000275   Thumb Code     2  startup.o(RESET)
    BusFault_Handler                         0x00000277   Thumb Code     2  startup.o(RESET)
    UsageFault_Handler                       0x00000279   Thumb Code     2  startup.o(RESET)
    SVC_Handler                              0x0000027b   Thumb Code     2  startup.o(RESET)
    DebugMon_Handler                         0x0000027d   Thumb Code     2  startup.o(RESET)
    PendSV_Handler                           0x0000027f   Thumb Code     2  startup.o(RESET)
    ADC0Seq0_Handler                         0x00000283   Thumb Code     0  startup.o(RESET)
    ADC0Seq1_Handler                         0x00000283   Thumb Code     0  startup.o(RESET)
    ADC0Seq2_Handler                         0x00000283   Thumb Code     0  startup.o(RESET)
    ADC0Seq3_Handler                         0x00000283   Thumb Code     0  startup.o(RESET)
    ADC1Seq0_Handler                         0x00000283   Thumb Code     0  startup.o(RESET)
    ADC1Seq1_Handler                         0x00000283   Thumb Code     0  startup.o(RESET)
    ADC1Seq2_Handler                         0x00000283   Thumb Code     0  startup.o(RESET)
    ADC1Seq3_Handler                         0x00000283   Thumb Code     0  startup.o(RESET)
    CAN0_Handler                             0x00000283   Thumb Code     0  startup.o(RESET)
    CAN1_Handler                             0x00000283   Thumb Code     0  startup.o(RESET)
    CAN2_Handler                             0x00000283   Thumb Code     0  startup.o(RESET)
    Comp0_Handler                            0x00000283   Thumb Code     0  startup.o(RESET)
    Comp1_Handler                            0x00000283   Thumb Code     0  startup.o(RESET)
    Comp2_Handler                            0x00000283   Thumb Code     0  startup.o(RESET)
    Ethernet_Handler                         0x00000283   Thumb Code     0  startup.o(RESET)
    ExtBus_Handler                           0x00000283   Thumb Code     0  startup.o(RESET)
    FPU_Handler                              0x00000283   Thumb Code     0  startup.o(RESET)
    Fan0_Handler                             0x00000283   Thumb Code     0  startup.o(RESET)
    FlashCtl_Handler                         0x00000283   Thumb Code     0  startup.o(RESET)
    GPIOPortA_Handler                        0x00000283   Thumb Code     0  startup.o(RESET)
    GPIOPortB_Handler                        0x00000283   Thumb Code     0  startup.o(RESET)
    GPIOPortC_Handler                        0x00000283   Thumb Code     0  startup.o(RESET)
    GPIOPortD_Handler                        0x00000283   Thumb Code     0  startup.o(RESET)
    GPIOPortE_Handler                        0x00000283   Thumb Code     0  startup.o(RESET)
    GPIOPortF_Handler                        0x00000283   Thumb Code     0  startup.o(RESET)
    GPIOPortG_Handler                        0x00000283   Thumb Code     0  startup.o(RESET)
    GPIOPortH_Handler                        0x00000283   Thumb Code     0  startup.o(RESET)
    GPIOPortJ_Handler                        0x00000283   Thumb Code     0  startup.o(RESET)
    GPIOPortK_Handler                        0x00000283   Thumb Code     0  startup.o(RESET)
    GPIOPortL_Handler                        0x00000283   Thumb Code     0  startup.o(RESET)
    GPIOPortM_Handler                        0x00000283   Thumb Code     0  startup.o(RESET)
    GPIOPortN_Handler                        0x00000283   Thumb Code     0  startup.o(RESET)
    GPIOPortP1_Handler                       0x00000283   Thumb Code     0  startup.o(RESET)
    GPIOPortP2_Handler                       0x00000283   Thumb Code     0  startup.o(RESET)
    GPIOPortP3_Handler                       0x00000283   Thumb Code     0  startup.o(RESET)
    GPIOPortP4_Handler                       0x00000283   Thumb Code     0  startup.o(RESET)
    GPIOPortP5_Handler                       0x00000283   Thumb Code     0  startup.o(RESET)
    GPIOPortP6_Handler                       0x00000283   Thumb Code     0  startup.o(RESET)
    GPIOPortP7_Handler                       0x00000283   Thumb Code     0  startup.o(RESET)
    GPIOPortP_Handler                        0x00000283   Thumb Code     0  startup.o(RESET)
    GPIOPortQ1_Handler                       0x00000283   Thumb Code     0  startup.o(RESET)
    GPIOPortQ2_Handler                       0x00000283   Thumb Code     0  startup.o(RESET)
    GPIOPortQ3_Handler                       0x00000283   Thumb Code     0  startup.o(RESET)
    GPIOPortQ4_Handler                       0x00000283   Thumb Code     0  startup.o(RESET)
    GPIOPortQ5_Handler                       0x00000283   Thumb Code     0  startup.o(RESET)
    GPIOPortQ6_Handler                       0x00000283   Thumb Code     0  startup.o(RESET)
    GPIOPortQ7_Handler                       0x00000283   Thumb Code     0  startup.o(RESET)
    GPIOPortQ_Handler                        0x00000283   Thumb Code     0  startup.o(RESET)
    GPIOPortR_Handler                        0x00000283   Thumb Code     0  startup.o(RESET)
    GPIOPortS_Handler                        0x00000283   Thumb Code     0  startup.o(RESET)
    Hibernate_Handler                        0x00000283   Thumb Code     0  startup.o(RESET)
    I2C0_Handler                             0x00000283   Thumb Code     0  startup.o(RESET)
    I2C1_Handler                             0x00000283   Thumb Code     0  startup.o(RESET)
    I2C2_Handler                             0x00000283   Thumb Code     0  startup.o(RESET)
    I2C3_Handler                             0x00000283   Thumb Code     0  startup.o(RESET)
    I2C4_Handler                             0x00000283   Thumb Code     0  startup.o(RESET)
    I2C5_Handler                             0x00000283   Thumb Code     0  startup.o(RESET)
    I2S0_Handler                             0x00000283   Thumb Code     0  startup.o(RESET)
    LPC0_Handler                             0x00000283   Thumb Code     0  startup.o(RESET)
    PECI0_Handler                            0x00000283   Thumb Code     0  startup.o(RESET)
    PWM0Fault_Handler                        0x00000283   Thumb Code     0  startup.o(RESET)
    PWM0Generator0_Handler                   0x00000283   Thumb Code     0  startup.o(RESET)
    PWM0Generator1_Handler                   0x00000283   Thumb Code     0  startup.o(RESET)
    PWM0Generator2_Handler                   0x00000283   Thumb Code     0  startup.o(RESET)
    PWM0Generator3_Handler                   0x00000283   Thumb Code     0  startup.o(RESET)
    PWM1Fault_Handler                        0x00000283   Thumb Code     0  startup.o(RESET)
    PWM1Generator0_Handler                   0x00000283   Thumb Code     0  startup.o(RESET)
    PWM1Generator1_Handler                   0x00000283   Thumb Code     0  startup.o(RESET)
    PWM1Generator2_Handler                   0x00000283   Thumb Code     0  startup.o(RESET)
    PWM1Generator3_Handler                   0x00000283   Thumb Code     0  startup.o(RESET)
    Quadrature0_Handler                      0x00000283   Thumb Code     0  startup.o(RESET)
    Quadrature1_Handler                      0x00000283   Thumb Code     0  startup.o(RESET)
    Quadrature2_Handler                      0x00000283   Thumb Code     0  startup.o(RESET)
    SSI0_Handler                             0x00000283   Thumb Code     0  startup.o(RESET)
    SSI1_Handler                             0x00000283   Thumb Code     0  startup.o(RESET)
    SSI2_Handler                             0x00000283   Thumb Code     0  startup.o(RESET)
    SSI3_Handler                             0x00000283   Thumb Code     0  startup.o(RESET)
    SysCtl_Handler                           0x00000283   Thumb Code     0  startup.o(RESET)
    Timer0B_Handler                          0x00000283   Thumb Code     0  startup.o(RESET)
    Timer1A_Handler                          0x00000283   Thumb Code     0  startup.o(RESET)
    Timer1B_Handler                          0x00000283   Thumb Code     0  startup.o(RESET)
    Timer2B_Handler                          0x00000283   Thumb Code     0  startup.o(RESET)
    Timer3A_Handler                          0x00000283   Thumb Code     0  startup.o(RESET)
    Timer3B_Handler                          0x00000283   Thumb Code     0  startup.o(RESET)
    Timer4B_Handler                          0x00000283   Thumb Code     0  startup.o(RESET)
    Timer5B_Handler                          0x00000283   Thumb Code     0  startup.o(RESET)
    UART0_Handler                            0x00000283   Thumb Code     0  startup.o(RESET)
    UART1_Handler                            0x00000283   Thumb Code     0  startup.o(RESET)
    UART2_Handler                            0x00000283   Thumb Code     0  startup.o(RESET)
    UART3_Handler                            0x00000283   Thumb Code     0  startup.o(RESET)
    UART4_Handler                            0x00000283   Thumb Code     0  startup.o(RESET)
    UART5_Handler                            0x00000283   Thumb Code     0  startup.o(RESET)
    UART6_Handler                            0x00000283   Thumb Code     0  startup.o(RESET)
    UART7_Handler                            0x00000283   Thumb Code     0  startup.o(RESET)
    USB0_Handler                             0x00000283   Thumb Code     0  startup.o(RESET)
    WDT_Handler                              0x00000283   Thumb Code     0  startup.o(RESET)
    WideTimer0A_Handler                      0x00000283   Thumb Code     0  startup.o(RESET)
    WideTimer0B_Handler                      0x00000283   Thumb Code     0  startup.o(RESET)
    WideTimer1A_Handler                      0x00000283   Thumb Code     0  startup.o(RESET)
    WideTimer1B_Handler                      0x00000283   Thumb Code     0  startup.o(RESET)
    WideTimer2A_Handler                      0x00000283   Thumb Code     0  startup.o(RESET)
    WideTimer2B_Handler                      0x00000283   Thumb Code     0  startup.o(RESET)
    WideTimer3A_Handler                      0x00000283   Thumb Code     0  startup.o(RESET)
    WideTimer3B_Handler                      0x00000283   Thumb Code     0  startup.o(RESET)
    WideTimer4A_Handler                      0x00000283   Thumb Code     0  startup.o(RESET)
    WideTimer4B_Handler                      0x00000283   Thumb Code     0  startup.o(RESET)
    WideTimer5A_Handler                      0x00000283   Thumb Code     0  startup.o(RESET)
    WideTimer5B_Handler                      0x00000283   Thumb Code     0  startup.o(RESET)
    uDMA_Error                               0x00000283   Thumb Code     0  startup.o(RESET)
    uDMA_Handler                             0x00000283   Thumb Code     0  startup.o(RESET)
    __main                                   0x00000285   Thumb Code     8  __main.o(!!!main)
    __scatterload                            0x0000028d   Thumb Code     0  __scatter.o(!!!scatter)
    __scatterload_rt2                        0x0000028d   Thumb Code    44  __scatter.o(!!!scatter)
    __scatterload_rt2_thumb_only             0x0000028d   Thumb Code     0  __scatter.o(!!!scatter)
    __scatterload_null                       0x0000029b   Thumb Code     0  __scatter.o(!!!scatter)
    __scatterload_copy                       0x000002c1   Thumb Code    26  __scatter_copy.o(!!handler_copy)
    __scatterload_zeroinit                   0x000002dd   Thumb Code    28  __scatter_zi.o(!!handler_zi)
    __rt_lib_init                            0x000002f9   Thumb Code     0  libinit.o(.ARM.Collect$$libinit$$00000000)
    __rt_lib_init_alloca_1                   0x000002fb   Thumb Code     0  libinit2.o(.ARM.Collect$$libinit$$0000002C)
    __rt_lib_init_argv_1                     0x000002fb   Thumb Code     0  libinit2.o(.ARM.Collect$$libinit$$0000002A)
    __rt_lib_init_atexit_1                   0x000002fb   Thumb Code     0  libinit2.o(.ARM.Collect$$libinit$$00000019)
    __rt_lib_init_clock_1                    0x000002fb   Thumb Code     0  libinit2.o(.ARM.Collect$$libinit$$0000001F)
    __rt_lib_init_cpp_1                      0x000002fb   Thumb Code     0  libinit2.o(.ARM.Collect$$libinit$$00000030)
    __rt_lib_init_exceptions_1               0x000002fb   Thumb Code     0  libinit2.o(.ARM.Collect$$libinit$$0000002E)
    __rt_lib_init_fp_1                       0x000002fb   Thumb Code     0  libinit2.o(.ARM.Collect$$libinit$$00000002)
    __rt_lib_init_fp_trap_1                  0x000002fb   Thumb Code     0  libinit2.o(.ARM.Collect$$libinit$$0000001D)
    __rt_lib_init_getenv_1                   0x000002fb   Thumb Code     0  libinit2.o(.ARM.Collect$$libinit$$00000021)
    __rt_lib_init_heap_1                     0x000002fb   Thumb Code     0  libinit2.o(.ARM.Collect$$libinit$$00000008)
    __rt_lib_init_lc_collate_1               0x000002fb   Thumb Code     0  libinit2.o(.ARM.Collect$$libinit$$0000000F)
    __rt_lib_init_lc_ctype_1                 0x000002fb   Thumb Code     0  libinit2.o(.ARM.Collect$$libinit$$00000011)
    __rt_lib_init_lc_monetary_1              0x000002fb   Thumb Code     0  libinit2.o(.ARM.Collect$$libinit$$00000013)
    __rt_lib_init_lc_numeric_1               0x000002fb   Thumb Code     0  libinit2.o(.ARM.Collect$$libinit$$00000015)
    __rt_lib_init_lc_time_1                  0x000002fb   Thumb Code     0  libinit2.o(.ARM.Collect$$libinit$$00000017)
    __rt_lib_init_rand_1                     0x000002fb   Thumb Code     0  libinit2.o(.ARM.Collect$$libinit$$0000000C)
    __rt_lib_init_return                     0x000002fb   Thumb Code     0  libinit2.o(.ARM.Collect$$libinit$$00000031)
    __rt_lib_init_signal_1                   0x000002fb   Thumb Code     0  libinit2.o(.ARM.Collect$$libinit$$0000001B)
    __rt_lib_init_stdio_1                    0x000002fb   Thumb Code     0  libinit2.o(.ARM.Collect$$libinit$$00000023)
    __rt_lib_init_user_alloc_1               0x000002fb   Thumb Code     0  libinit2.o(.ARM.Collect$$libinit$$0000000A)
    __rt_lib_shutdown                        0x000002fd   Thumb Code     0  libshutdown.o(.ARM.Collect$$libshutdown$$00000000)
    __rt_lib_shutdown_fp_trap_1              0x000002ff   Thumb Code     0  libshutdown2.o(.ARM.Collect$$libshutdown$$00000006)
    __rt_lib_shutdown_heap_1                 0x000002ff   Thumb Code     0  libshutdown2.o(.ARM.Collect$$libshutdown$$0000000E)
    __rt_lib_shutdown_return                 0x000002ff   Thumb Code     0  libshutdown2.o(.ARM.Collect$$libshutdown$$0000000F)
    __rt_lib_shutdown_signal_1               0x000002ff   Thumb Code     0  libshutdown2.o(.ARM.Collect$$libshutdown$$00000009)
    __rt_lib_shutdown_stdio_1                0x000002ff   Thumb Code     0  libshutdown2.o(.ARM.Collect$$libshutdown$$00000003)
    __rt_lib_shutdown_user_alloc_1           0x000002ff   Thumb Code     0  libshutdown2.o(.ARM.Collect$$libshutdown$$0000000B)
    __rt_entry                               0x00000301   Thumb Code     0  rtentry.o(.ARM.Collect$$rtentry$$00000000)
    __rt_entry_presh_1                       0x00000301   Thumb Code     0  rtentry2.o(.ARM.Collect$$rtentry$$00000002)
    __rt_entry_sh                            0x00000301   Thumb Code     0  rtentry4.o(.ARM.Collect$$rtentry$$00000004)
    __rt_entry_li                            0x00000307   Thumb Code     0  rtentry2.o(.ARM.Collect$$rtentry$$0000000A)
    __rt_entry_postsh_1                      0x00000307   Thumb Code     0  rtentry2.o(.ARM.Collect$$rtentry$$00000009)
    __rt_entry_main                          0x0000030b   Thumb Code     0  rtentry2.o(.ARM.Collect$$rtentry$$0000000D)
    __rt_entry_postli_1                      0x0000030b   Thumb Code     0  rtentry2.o(.ARM.Collect$$rtentry$$0000000C)
    __rt_exit                                0x00000313   Thumb Code     0  rtexit.o(.ARM.Collect$$rtexit$$00000000)
    __rt_exit_ls                             0x00000315   Thumb Code     0  rtexit2.o(.ARM.Collect$$rtexit$$00000003)
    __rt_exit_prels_1                        0x00000315   Thumb Code     0  rtexit2.o(.ARM.Collect$$rtexit$$00000002)
    __rt_exit_exit                           0x00000319   Thumb Code     0  rtexit2.o(.ARM.Collect$$rtexit$$00000004)
    DisableInterrupts                        0x00000321   Thumb Code     0  startup.o(.text)
    EnableInterrupts                         0x00000325   Thumb Code     0  startup.o(.text)
    StartCritical                            0x00000329   Thumb Code     0  startup.o(.text)
    EndCritical                              0x00000331   Thumb Code     0  startup.o(.text)
    WaitForInterrupt                         0x00000337   Thumb Code     0  startup.o(.text)
    __user_initial_stackheap                 0x0000033b   Thumb Code     0  startup.o(.text)
    __use_two_region_memory                  0x00000351   Thumb Code     2  heapauxi.o(.text)
    __rt_heap_escrow$2region                 0x00000353   Thumb Code     2  heapauxi.o(.text)
    __rt_heap_expand$2region                 0x00000355   Thumb Code     2  heapauxi.o(.text)
    __user_setup_stackheap                   0x00000357   Thumb Code    74  sys_stackheap_outer.o(.text)
    exit                                     0x000003a1   Thumb Code    12  exit.o(.text)
    __user_libspace                          0x000003ad   Thumb Code     8  libspace.o(.text)
    __user_perproc_libspace                  0x000003ad   Thumb Code     0  libspace.o(.text)
    __user_perthread_libspace                0x000003ad   Thumb Code     0  libspace.o(.text)
    _sys_exit                                0x000003b5   Thumb Code     8  sys_exit.o(.text)
    __I$use$semihosting                      0x000003c1   Thumb Code     0  use_no_semi.o(.text)
    __use_no_semihosting_swi                 0x000003c1   Thumb Code     2  use_no_semi.o(.text)
    __semihosting_library_function           0x000003c3   Thumb Code     0  indicate_semi.o(.text)
    ADC0_In                                  0x000003c5   Thumb Code    46  adc.o(i.ADC0_In)
    ADC0_Init                                0x000003fd   Thumb Code   178  adc.o(i.ADC0_Init)
    ADC1_In                                  0x000004d1   Thumb Code     6  texas.o(i.ADC1_In)
    ADC1_Init                                0x000004dd   Thumb Code   174  texas.o(i.ADC1_Init)
    Convert                                  0x000005b1   Thumb Code    20  conversion.o(i.Convert)
    DAC_Init                                 0x000005c5   Thumb Code    84  dac.o(i.DAC_Init)
    DAC_Out                                  0x00000631   Thumb Code     6  dac.o(i.DAC_Out)
    Delay10ms                                0x0000063d   Thumb Code    24  spaceinvaders.o(i.Delay10ms)
    GPIO_ButtonsInit                         0x00000655   Thumb Code    96  gpio.o(i.GPIO_ButtonsInit)
    GPIO_FireButtonIn                        0x000006d1   Thumb Code    10  gpio.o(i.GPIO_FireButtonIn)
    GPIO_IndicatorInit                       0x000006e1   Thumb Code    84  gpio.o(i.GPIO_IndicatorInit)
    GPIO_SpecialButtonIn                     0x0000074d   Thumb Code    10  gpio.o(i.GPIO_SpecialButtonIn)
    GPIO_TurnOffFireIndicator                0x0000075d   Thumb Code    16  gpio.o(i.GPIO_TurnOffFireIndicator)
    GPIO_TurnOffSpecialIndicator             0x00000775   Thumb Code    16  gpio.o(i.GPIO_TurnOffSpecialIndicator)
    GPIO_TurnOnFireIndicator                 0x0000078d   Thumb Code    16  gpio.o(i.GPIO_TurnOnFireIndicator)
    GPIO_TurnOnSpecialIndicator              0x000007a5   Thumb Code    16  gpio.o(i.GPIO_TurnOnSpecialIndicator)
    GameEngine_Init                          0x0000086d   Thumb Code    66  gameengine.o(i.GameEngine_Init)
    GameEngine_MainEngine                    0x000008e1   Thumb Code    24  gameengine.o(i.GameEngine_MainEngine)
    Nokia5110_Clear                          0x00000a15   Thumb Code    32  nokia5110.o(i.Nokia5110_Clear)
    Nokia5110_ClearBuffer                    0x00000a35   Thumb Code    20  nokia5110.o(i.Nokia5110_ClearBuffer)
    Nokia5110_DisplayBuffer                  0x00000a4d   Thumb Code    10  nokia5110.o(i.Nokia5110_DisplayBuffer)
    Nokia5110_DrawFullImage                  0x00000a5d   Thumb Code    34  nokia5110.o(i.Nokia5110_DrawFullImage)
    Nokia5110_Init                           0x00000a81   Thumb Code   316  nokia5110.o(i.Nokia5110_Init)
    Nokia5110_OutChar                        0x00000bed   Thumb Code    52  nokia5110.o(i.Nokia5110_OutChar)
    Nokia5110_OutString                      0x00000c25   Thumb Code    22  nokia5110.o(i.Nokia5110_OutString)
    Nokia5110_PrintBMP                       0x00000c3d   Thumb Code   420  nokia5110.o(i.Nokia5110_PrintBMP)
    Nokia5110_SetCursor                      0x00000de5   Thumb Code    48  nokia5110.o(i.Nokia5110_SetCursor)
    PLL_Init                                 0x00000e15   Thumb Code   118  texas.o(i.PLL_Init)
    Play                                     0x00000e91   Thumb Code    52  sound.o(i.Play)
    SetCode                                  0x00000ed1   Thumb Code    20  texas.o(i.SetCode)
    SetCourse                                0x00000ee9   Thumb Code    20  texas.o(i.SetCourse)
    Sound_Init                               0x00000f01   Thumb Code    28  sound.o(i.Sound_Init)
    Sound_Play                               0x00000f29   Thumb Code    24  sound.o(i.Sound_Play)
    Sound_Shoot                              0x00000f51   Thumb Code    14  sound.o(i.Sound_Shoot)
    Sound_TurnOff                            0x00000f65   Thumb Code    20  sound.o(i.Sound_TurnOff)
    Sprites_Draw                             0x00000fa9   Thumb Code   100  sprites.o(i.Sprites_Draw)
    Sprites_Init                             0x00001019   Thumb Code    74  sprites.o(i.Sprites_Init)
    Sprites_Move                             0x00001075   Thumb Code    12  sprites.o(i.Sprites_Move)
    Sprites_MovePlayerShip                   0x00001121   Thumb Code     6  sprites.o(i.Sprites_MovePlayerShip)
    Sprites_SendMissile                      0x0000112d   Thumb Code    26  sprites.o(i.Sprites_SendMissile)
    SysTick_Handler                          0x00001151   Thumb Code    10  systick.o(i.SysTick_Handler)
    SysTick_Init                             0x00001161   Thumb Code    42  systick.o(i.SysTick_Init)
    TExaS_Init                               0x00001195   Thumb Code   324  texas.o(i.TExaS_Init)
    Timer0A_Handler                          0x00001359   Thumb Code    22  timer.o(i.Timer0A_Handler)
    Timer2A_Handler                          0x000013ed   Thumb Code    16  timer.o(i.Timer2A_Handler)
    Timer4A_Handler                          0x00001479   Thumb Code    20  texas.o(i.Timer4A_Handler)
    Timer5A_Handler                          0x00001499   Thumb Code    34  texas.o(i.Timer5A_Handler)
    Timer_InitTimers                         0x000014c9   Thumb Code    24  timer.o(i.Timer_InitTimers)
    UART0_Init                               0x000014e9   Thumb Code   160  texas.o(i.UART0_Init)
    main                                     0x000015f5   Thumb Code    26  spaceinvaders.o(i.main)
    NoInputMsg                               0x000017ee   Data          40  texas.o(.constdata)
    OutputPortMsg0                           0x00001816   Data          40  texas.o(.constdata)
    OutputPortMsg1                           0x0000183e   Data          40  texas.o(.constdata)
    OutputPortMsg2                           0x00001866   Data          40  texas.o(.constdata)
    OutputPortMsg3                           0x0000188e   Data          40  texas.o(.constdata)
    BlankMsg                                 0x000018b6   Data          40  texas.o(.constdata)
    InitializedMsg                           0x000018de   Data          40  texas.o(.constdata)
    IntroMsg                                 0x00001906   Data          40  texas.o(.constdata)
    DoneMsg                                  0x0000192e   Data          40  texas.o(.constdata)
    shoot                                    0x00001956   Data        4080  sound.o(.constdata)
    invaderkilled                            0x00002946   Data        3377  sound.o(.constdata)
    explosion                                0x00003677   Data        2000  sound.o(.constdata)
    fastinvader1                             0x00003e47   Data         982  sound.o(.constdata)
    fastinvader2                             0x0000421d   Data        1042  sound.o(.constdata)
    fastinvader3                             0x0000462f   Data        1054  sound.o(.constdata)
    fastinvader4                             0x00004a4d   Data        1098  sound.o(.constdata)
    highpitch                                0x00004e97   Data        1802  sound.o(.constdata)
    SmallEnemy30PointA                       0x00005781   Data         199  sprites.o(.constdata)
    PlayerShip0                              0x00005848   Data         215  sprites.o(.constdata)
    Missile2                                 0x0000591f   Data         155  sprites.o(.constdata)
    Missile1                                 0x000059ba   Data         155  sprites.o(.constdata)
    Region$$Table$$Base                      0x00005a58   Number         0  anon$$obj.o(Region$$Table)
    Region$$Table$$Limit                     0x00005a78   Number         0  anon$$obj.o(Region$$Table)
    TExaS_Period                             0x20000000   Data           4  texas.o(.data)
    TExaS_Ports                              0x20000004   Data           8  texas.o(.data)
    Display                                  0x2000000c   Data           1  texas.o(.data)
    TExaS_Meter                              0x20000010   Data           4  texas.o(.data)
    ADCnum                                   0x20000014   Data           4  texas.o(.data)
    LastMode                                 0x20000018   Data           4  texas.o(.data)
    bFlag                                    0x2000001c   Data           4  texas.o(.data)
    Count                                    0x20000020   Data           4  texas.o(.data)
    DelayBetweenTests                        0x20000024   Data           4  texas.o(.data)
    TExaS_Test                               0x20000028   Data           4  texas.o(.data)
    ScopeMode                                0x2000002c   Data           4  texas.o(.data)
    ScopeCount                               0x20000030   Data           4  texas.o(.data)
    CallbackFunction                         0x20000034   Data           4  systick.o(.data)
    Timer_EnemiesPositionUpdated             0x20000038   Data           4  timer.o(.data)
    Timer_ReadInput                          0x2000003c   Data           4  timer.o(.data)
    Timer_MoveInvaders                       0x20000040   Data           4  timer.o(.data)
    Index                                    0x20000044   Data           4  sound.o(.data)
    CountWave                                0x20000048   Data           4  sound.o(.data)
    Wave                                     0x2000004c   Data           4  sound.o(.data)
    GameEngine_ADCData                       0x20000054   Data           4  gameengine.o(.data)
    GameEngine_ShipPosition                  0x20000058   Data           4  gameengine.o(.data)
    Screen                                   0x2000005c   Data         504  nokia5110.o(.bss)
    TExaS                                    0x20000258   Data          56  texas.o(.bss)
    Sprites_PlayerShip                       0x20000290   Data          16  sprites.o(.bss)
    Enemy                                    0x200002a0   Data          48  sprites.o(.bss)
    Missile                                  0x200002d0   Data          16  sprites.o(.bss)
    GameEngine_FireButton                    0x200002e0   Data          12  gameengine.o(.bss)
    GameEngine_SpecialButton                 0x200002ec   Data          12  gameengine.o(.bss)
    __libspace_start                         0x200002f8   Data          96  libspace.o(.bss)
    __temporary_stack_top$libspace           0x20000358   Data           0  libspace.o(.bss)



==============================================================================

Memory Map of the image

  Image Entry point : 0x0000026d

  Load Region LR_1 (Base: 0x00000000, Size: 0x00005ad4, Max: 0xffffffff, ABSOLUTE)

    Execution Region ER_RO (Base: 0x00000000, Size: 0x00005a78, Max: 0xffffffff, ABSOLUTE)

    Base Addr    Size         Type   Attr      Idx    E Section Name        Object

    0x00000000   0x00000284   Code   RO            3  * RESET               startup.o
    0x00000284   0x00000008   Code   RO          700  * !!!main             c_w.l(__main.o)
    0x0000028c   0x00000034   Code   RO          854    !!!scatter          c_w.l(__scatter.o)
    0x000002c0   0x0000001a   Code   RO          856    !!handler_copy      c_w.l(__scatter_copy.o)
    0x000002da   0x00000002   PAD
    0x000002dc   0x0000001c   Code   RO          858    !!handler_zi        c_w.l(__scatter_zi.o)
    0x000002f8   0x00000002   Code   RO          727    .ARM.Collect$$libinit$$00000000  c_w.l(libinit.o)
    0x000002fa   0x00000000   Code   RO          734    .ARM.Collect$$libinit$$00000002  c_w.l(libinit2.o)
    0x000002fa   0x00000000   Code   RO          737    .ARM.Collect$$libinit$$00000008  c_w.l(libinit2.o)
    0x000002fa   0x00000000   Code   RO          739    .ARM.Collect$$libinit$$0000000A  c_w.l(libinit2.o)
    0x000002fa   0x00000000   Code   RO          741    .ARM.Collect$$libinit$$0000000C  c_w.l(libinit2.o)
    0x000002fa   0x00000000   Code   RO          744    .ARM.Collect$$libinit$$0000000F  c_w.l(libinit2.o)
    0x000002fa   0x00000000   Code   RO          746    .ARM.Collect$$libinit$$00000011  c_w.l(libinit2.o)
    0x000002fa   0x00000000   Code   RO          748    .ARM.Collect$$libinit$$00000013  c_w.l(libinit2.o)
    0x000002fa   0x00000000   Code   RO          750    .ARM.Collect$$libinit$$00000015  c_w.l(libinit2.o)
    0x000002fa   0x00000000   Code   RO          752    .ARM.Collect$$libinit$$00000017  c_w.l(libinit2.o)
    0x000002fa   0x00000000   Code   RO          754    .ARM.Collect$$libinit$$00000019  c_w.l(libinit2.o)
    0x000002fa   0x00000000   Code   RO          756    .ARM.Collect$$libinit$$0000001B  c_w.l(libinit2.o)
    0x000002fa   0x00000000   Code   RO          758    .ARM.Collect$$libinit$$0000001D  c_w.l(libinit2.o)
    0x000002fa   0x00000000   Code   RO          760    .ARM.Collect$$libinit$$0000001F  c_w.l(libinit2.o)
    0x000002fa   0x00000000   Code   RO          762    .ARM.Collect$$libinit$$00000021  c_w.l(libinit2.o)
    0x000002fa   0x00000000   Code   RO          764    .ARM.Collect$$libinit$$00000023  c_w.l(libinit2.o)
    0x000002fa   0x00000000   Code   RO          768    .ARM.Collect$$libinit$$0000002A  c_w.l(libinit2.o)
    0x000002fa   0x00000000   Code   RO          770    .ARM.Collect$$libinit$$0000002C  c_w.l(libinit2.o)
    0x000002fa   0x00000000   Code   RO          772    .ARM.Collect$$libinit$$0000002E  c_w.l(libinit2.o)
    0x000002fa   0x00000000   Code   RO          774    .ARM.Collect$$libinit$$00000030  c_w.l(libinit2.o)
    0x000002fa   0x00000002   Code   RO          775    .ARM.Collect$$libinit$$00000031  c_w.l(libinit2.o)
    0x000002fc   0x00000002   Code   RO          795    .ARM.Collect$$libshutdown$$00000000  c_w.l(libshutdown.o)
    0x000002fe   0x00000000   Code   RO          809    .ARM.Collect$$libshutdown$$00000003  c_w.l(libshutdown2.o)
    0x000002fe   0x00000000   Code   RO          812    .ARM.Collect$$libshutdown$$00000006  c_w.l(libshutdown2.o)
    0x000002fe   0x00000000   Code   RO          815    .ARM.Collect$$libshutdown$$00000009  c_w.l(libshutdown2.o)
    0x000002fe   0x00000000   Code   RO          817    .ARM.Collect$$libshutdown$$0000000B  c_w.l(libshutdown2.o)
    0x000002fe   0x00000000   Code   RO          820    .ARM.Collect$$libshutdown$$0000000E  c_w.l(libshutdown2.o)
    0x000002fe   0x00000002   Code   RO          821    .ARM.Collect$$libshutdown$$0000000F  c_w.l(libshutdown2.o)
    0x00000300   0x00000000   Code   RO          702    .ARM.Collect$$rtentry$$00000000  c_w.l(rtentry.o)
    0x00000300   0x00000000   Code   RO          704    .ARM.Collect$$rtentry$$00000002  c_w.l(rtentry2.o)
    0x00000300   0x00000006   Code   RO          716    .ARM.Collect$$rtentry$$00000004  c_w.l(rtentry4.o)
    0x00000306   0x00000000   Code   RO          706    .ARM.Collect$$rtentry$$00000009  c_w.l(rtentry2.o)
    0x00000306   0x00000004   Code   RO          707    .ARM.Collect$$rtentry$$0000000A  c_w.l(rtentry2.o)
    0x0000030a   0x00000000   Code   RO          709    .ARM.Collect$$rtentry$$0000000C  c_w.l(rtentry2.o)
    0x0000030a   0x00000008   Code   RO          710    .ARM.Collect$$rtentry$$0000000D  c_w.l(rtentry2.o)
    0x00000312   0x00000002   Code   RO          731    .ARM.Collect$$rtexit$$00000000  c_w.l(rtexit.o)
    0x00000314   0x00000000   Code   RO          777    .ARM.Collect$$rtexit$$00000002  c_w.l(rtexit2.o)
    0x00000314   0x00000004   Code   RO          778    .ARM.Collect$$rtexit$$00000003  c_w.l(rtexit2.o)
    0x00000318   0x00000006   Code   RO          779    .ARM.Collect$$rtexit$$00000004  c_w.l(rtexit2.o)
    0x0000031e   0x00000002   PAD
    0x00000320   0x00000030   Code   RO            4    .text               startup.o
    0x00000350   0x00000006   Code   RO          698    .text               c_w.l(heapauxi.o)
    0x00000356   0x0000004a   Code   RO          718    .text               c_w.l(sys_stackheap_outer.o)
    0x000003a0   0x0000000c   Code   RO          720    .text               c_w.l(exit.o)
    0x000003ac   0x00000008   Code   RO          728    .text               c_w.l(libspace.o)
    0x000003b4   0x0000000c   Code   RO          787    .text               c_w.l(sys_exit.o)
    0x000003c0   0x00000002   Code   RO          798    .text               c_w.l(use_no_semi.o)
    0x000003c2   0x00000000   Code   RO          800    .text               c_w.l(indicate_semi.o)
    0x000003c2   0x00000002   PAD
    0x000003c4   0x00000038   Code   RO          273    i.ADC0_In           adc.o
    0x000003fc   0x000000d4   Code   RO          274    i.ADC0_Init         adc.o
    0x000004d0   0x0000000c   Code   RO          154    i.ADC1_In           texas.o
    0x000004dc   0x000000d4   Code   RO          155    i.ADC1_Init         texas.o
    0x000005b0   0x00000014   Code   RO          294    i.Convert           conversion.o
    0x000005c4   0x0000006c   Code   RO          313    i.DAC_Init          dac.o
    0x00000630   0x0000000c   Code   RO          314    i.DAC_Out           dac.o
    0x0000063c   0x00000018   Code   RO          108    i.Delay10ms         spaceinvaders.o
    0x00000654   0x0000007c   Code   RO          335    i.GPIO_ButtonsInit  gpio.o
    0x000006d0   0x00000010   Code   RO          336    i.GPIO_FireButtonIn  gpio.o
    0x000006e0   0x0000006c   Code   RO          337    i.GPIO_IndicatorInit  gpio.o
    0x0000074c   0x00000010   Code   RO          338    i.GPIO_SpecialButtonIn  gpio.o
    0x0000075c   0x00000018   Code   RO          339    i.GPIO_TurnOffFireIndicator  gpio.o
    0x00000774   0x00000018   Code   RO          340    i.GPIO_TurnOffSpecialIndicator  gpio.o
    0x0000078c   0x00000018   Code   RO          341    i.GPIO_TurnOnFireIndicator  gpio.o
    0x000007a4   0x00000018   Code   RO          342    i.GPIO_TurnOnSpecialIndicator  gpio.o
    0x000007bc   0x0000000c   Code   RO          597    i.GameEngine_Attack  gameengine.o
    0x000007c8   0x00000030   Code   RO          598    i.GameEngine_CheckGameOver  gameengine.o
    0x000007f8   0x00000074   Code   RO          599    i.GameEngine_DestroyInvader  gameengine.o
    0x0000086c   0x0000005c   Code   RO          601    i.GameEngine_Init   gameengine.o
    0x000008c8   0x00000018   Code   RO          602    i.GameEngine_InitDisplay  gameengine.o
    0x000008e0   0x00000018   Code   RO          603    i.GameEngine_MainEngine  gameengine.o
    0x000008f8   0x00000020   Code   RO          604    i.GameEngine_MovePlayerShip  gameengine.o
    0x00000918   0x00000020   Code   RO          605    i.GameEngine_RefreshScreen  gameengine.o
    0x00000938   0x00000010   Code   RO          606    i.GameEngine_SenseCursorPosition  gameengine.o
    0x00000948   0x00000034   Code   RO          607    i.GameEngine_SenseFireButton  gameengine.o
    0x0000097c   0x00000010   Code   RO          608    i.GameEngine_SenseInput  gameengine.o
    0x0000098c   0x00000034   Code   RO          609    i.GameEngine_SenseSpecialButton  gameengine.o
    0x000009c0   0x00000030   Code   RO          610    i.GameEngine_performFire  gameengine.o
    0x000009f0   0x00000024   Code   RO          611    i.GameEngine_performSpecialAttack  gameengine.o
    0x00000a14   0x00000020   Code   RO           12    i.Nokia5110_Clear   nokia5110.o
    0x00000a34   0x00000018   Code   RO           13    i.Nokia5110_ClearBuffer  nokia5110.o
    0x00000a4c   0x00000010   Code   RO           15    i.Nokia5110_DisplayBuffer  nokia5110.o
    0x00000a5c   0x00000022   Code   RO           16    i.Nokia5110_DrawFullImage  nokia5110.o
    0x00000a7e   0x00000002   PAD
    0x00000a80   0x0000016c   Code   RO           17    i.Nokia5110_Init    nokia5110.o
    0x00000bec   0x00000038   Code   RO           18    i.Nokia5110_OutChar  nokia5110.o
    0x00000c24   0x00000016   Code   RO           19    i.Nokia5110_OutString  nokia5110.o
    0x00000c3a   0x00000002   PAD
    0x00000c3c   0x000001a8   Code   RO           21    i.Nokia5110_PrintBMP  nokia5110.o
    0x00000de4   0x00000030   Code   RO           22    i.Nokia5110_SetCursor  nokia5110.o
    0x00000e14   0x0000007c   Code   RO          156    i.PLL_Init          texas.o
    0x00000e90   0x00000040   Code   RO          453    i.Play              sound.o
    0x00000ed0   0x00000018   Code   RO          157    i.SetCode           texas.o
    0x00000ee8   0x00000018   Code   RO          158    i.SetCourse         texas.o
    0x00000f00   0x00000028   Code   RO          460    i.Sound_Init        sound.o
    0x00000f28   0x00000028   Code   RO          462    i.Sound_Play        sound.o
    0x00000f50   0x00000014   Code   RO          463    i.Sound_Shoot       sound.o
    0x00000f64   0x00000018   Code   RO          464    i.Sound_TurnOff     sound.o
    0x00000f7c   0x0000002c   Code   RO          538    i.Sprites_AdvanceEnemies  sprites.o
    0x00000fa8   0x00000070   Code   RO          539    i.Sprites_Draw      sprites.o
    0x00001018   0x0000005c   Code   RO          540    i.Sprites_Init      sprites.o
    0x00001074   0x0000000c   Code   RO          541    i.Sprites_Move      sprites.o
    0x00001080   0x0000007c   Code   RO          542    i.Sprites_MoveEnemies  sprites.o
    0x000010fc   0x00000024   Code   RO          543    i.Sprites_MoveMissile  sprites.o
    0x00001120   0x0000000c   Code   RO          544    i.Sprites_MovePlayerShip  sprites.o
    0x0000112c   0x00000024   Code   RO          545    i.Sprites_SendMissile  sprites.o
    0x00001150   0x00000010   Code   RO          389    i.SysTick_Handler   systick.o
    0x00001160   0x00000034   Code   RO          390    i.SysTick_Init      systick.o
    0x00001194   0x000001c4   Code   RO          162    i.TExaS_Init        texas.o
    0x00001358   0x00000024   Code   RO          413    i.Timer0A_Handler   timer.o
    0x0000137c   0x00000070   Code   RO          414    i.Timer0_Init       timer.o
    0x000013ec   0x00000018   Code   RO          415    i.Timer2A_Handler   timer.o
    0x00001404   0x00000074   Code   RO          416    i.Timer2_Init       timer.o
    0x00001478   0x00000020   Code   RO          164    i.Timer4A_Handler   texas.o
    0x00001498   0x00000030   Code   RO          165    i.Timer5A_Handler   texas.o
    0x000014c8   0x00000020   Code   RO          417    i.Timer_InitTimers  timer.o
    0x000014e8   0x000000c0   Code   RO          168    i.UART0_Init        texas.o
    0x000015a8   0x0000004c   Code   RO           24    i.lcdwrite          nokia5110.o
    0x000015f4   0x0000001a   Code   RO          109    i.main              spaceinvaders.o
    0x0000160e   0x000001e0   Data   RO           26    .constdata          nokia5110.o
    0x000017ee   0x00000168   Data   RO          173    .constdata          texas.o
    0x00001956   0x00003c4b   Data   RO          465    .constdata          sound.o
    0x000055a1   0x000004b4   Data   RO          547    .constdata          sprites.o
    0x00005a55   0x00000003   PAD
    0x00005a58   0x00000020   Data   RO          852    Region$$Table       anon$$obj.o


    Execution Region ER_RW (Base: 0x20000000, Size: 0x0000005c, Max: 0xffffffff, ABSOLUTE)

    Base Addr    Size         Type   Attr      Idx    E Section Name        Object

    0x20000000   0x00000034   Data   RW          174    .data               texas.o
    0x20000034   0x00000004   Data   RW          391    .data               systick.o
    0x20000038   0x0000000c   Data   RW          418    .data               timer.o
    0x20000044   0x0000000c   Data   RW          466    .data               sound.o
    0x20000050   0x00000004   Data   RW          548    .data               sprites.o
    0x20000054   0x00000008   Data   RW          614    .data               gameengine.o


    Execution Region ER_ZI (Base: 0x2000005c, Size: 0x000006fc, Max: 0xffffffff, ABSOLUTE)

    Base Addr    Size         Type   Attr      Idx    E Section Name        Object

    0x2000005c   0x000001f8   Zero   RW           25    .bss                nokia5110.o
    0x20000254   0x00000004   PAD
    0x20000258   0x00000038   Zero   RW          172    .bss                texas.o
    0x20000290   0x00000050   Zero   RW          546    .bss                sprites.o
    0x200002e0   0x00000018   Zero   RW          612    .bss                gameengine.o
    0x200002f8   0x00000060   Zero   RW          729    .bss                c_w.l(libspace.o)
    0x20000358   0x00000000   Zero   RW            2    HEAP                startup.o
    0x20000358   0x00000400   Zero   RW            1    STACK               startup.o


==============================================================================

Image component sizes


      Code (inc. data)   RO Data    RW Data    ZI Data      Debug   Object Name

       268         44          0          0          0        970   adc.o
        20          0          0          0          0        582   conversion.o
       120         30          0          0          0        913   dac.o
       600         98          0          8         24       7438   gameengine.o
       360         96          0          0          0       3683   gpio.o
      1096         76        480          0        504       9673   nokia5110.o
       188         50      15435         12          0       3386   sound.o
        50          0          0          0          0       1283   spaceinvaders.o
       468         64       1204          4         80       5372   sprites.o
       692        632          0          0       1024       1044   startup.o
        68         16          0          4          0       1544   systick.o
      1120        244        360         52         56      16372   texas.o
       320         82          0         12          0       3061   timer.o

    ----------------------------------------------------------------------
      5374       1432      17514         92       1692      55321   Object Totals
         0          0         32          0          0          0   (incl. Generated)
         4          0          3          0          4          0   (incl. Padding)

    ----------------------------------------------------------------------

      Code (inc. data)   RO Data    RW Data    ZI Data      Debug   Library Member Name

         8          0          0          0          0         68   __main.o
        52          8          0          0          0          0   __scatter.o
        26          0          0          0          0          0   __scatter_copy.o
        28          0          0          0          0          0   __scatter_zi.o
        12          0          0          0          0         72   exit.o
         6          0          0          0          0        152   heapauxi.o
         0          0          0          0          0          0   indicate_semi.o
         2          0          0          0          0          0   libinit.o
         2          0          0          0          0          0   libinit2.o
         2          0          0          0          0          0   libshutdown.o
         2          0          0          0          0          0   libshutdown2.o
         8          4          0          0         96         68   libspace.o
         0          0          0          0          0          0   rtentry.o
        12          0          0          0          0          0   rtentry2.o
         6          0          0          0          0          0   rtentry4.o
         2          0          0          0          0          0   rtexit.o
        10          0          0          0          0          0   rtexit2.o
        12          4          0          0          0         68   sys_exit.o
        74          0          0          0          0         80   sys_stackheap_outer.o
         2          0          0          0          0         68   use_no_semi.o

    ----------------------------------------------------------------------
       272         16          0          0         96        576   Library Totals
         6          0          0          0          0          0   (incl. Padding)

    ----------------------------------------------------------------------

      Code (inc. data)   RO Data    RW Data    ZI Data      Debug   Library Name

       266         16          0          0         96        576   c_w.l

    ----------------------------------------------------------------------
       272         16          0          0         96        576   Library Totals

    ----------------------------------------------------------------------

==============================================================================


      Code (inc. data)   RO Data    RW Data    ZI Data      Debug   

      5646       1448      17514         92       1788      52309   Grand Totals
      5646       1448      17514         92       1788      52309   ELF Image Totals
      5646       1448      17514         92          0          0   ROM Totals

==============================================================================

    Total RO  Size (Code + RO Data)                23160 (  22.62kB)
    Total RW  Size (RW Data + ZI Data)              1880 (   1.84kB)
    Total ROM Size (Code + RO Data + RW Data)      23252 (  22.71kB)

==============================================================================

