<html>
<body>
<pre>
<h1>µVision Build Log</h1>
<h2>Project:</h2>
C:\Users\uie94579\Documents\Personal\BaidonGitRepository\BaidonRoadmap\MultiThreadedInterfaceUTAustin\Lab15_SpaceInvaders\SpaceInvaders.uvproj
Project File Date:  04/14/2022

<h2>Output:</h2>
Build target 'SpaceInvaders'
compiling SpaceInvaders.c...
linking...
Program Size: Code=4268 RO-data=16308 RW-data=84 ZI-data=1188  
".\SpaceInvaders.axf" - 0 Error(s), 0 Warning(s).
</pre>
</body>
</html>
nking...
.\SpaceInvaders.axf: Error: L6218E: Undefined symbol Soundtest_init (referred from spaceinvaders.o).
Not enough information to list image symbols.
Finished: 1 information, 0 warning and 1 error messages.
".\SpaceInvaders.axf" - 1 Error(s), 1 Warning(s).
Target not created
ceInvaders.axf" - 3 Error(s), 0 Warning(s).
Target not created
0_R" is undefined
    NVIC_EN0_R = 1<<19;           // 9) enable IRQ 19 in NVIC
Sound.c(1169): error:  #20: identifier "TIMER0_CTL_R" is undefined
    TIMER0_CTL_R = 0x00000001;    // 10) enable TIMER0A
Sound.c: 0 warnings, 3 errors
".\SpaceInvaders.axf" - 3 Error(s), 2 Warning(s).
Target not created
Wave[SIZE_OF_SINE_TABLE] = {4,5,6,7,7,7,6,5,4,3,2,1,1,1,2,3};
SpaceInvaders.c(99): warning:  #174-D: expression has no effect
  const unsigned char SineWave[SIZE_OF_SINE_TABLE] = {4,5,6,7,7,7,6,5,4,3,2,1,1,1,2,3};
SpaceInvaders.c(99): warning:  #174-D: expression has no effect
  const unsigned char SineWave[SIZE_OF_SINE_TABLE] = {4,5,6,7,7,7,6,5,4,3,2,1,1,1,2,3};
SpaceInvaders.c(99): warning:  #174-D: expression has no effect
  const unsigned char SineWave[SIZE_OF_SINE_TABLE] = {4,5,6,7,7,7,6,5,4,3,2,1,1,1,2,3};
SpaceInvaders.c(99): warning:  #174-D: expression has no effect
  const unsigned char SineWave[SIZE_OF_SINE_TABLE] = {4,5,6,7,7,7,6,5,4,3,2,1,1,1,2,3};
SpaceInvaders.c(99): warning:  #174-D: expression has no effect
  const unsigned char SineWave[SIZE_OF_SINE_TABLE] = {4,5,6,7,7,7,6,5,4,3,2,1,1,1,2,3};
SpaceInvaders.c(99): warning:  #174-D: expression has no effect
  const unsigned char SineWave[SIZE_OF_SINE_TABLE] = {4,5,6,7,7,7,6,5,4,3,2,1,1,1,2,3};
SpaceInvaders.c(99): warning:  #174-D: expression has no effect
  const unsigned char SineWave[SIZE_OF_SINE_TABLE] = {4,5,6,7,7,7,6,5,4,3,2,1,1,1,2,3};
SpaceInvaders.c(99): warning:  #174-D: expression has no effect
  const unsigned char SineWave[SIZE_OF_SINE_TABLE] = {4,5,6,7,7,7,6,5,4,3,2,1,1,1,2,3};
SpaceInvaders.c(99): warning:  #174-D: expression has no effect
  const unsigned char SineWave[SIZE_OF_SINE_TABLE] = {4,5,6,7,7,7,6,5,4,3,2,1,1,1,2,3};
SpaceInvaders.c(99): warning:  #174-D: expression has no effect
  const unsigned char SineWave[SIZE_OF_SINE_TABLE] = {4,5,6,7,7,7,6,5,4,3,2,1,1,1,2,3};
SpaceInvaders.c(99): warning:  #174-D: expression has no effect
  const unsigned char SineWave[SIZE_OF_SINE_TABLE] = {4,5,6,7,7,7,6,5,4,3,2,1,1,1,2,3};
SpaceInvaders.c(99): warning:  #174-D: expression has no effect
  const unsigned char SineWave[SIZE_OF_SINE_TABLE] = {4,5,6,7,7,7,6,5,4,3,2,1,1,1,2,3};
SpaceInvaders.c(99): error:  #65: expected a ";"
  const unsigned char SineWave[SIZE_OF_SINE_TABLE] = {4,5,6,7,7,7,6,5,4,3,2,1,1,1,2,3};
SpaceInvaders.c(109): warning:  #223-D: function "GPIO_ButtonInit" declared implicitly
        GPIO_ButtonInit();
SpaceInvaders.c(110): warning:  #223-D: function "GPIO_LEDInit" declared implicitly
        GPIO_LEDInit();
SpaceInvaders.c(111): warning:  #223-D: function "ADC0_Init" declared implicitly
        ADC0_Init();
SpaceInvaders.c(112): warning:  #223-D: function "Sound_Init" declared implicitly
        Sound_Init();
SpaceInvaders.c(113): warning:  #223-D: function "Timer2_Init" declared implicitly
        Timer2_Init();
SpaceInvaders.c(114): warning:  #223-D: function "Soundtest_init" declared implicitly
        Soundtest_init();
SpaceInvaders.c(116): warning:  #223-D: function "EnableInterrupts" declared implicitly
        EnableInterrupts();
SpaceInvaders.c(119): warning:  #223-D: function "GPIO_FireButtonIn" declared implicitly
        previousFireButtonState = GPIO_FireButtonIn();
SpaceInvaders.c(120): warning:  #223-D: function "GPIO_SpecialButtonIn" declared implicitly
        previousSpecialButtonState = GPIO_SpecialButtonIn();
SpaceInvaders.c(129): warning:  #223-D: function "GPIO_TurnOnFireIndicator" declared implicitly
                        GPIO_TurnOnFireIndicator();
SpaceInvaders.c(130): warning:  #223-D: function "Soundtest_TurnOn" declared implicitly
                        Soundtest_TurnOn();
SpaceInvaders.c(131): warning:  #223-D: function "SysTick_SetTone" declared implicitly
                        SysTick_SetTone(C_NOTE);
SpaceInvaders.c(135): warning:  #223-D: function "GPIO_TurnOffFireIndicator" declared implicitly
                        GPIO_TurnOffFireIndicator();
SpaceInvaders.c(136): warning:  #223-D: function "Soundtest_TurnOff" declared implicitly
                        Soundtest_TurnOff();
SpaceInvaders.c(141): warning:  #223-D: function "GPIO_TurnOnSpecialIndicator" declared implicitly
                        GPIO_TurnOnSpecialIndicator();
SpaceInvaders.c(142): warning:  #223-D: function "Soundtest_TurnOn" declared implicitly
                        Soundtest_TurnOn();
SpaceInvaders.c(143): warning:  #223-D: function "SysTick_SetTone" declared implicitly
                        SysTick_SetTone(C_NOTE);
SpaceInvaders.c(147): warning:  #223-D: function "GPIO_TurnOffSpecialIndicator" declared implicitly
                        GPIO_TurnOffSpecialIndicator();
SpaceInvaders.c(148): warning:  #223-D: function "Soundtest_TurnOff" declared implicitly
                        Soundtest_TurnOff();
SpaceInvaders.c(151): error:  #20: identifier "Semaphore" is undefined
                if( Semaphore == 1)
SpaceInvaders.c(153): error:  #20: identifier "Distance" is undefined
                                Distance = Convert(ADCdata);
SpaceInvaders.c(153): warning:  #223-D: function "Convert" declared implicitly
                                Distance = Convert(ADCdata);
SpaceInvaders.c(153): error:  #20: identifier "ADCdata" is undefined
                                Distance = Convert(ADCdata);
SpaceInvaders.c(154): warning:  #223-D: function "ConvertDistance" declared implicitly
                                ConvertDistance(Distance);
SpaceInvaders.c(157): error:  #20: identifier "String" is undefined
                                Nokia5110_OutString((char*)String);
SpaceInvaders.c(163): warning:  #223-D: function "Delay10ms" declared implicitly
                Delay10ms();
SpaceInvaders.c(170): warning:  #223-D: function "Soundtest_GetFlag" declared implicitly
         if(Soundtest_GetFlag() == 1)
SpaceInvaders.c(172): warning:  #223-D: function "DAC_out" declared implicitly
                DAC_out(SineWave[Index]);
SpaceInvaders.c(172): error:  #20: identifier "SineWave" is undefined
                DAC_out(SineWave[Index]);
SpaceInvaders.c(179): error:  #20: identifier "TimerCount" is undefined
    TimerCount++;
SpaceInvaders.c(180): error:  #20: identifier "ADCdata" is undefined
        ADCdata= ADC0_In();
SpaceInvaders.c(180): warning:  #223-D: function "ADC0_In" declared implicitly
        ADCdata= ADC0_In();
SpaceInvaders.c(181): error:  #20: identifier "Semaphore" is undefined
    Semaphore = 1; // trigger   
SpaceInvaders.c(198): error:  #159: declaration is incompatible with previous "Delay10ms" (declared at line 163)
  void Delay10ms(void){unsigned long volatile time;
SpaceInvaders.c: 42 warnings, 11 errors
compiling SysTick.c...
SysTick.h(26): error:  #130: expected a "{"
  void SysTick_SetTone(double period);
SysTick.c(23): warning:  #12-D: parsing restarts here after previous syntax error
  {
SysTick.c(29): error:  #20: identifier "CallbackFunction" is undefined
        CallbackFunction = callback;
SysTick.c(42): warning:  #223-D: function "SysTick_SetPeriod" declared implicitly
        SysTick_SetPeriod(reloadValue);
SysTick.c: 2 warnings, 2 errors
compiling Sound.c...
SysTick.h(26): error:  #130: expected a "{"
  void SysTick_SetTone(double period);
Sound.c(13): warning:  #12-D: parsing restarts here after previous syntax error
  const unsigned char shoot[4080] = {
Sound.c(14): warning:  #174-D: expression has no effect
Sound.c(14): warning:  #174-D: expression has no effect
Sound.c(14): warning:  #174-D: expression has no effect
Sound.c(14): warning:  #174-D: expression has no effect
Sound.c(14): warning:  #174-D: expression has no effect
Sound.c(14): warning:  #174-D: expression has no effect
Sound.c(14): warning:  #174-D: expression has no effect
Sound.c(14): warning:  #174-D: expression has no effect
Sound.c(14): warning:  #174-D: expression has no effect
Sound.c(14): warning:  #174-D: expression has no effect
Sound.c(14): warning:  #174-D: expression has no effect
Sound.c(14): warning:  #174-D: expression has no effect
Sound.c(14): warning:  #174-D: expression has no effect
Sound.c(14): warning:  #174-D: expression has no effect
Sound.c(14): warning:  #174-D: expression has no effect
Sound.c(14): warning:  #174-D: expression has no effect
Sound.c(14): warning:  #174-D: expression has no effect
Sound.c(14): warning:  #174-D: expression has no effect
Sound.c(14): warning:  #174-D: expression has no effect
Sound.c(14): warning:  #174-D: expression has no effect
Sound.c(14): warning:  #174-D: expression has no effect
Sound.c(14): warning:  #174-D: expression has no effect
Sound.c(14): warning:  #174-D: expression has no effect
Sound.c(14): warning:  #174-D: expression has no effect
Sound.c(14): warning:  #174-D: expression has no effect
Sound.c(14): warning:  #174-D: expression has no effect
Sound.c(14): warning:  #174-D: expression has no effect
Sound.c(14): warning:  #174-D: expression has no effect
Sound.c(14): warning:  #174-D: expression has no effect
Sound.c(14): warning:  #174-D: expression has no effect
Sound.c(14): warning:  #174-D: expression has no effect
Sound.c(14): warning:  #174-D: expression has no effect
Sound.c(14): warning:  #174-D: expression has no effect
Sound.c(14): warning:  #174-D: expression has no effect
Sound.c(14): warning:  #174-D: expression has no effect
Sound.c(14): warning:  #174-D: expression has no effect
Sound.c(14): warning:  #174-D: expression has no effect
Sound.c(14): warning:  #174-D: expression has no effect
Sound.c(14): warning:  #174-D: expression has no effect
Sound.c(14): warning:  #174-D: expression has no effect
Sound.c(14): warning:  #174-D: expression has no effect
Sound.c(14): warning:  #174-D: expression has no effect
Sound.c(14): warning:  #174-D: expression has no effect
Sound.c(14): warning:  #174-D: expression has no effect
Sound.c(14): warning:  #174-D: expression has no effect
Sound.c(14): warning:  #174-D: expression has no effect
Sound.c(14): warning:  #174-D: expression has no effect
Sound.c(14): warning:  #174-D: expression has no effect
Sound.c(14): warning:  #174-D: expression has no effect
Sound.c(14): warning:  #174-D: expression has no effect
Sound.c(14): warning:  #174-D: expression has no effect
Sound.c(14): warning:  #174-D: expression has no effect
Sound.c(14): warning:  #174-D: expression has no effect
Sound.c(14): warning:  #174-D: expression has no effect
Sound.c(14): warning:  #174-D: expression has no effect
Sound.c(14): warning:  #174-D: expression has no effect
Sound.c(14): warning:  #174-D: expression has no effect
Sound.c(14): warning:  #174-D: expression has no effect
Sound.c(14): warning:  #174-D: expression has no effect
Sound.c(14): warning:  #174-D: expression has no effect
Sound.c(14): warning:  #174-D: expression has no effect
Sound.c(14): warning:  #174-D: expression has no effect
Sound.c(14): warning:  #174-D: expression has no effect
Sound.c(14): warning:  #174-D: expression has no effect
Sound.c(14): warning:  #174-D: expression has no effect
Sound.c(14): warning:  #174-D: expression has no effect
Sound.c(14): warning:  #174-D: expression has no effect
Sound.c(14): warning:  #174-D: expression has no effect
Sound.c(14): warning:  #174-D: expression has no effect
Sound.c(14): warning:  #174-D: expression has no effect
Sound.c(14): warning:  #174-D: expression has no effect
Sound.c(14): warning:  #174-D: expression has no effect
Sound.c(14): warning:  #174-D: expression has no effect
Sound.c(14): warning:  #174-D: expression has no effect
Sound.c(14): warning:  #174-D: expression has no effect
Sound.c(14): warning:  #174-D: expression has no effect
Sound.c(14): warning:  #174-D: expression has no effect
Sound.c(14): warning:  #174-D: expression has no effect
Sound.c(14): warning:  #174-D: expression has no effect
Sound.c(14): warning:  #174-D: expression has no effect
Sound.c(14): warning:  #174-D: expression has no effect
Sound.c(14): warning:  #174-D: expression has no effect
Sound.c(14): warning:  #174-D: expression has no effect
Sound.c(14): warning:  #174-D: expression has no effect
Sound.c(14): warning:  #174-D: expression has no effect
Sound.c(14): warning:  #174-D: expression has no effect
Sound.c(14): warning:  #174-D: expression has no effect
Sound.c(14): warning:  #174-D: expression has no effect
Sound.c(14): warning:  #174-D: expression has no effect
Sound.c(14): warning:  #174-D: expression has no effect
Sound.c(14): warning:  #174-D: expression has no effect
Sound.c(14): warning:  #174-D: expression has no effect
Sound.c(14): warning:  #174-D: expression has no effect
Sound.c(14): warning:  #174-D: expression has no effect
Sound.c(14): warning:  #174-D: expression has no effect
Sound.c(14): warning:  #174-D: expression has no effect
Sound.c(14): warning:  #174-D: expression has no effect
Sound.c(14): warning:  #174-D: expression has no effect
Sound.c(14): warning:  #174-D: expression has no effect
Sound.c(14): warning:  #174-D: expression has no effect
Sound.c(14): warning:  #174-D: expression has no effect
Sound.c(14): warning:  #174-D: expression has no effect
Sound.c(14): warning:  #174-D: expression has no effect
Sound.c(14): warning:  #174-D: expression has no effect
Sound.c(14): warning:  #174-D: expression has no effect
Sound.c(14): warning:  #174-D: expression has no effect
Sound.c(14): warning:  #174-D: expression has no effect
Sound.c(14): warning:  #174-D: expression has no effect
Sound.c(14): warning:  #174-D: expression has no effect
Sound.c(14): warning:  #174-D: expression has no effect
Sound.c(14): warning:  #174-D: expression has no effect
Sound.c(14): warning:  #174-D: expression has no effect
Sound.c(14): warning:  #174-D: expression has no effect
Sound.c(14): warning:  #174-D: expression has no effect
Sound.c(14): warning:  #174-D: expression has no effect
Sound.c(14): warning:  #174-D: expression has no effect
Sound.c(14): warning:  #174-D: expression has no effect
Sound.c(14): warning:  #174-D: expression has no effect
Sound.c(14): warning:  #174-D: expression has no effect
Sound.c(14): warning:  #174-D: expression has no effect
Sound.c(14): warning:  #174-D: expression has no effect
Sound.c(14): warning:  #174-D: expression has no effect
Sound.c(14): warning:  #174-D: expression has no effect
Sound.c(14): warning:  #174-D: expression has no effect
Sound.c(14): warning:  #174-D: expression has no effect
Sound.c(14): warning:  #174-D: expression has no effect
Sound.c(14): warning:  #174-D: expression has no effect
Sound.c(14): warning:  #174-D: expression has no effect
Sound.c(14): warning:  #174-D: expression has no effect
Sound.c(14): warning:  #174-D: expression has no effect
Sound.c(14): warning:  #174-D: expression has no effect
Sound.c(14): warning:  #174-D: expression has no effect
Sound.c(14): warning:  #174-D: expression has no effect
Sound.c(14): warning:  #174-D: expression has no effect
Sound.c(14): warning:  #174-D: expression has no effect
Sound.c(14): warning:  #174-D: expression has no effect
Sound.c(14): warning:  #174-D: expression has no effect
Sound.c(14): warning:  #174-D: expression has no effect
Sound.c(14): warning:  #174-D: expression has no effect
Sound.c(14): warning:  #174-D: expression has no effect
Sound.c(14): warning:  #174-D: expression has no effect
Sound.c(14): warning:  #174-D: expression has no effect
Sound.c(14): warning:  #174-D: expression has no effect
Sound.c(14): warning:  #174-D: expression has no effect
Sound.c(14): warning:  #174-D: expression has no effect
Sound.c(14): warning:  #174-D: expression has no effect
Sound.c(14): warning:  #174-D: expression has no effect
Sound.c(14): warning:  #174-D: expression has no effect
Sound.c(14): warning:  #174-D: expression has no effect
Sound.c(14): warning:  #174-D: expression has no effect
Sound.c(14): warning:  #174-D: expression has no effect
Sound.c(14): warning:  #174-D: expression has no effect
Sound.c(14): warning:  #174-D: expression has no effect
Sound.c(14): warning:  #174-D: expression has no effect
Sound.c(14): warning:  #174-D: expression has no effect
Sound.c(14): warning:  #174-D: expression has no effect
Sound.c(14): warning:  #174-D: expression has no effect
Sound.c(14): warning:  #174-D: expression has no effect
Sound.c(14): warning:  #174-D: expression has no effect
Sound.c(14): warning:  #174-D: expression has no effect
Sound.c(14): warning:  #174-D: expression has no effect
Sound.c(14): warning:  #174-D: expression has no effect
Sound.c(14): warning:  #174-D: expression has no effect
Sound.c(14): warning:  #174-D: expression has no effect
Sound.c(14): warning:  #174-D: expression has no effect
Sound.c(14): warning:  #174-D: expression has no effect
Sound.c(14): warning:  #174-D: expression has no effect
Sound.c(14): warning:  #174-D: expression has no effect
Sound.c(14): warning:  #174-D: expression has no effect
Sound.c(14): warning:  #174-D: expression has no effect
Sound.c(14): warning:  #174-D: expression has no effect
Sound.c(14): warning:  #174-D: expression has no effect
Sound.c(14): warning:  #174-D: expression has no effect
Sound.c(14): warning:  #174-D: expression has no effect
Sound.c(14): warning:  #174-D: expression has no effect
Sound.c(14): warning:  #174-D: expression has no effect
Sound.c(14): warning:  #174-D: expression has no effect
Sound.c(14): warning:  #174-D: expression has no effect
Sound.c(14): warning:  #174-D: expression has no effect
Sound.c(14): warning:  #174-D: expression has no effect
Sound.c(14): warning:  #174-D: expression has no effect
Sound.c(14): warning:  #174-D: expression has no effect
Sound.c(14): warning:  #174-D: expression has no effect
Sound.c(14): warning:  #174-D: expression has no effect
Sound.c(14): warning:  #174-D: expression has no effect
Sound.c(14): warning:  #174-D: expression has no effect
Sound.c(14): warning:  #174-D: expression has no effect
Sound.c(14): warning:  #174-D: expression has no effect
Sound.c(14): warning:  #174-D: expression has no effect
Sound.c(14): warning:  #174-D: expression has no effect
Sound.c(14): warning:  #174-D: expression has no effect
Sound.c(14): warning:  #174-D: expression has no effect
Sound.c(14): warning:  #174-D: expression has no effect
Sound.c(14): warning:  #174-D: expression has no effect
Sound.c(14): warning:  #174-D: expression has no effect
Sound.c(14): warning:  #174-D: expression has no effect
Sound.c(14): warning:  #174-D: expression has no effect
Sound.c(14): warning:  #174-D: expression has no effect
Sound.c(14): warning:  #174-D: expression has no effect
Sound.c(14): warning:  #174-D: expression has no effect
Sound.c(14): warning:  #174-D: expression has no effect
Sound.c(14): warning:  #174-D: expression has no effect
Sound.c(14): warning:  #174-D: expression has no effect
Sound.c(14): warning:  #174-D: expression has no effect
Sound.c(14): warning:  #174-D: expression has no effect
Sound.c(14): warning:  #174-D: expression has no effect
Sound.c(14): warning:  #174-D: expression has no effect
Sound.c(14): warning:  #174-D: expression has no effect
Sound.c(14): warning:  #174-D: expression has no effect
Sound.c(14): warning:  #174-D: expression has no effect
Sound.c(14): warning:  #174-D: expression has no effect
Sound.c(14): warning:  #174-D: expression has no effect
Sound.c(14): warning:  #174-D: expression has no effect
Sound.c(14): warning:  #174-D: expression has no effect
Sound.c(14): warning:  #174-D: expression has no effect
Sound.c(14): warning:  #174-D: expression has no effect
Sound.c(14): warning:  #174-D: expression has no effect
Sound.c(14): warning:  #174-D: expression has no effect
Sound.c(14): warning:  #174-D: expression has no effect
Sound.c(14): warning:  #174-D: expression has no effect
Sound.c(14): warning:  #174-D: expression has no effect
Sound.c(14): warning:  #174-D: expression has no effect
Sound.c(14): warning:  #174-D: expression has no effect
Sound.c(14): warning:  #174-D: expression has no effect
Sound.c(14): warning:  #174-D: expression has no effect
Sound.c(14): warning:  #174-D: expression has no effect
Sound.c(14): warning:  #174-D: expression has no effect
Sound.c(14): warning:  #174-D: expression has no effect
Sound.c(14): warning:  #174-D: expression has no effect
Sound.c(14): warning:  #174-D: expression has no effect
Sound.c(14): warning:  #174-D: expression has no effect
Sound.c(14): warning:  #174-D: expression has no effect
Sound.c(14): warning:  #174-D: expression has no effect
Sound.c(14): warning:  #174-D: expression has no effect
Sound.c(14): warning:  #174-D: expression has no effect
Sound.c(14): warning:  #174-D: expression has no effect
Sound.c(14): warning:  #174-D: expression has no effect
Sound.c(14): warning:  #174-D: expression has no effect
Sound.c(14): warning:  #174-D: expression has no effect
Sound.c(14): warning:  #174-D: expression has no effect
Sound.c(14): warning:  #174-D: expression has no effect
Sound.c(14): warning:  #174-D: expression has no effect
Sound.c(14): warning:  #174-D: expression has no effect
Sound.c(14): warning:  #174-D: expression has no effect
Sound.c(14): warning:  #174-D: expression has no effect
Sound.c(14): warning:  #174-D: expression has no effect
Sound.c(14): warning:  #174-D: expression has no effect
Sound.c(14): warning:  #174-D: expression has no effect
Sound.c(14): warning:  #174-D: expression has no effect
Sound.c(14): warning:  #174-D: expression has no effect
Sound.c(14): warning:  #174-D: expression has no effect
Sound.c(14): warning:  #174-D: expression has no effect
Sound.c(14): warning:  #174-D: expression has no effect
Sound.c(14): warning:  #174-D: expression has no effect
Sound.c(14): warning:  #174-D: expression has no effect
Sound.c(14): warning:  #174-D: expression has no effect
Sound.c(14): warning:  #174-D: expression has no effect
Sound.c(14): warning:  #174-D: expression has no effect
Sound.c(14): warning:  #174-D: expression has no effect
Sound.c(14): warning:  #174-D: expression has no effect
Sound.c(14): warning:  #174-D: expression has no effect
Sound.c(14): warning:  #174-D: expression has no effect
Sound.c(14): warning:  #174-D: expression has no effect
Sound.c(14): warning:  #174-D: expression has no effect
Sound.c(14): warning:  #174-D: expression has no effect
Sound.c(14): warning:  #174-D: expression has no effect
Sound.c(14): warning:  #174-D: expression has no effect
Sound.c(14): warning:  #174-D: expression has no effect
Sound.c(14): warning:  #174-D: expression has no effect
Sound.c(14): warning:  #174-D: expression has no effect
Sound.c(14): warning:  #174-D: expression has no effect
Sound.c(14): warning:  #174-D: expression has no effect
Sound.c(14): warning:  #174-D: expression has no effect
Sound.c(14): warning:  #174-D: expression has no effect
Sound.c(14): warning:  #174-D: expression has no effect
Sound.c(14): warning:  #174-D: expression has no effect
Sound.c(14): warning:  #174-D: expression has no effect
Sound.c(14): warning:  #174-D: expression has no effect
Sound.c(14): warning:  #174-D: expression has no effect
Sound.c(14): warning:  #174-D: expression has no effect
Sound.c(14): warning:  #174-D: expression has no effect
Sound.c(14): warning:  #174-D: expression has no effect
Sound.c(14): warning:  #174-D: expression has no effect
Sound.c(14): warning:  #174-D: expression has no effect
Sound.c(14): warning:  #174-D: expression has no effect
Sound.c(14): warning:  #174-D: expression has no effect
Sound.c(14): warning:  #174-D: expression has no effect
Sound.c(14): warning:  #174-D: expression has no effect
Sound.c(14): warning:  #174-D: expression has no effect
Sound.c(14): warning:  #174-D: expression has no effect
Sound.c(14): warning:  #174-D: expression has no effect
Sound.c(14): warning:  #174-D: expression has no effect
Sound.c(14): warning:  #174-D: expression has no effect
Sound.c(14): warning:  #174-D: expression has no effect
Sound.c(14): warning:  #174-D: expression has no effect
Sound.c(14): warning:  #174-D: expression has no effect
Sound.c(14): warning:  #174-D: expression has no effect
Sound.c(14): warning:  #174-D: expression has no effect
Sound.c(14): warning:  #174-D: expression has no effect
Sound.c(14): warning:  #174-D: expression has no effect
Sound.c(14): warning:  #174-D: expression has no effect
Sound.c(14): warning:  #174-D: expression has no effect
Sound.c(14): warning:  #174-D: expression has no effect
Sound.c(14): warning:  #174-D: expression has no effect
Sound.c(14): warning:  #174-D: expression has no effect
Sound.c(14): warning:  #174-D: expression has no effect
Sound.c(14): warning:  #174-D: expression has no effect
Sound.c(14): warning:  #174-D: expression has no effect
Sound.c(14): warning:  #174-D: expression has no effect
Sound.c(14): warning:  #174-D: expression has no effect
Sound.c(14): warning:  #174-D: expression has no effect
Sound.c(14): warning:  #174-D: expression has no effect
Sound.c(14): warning:  #174-D: expression has no effect
Sound.c(14): warning:  #174-D: expression has no effect
Sound.c(14): warning:  #174-D: expression has no effect
Sound.c(14): warning:  #174-D: expression has no effect
Sound.c(14): warning:  #174-D: expression has no effect
Sound.c(14): warning:  #174-D: expression has no effect
Sound.c(14): warning:  #174-D: expression has no effect
Sound.c(14): warning:  #174-D: expression has no effect
Sound.c(14): warning:  #174-D: expression has no effect
Sound.c(14): warning:  #174-D: expression has no effect
Sound.c(14): warning:  #174-D: expression has no effect
Sound.c(14): warning:  #174-D: expression has no effect
Sound.c(14): warning:  #174-D: expression has no effect
Sound.c(14): warning:  #174-D: expression has no effect
Sound.c(14): warning:  #174-D: expression has no effect
Sound.c(14): warning:  #174-D: expression has no effect
Sound.c(14): warning:  #174-D: expression has no effect
Sound.c(14): warning:  #174-D: expression has no effect
Sound.c(14): warning:  #174-D: expression has no effect
Sound.c(14): warning:  #174-D: expression has no effect
Sound.c(14): warning:  #174-D: expression has no effect
Sound.c(14): warning:  #174-D: expression has no effect
Sound.c(14): warning:  #174-D: expression has no effect
Sound.c(14): warning:  #174-D: expression has no effect
Sound.c(14): warning:  #174-D: expression has no effect
Sound.c(14): warning:  #174-D: expression has no effect
Sound.c(14): warning:  #174-D: expression has no effect
Sound.c(14): warning:  #174-D: expression has no effect
Sound.c(14): warning:  #174-D: expression has no effect
Sound.c(14): warning:  #174-D: expression has no effect
Sound.c(14): warning:  #174-D: expression has no effect
Sound.c(14): warning:  #174-D: expression has no effect
Sound.c(14): warning:  #174-D: expression has no effect
Sound.c(14): warning:  #174-D: expression has no effect
Sound.c(14): warning:  #174-D: expression has no effect
Sound.c(14): warning:  #174-D: expression has no effect
Sound.c(14): warning:  #174-D: expression has no effect
Sound.c(14): warning:  #174-D: expression has no effect
Sound.c(14): warning:  #174-D: expression has no effect
Sound.c(14): warning:  #174-D: expression has no effect
Sound.c(14): warning:  #174-D: expression has no effect
Sound.c(14): warning:  #174-D: expression has no effect
Sound.c(14): warning:  #174-D: expression has no effect
Sound.c(14): warning:  #174-D: expression has no effect
Sound.c(14): warning:  #174-D: expression has no effect
Sound.c(14): warning:  #174-D: expression has no effect
Sound.c(14): warning:  #174-D: expression has no effect
Sound.c(14): warning:  #174-D: expression has no effect
Sound.c(14): warning:  #174-D: expression has no effect
Sound.c(14): warning:  #174-D: expression has no effect
Sound.c(14): warning:  #174-D: expression has no effect
Sound.c(14): warning:  #174-D: expression has no effect
Sound.c(14): warning:  #174-D: expression has no effect
Sound.c(14): warning:  #174-D: expression has no effect
Sound.c(14): warning:  #174-D: expression has no effect
Sound.c(14): warning:  #174-D: expression has no effect
Sound.c(14): warning:  #174-D: expression has no effect
Sound.c(14): warning:  #174-D: expression has no effect
Sound.c(14): warning:  #174-D: expression has no effect
Sound.c(14): warning:  #174-D: expression has no effect
Sound.c(14): warning:  #174-D: expression has no effect
Sound.c(14): warning:  #174-D: expression has no effect
Sound.c(14): warning:  #174-D: expression has no effect
Sound.c(14): warning:  #174-D: expression has no effect
Sound.c(14): warning:  #174-D: expression has no effect
Sound.c(14): warning:  #174-D: expression has no effect
Sound.c(14): warning:  #174-D: expression has no effect
Sound.c(14): warning:  #174-D: expression has no effect
Sound.c(14): warning:  #174-D: expression has no effect
Sound.c(14): warning:  #174-D: expression has no effect
Sound.c(14): warning:  #174-D: expression has no effect
Sound.c(14): warning:  #174-D: expression has no effect
Sound.c(14): warning:  #174-D: expression has no effect
Sound.c(14): warning:  #174-D: expression has no effect
Sound.c(14): warning:  #174-D: expression has no effect
Sound.c(14): warning:  #174-D: expression has no effect
Sound.c(14): warning:  #174-D: expression has no effect
Sound.c(14): warning:  #174-D: expression has no effect
Sound.c(14): warning:  #174-D: expression has no effect
Sound.c(14): warning:  #174-D: expression has no effect
Sound.c(14): warning:  #174-D: expression has no effect
Sound.c(14): warning:  #174-D: expression has no effect
Sound.c(14): warning:  #174-D: expression has no effect
Sound.c(14): warning:  #174-D: expression has no effect
Sound.c(14): warning:  #174-D: expression has no effect
Sound.c(14): warning:  #174-D: expression has no effect
Sound.c(14): warning:  #174-D: expression has no effect
Sound.c(14): warning:  #174-D: expression has no effect
Sound.c(14): warning:  #174-D: expression has no effect
Sound.c(14): warning:  #174-D: expression has no effect
Sound.c(14): warning:  #174-D: expression has no effect
Sound.c(14): warning:  #174-D: expression has no effect
Sound.c(14): warning:  #174-D: expression has no effect
Sound.c(14): warning:  #174-D: expression has no effect
Sound.c(14): warning:  #174-D: expression has no effect
Sound.c(14): warning:  #174-D: expression has no effect
Sound.c(14): warning:  #174-D: expression has no effect
Sound.c(14): warning:  #174-D: expression has no effect
Sound.c(14): warning:  #174-D: expression has no effect
Sound.c(14): warning:  #174-D: expression has no effect
Sound.c(14): warning:  #174-D: expression has no effect
Sound.c(14): warning:  #174-D: expression has no effect
Sound.c(14): warning:  #174-D: expression has no effect
Sound.c(14): warning:  #174-D: expression has no effect
Sound.c(14): warning:  #174-D: expression has no effect
Sound.c(14): warning:  #174-D: expression has no effect
Sound.c(14): warning:  #174-D: expression has no effect
Sound.c(14): warning:  #174-D: expression has no effect
Sound.c(14): warning:  #174-D: expression has no effect
Sound.c(14): warning:  #174-D: expression has no effect
Sound.c(14): warning:  #174-D: expression has no effect
Sound.c(14): warning:  #174-D: expression has no effect
Sound.c(14): warning:  #174-D: expression has no effect
Sound.c(14): warning:  #174-D: expression has no effect
Sound.c(14): warning:  #174-D: expression has no effect
Sound.c(14): warning:  #174-D: expression has no effect
Sound.c(14): warning:  #174-D: expression has no effect
Sound.c(14): warning:  #174-D: expression has no effect
Sound.c(14): warning:  #174-D: expression has no effect
Sound.c(14): warning:  #174-D: expression has no effect
Sound.c(14): warning:  #174-D: expression has no effect
Sound.c(14): warning:  #174-D: expression has no effect
Sound.c(14): warning:  #174-D: expression has no effect
Sound.c(14): warning:  #174-D: expression has no effect
Sound.c(14): warning:  #174-D: expression has no effect
Sound.c(14): warning:  #174-D: expression has no effect
Sound.c(14): warning:  #174-D: expression has no effect
Sound.c(14): warning:  #174-D: expression has no effect
Sound.c(14): warning:  #174-D: expression has no effect
Sound.c(14): warning:  #174-D: expression has no effect
Sound.c(14): warning:  #174-D: expression has no effect
Sound.c(14): warning:  #174-D: expression has no effect
Sound.c(14): warning:  #174-D: expression has no effect
Sound.c(14): warning:  #174-D: expression has no effect
Sound.c(14): warning:  #174-D: expression has no effect
Sound.c(14): warning:  #174-D: expression has no effect
Sound.c(14): warning:  #174-D: expression has no effect
Sound.c(14): warning:  #174-D: expression has no effect
Sound.c(14): warning:  #174-D: expression has no effect
Sound.c(14): warning:  #174-D: expression has no effect
Sound.c(14): warning:  #174-D: expression has no effect
Sound.c(14): warning:  #174-D: expression has no effect
Sound.c(14): warning:  #174-D: expression has no effect
Sound.c(14): warning:  #174-D: expression has no effect
Sound.c(14): warning:  #174-D: expression has no effect
Sound.c(14): warning:  #174-D: expression has no effect
Sound.c(14): warning:  #174-D: expression has no effect
Sound.c(14): warning:  #174-D: expression has no effect
Sound.c(14): warning:  #174-D: expression has no effect
Sound.c(14): warning:  #174-D: expression has no effect
Sound.c(14): warning:  #174-D: expression has no effect
Sound.c(14): warning:  #174-D: expression has no effect
Sound.c(14): warning:  #174-D: expression has no effect
Sound.c(14): warning:  #174-D: expression has no effect
Sound.c(14): warning:  #174-D: expression has no effect
Sound.c(14): warning:  #174-D: expression has no effect
Sound.c(14): warning:  #174-D: expression has no effect
Sound.c(14): warning:  #174-D: expression has no effect
Sound.c(14): warning:  #174-D: expression has no effect
Sound.c(14): warning:  #174-D: expression has no effect
Sound.c(14): warning:  #174-D: expression has no effect
Sound.c(14): warning:  #174-D: expression has no effect
Sound.c(14): warning:  #174-D: expression has no effect
Sound.c(14): warning:  #174-D: expression has no effect
Sound.c(14): warning:  #174-D: expression has no effect
Sound.c(14): warning:  #174-D: expression has no effect
Sound.c(14): warning:  #174-D: expression has no effect
Sound.c(14): warning:  #174-D: expression has no effect
Sound.c(14): warning:  #174-D: expression has no effect
Sound.c(14): warning:  #174-D: expression has no effect
Sound.c(14): warning:  #174-D: expression has no effect
Sound.c(14): warning:  #174-D: expression has no effect
Sound.c(14): warning:  #174-D: expression has no effect
Sound.c(14): warning:  #174-D: expression has no effect
Sound.c(14): warning:  #174-D: expression has no effect
Sound.c(14): warning:  #174-D: expression has no effect
Sound.c(14): warning:  #174-D: expression has no effect
Sound.c(14): warning:  #174-D: expression has no effect
Sound.c(14): warning:  #174-D: expression has no effect
Sound.c(14): warning:  #174-D: expression has no effect
Sound.c(14): warning:  #174-D: expression has no effect
Sound.c(14): warning:  #174-D: expression has no effect
Sound.c(14): warning:  #174-D: expression has no effect
Sound.c(14): warning:  #174-D: expression has no effect
Sound.c(14): warning:  #174-D: expression has no effect
Sound.c(14): warning:  #174-D: expression has no effect
Sound.c(14): warning:  #174-D: expression has no effect
Sound.c(14): warning:  #174-D: expression has no effect
Sound.c(14): warning:  #174-D: expression has no effect
Sound.c(14): warning:  #174-D: expression has no effect
Sound.c(14): warning:  #174-D: expression has no effect
Sound.c(14): warning:  #174-D: expression has no effect
Sound.c(14): warning:  #174-D: expression has no effect
Sound.c(14): warning:  #174-D: expression has no effect
Sound.c(14): warning:  #174-D: expression has no effect
Sound.c(14): warning:  #174-D: expression has no effect
Sound.c(14): warning:  #174-D: expression has no effect
Sound.c(14): warning:  #174-D: expression has no effect
Sound.c(14): warning:  #174-D: expression has no effect
Sound.c(14): warning:  #174-D: expression has no effect
Sound.c(14): warning:  #174-D: expression has no effect
Sound.c(14): warning:  #174-D: expression has no effect
Sound.c(14): warning:  #174-D: expression has no effect
Sound.c(14): warning:  #174-D: expression has no effect
Sound.c(14): warning:  #174-D: expression has no effect
Sound.c(14): warning:  #174-D: expression has no effect
Sound.c(14): warning:  #174-D: expression has no effect
Sound.c(14): warning:  #174-D: expression has no effect
Sound.c(14): warning:  #174-D: expression has no effect
Sound.c(14): warning:  #174-D: expression has no effect
Sound.c(14): warning:  #174-D: expression has no effect
Sound.c(14): warning:  #174-D: expression has no effect
Sound.c(14): warning:  #174-D: expression has no effect
Sound.c(14): warning:  #174-D: expression has no effect
Sound.c(14): warning:  #174-D: expression has no effect
Sound.c(14): warning:  #174-D: expression has no effect
Sound.c(14): warning:  #174-D: expression has no effect
Sound.c(14): warning:  #174-D: expression has no effect
Sound.c(14): warning:  #174-D: expression has no effect
Sound.c(14): warning:  #174-D: expression has no effect
Sound.c(14): warning:  #174-D: expression has no effect
Sound.c(14): warning:  #174-D: expression has no effect
Sound.c(14): warning:  #174-D: expression has no effect
Sound.c(14): warning:  #174-D: expression has no effect
Sound.c(14): warning:  #174-D: expression has no effect
Sound.c(14): warning:  #174-D: expression has no effect
Sound.c(14): warning:  #174-D: expression has no effect
Sound.c(14): warning:  #174-D: expression has no effect
Sound.c(14): warning:  #174-D: expression has no effect
Sound.c(14): warning:  #174-D: expression has no effect
Sound.c(14): warning:  #174-D: expression has no effect
Sound.c(14): warning:  #174-D: expression has no effect
Sound.c(14): warning:  #174-D: expression has no effect
Sound.c(14): warning:  #174-D: expression has no effect
Sound.c(14): warning:  #174-D: expression has no effect
Sound.c(14): warning:  #174-D: expression has no effect
Sound.c(14): warning:  #174-D: expression has no effect
Sound.c(14): warning:  #174-D: expression has no effect
Sound.c(14): warning:  #174-D: expression has no effect
Sound.c(14): warning:  #174-D: expression has no effect
Sound.c(14): warning:  #174-D: expression has no effect
Sound.c(14): warning:  #174-D: expression has no effect
Sound.c(14): warning:  #174-D: expression has no effect
Sound.c(14): warning:  #174-D: expression has no effect
Sound.c(14): warning:  #174-D: expression has no effect
Sound.c(14): warning:  #174-D: expression has no effect
Sound.c(14): warning:  #174-D: expression has no effect
Sound.c(14): warning:  #174-D: expression has no effect
Sound.c(14): warning:  #174-D: expression has no effect
Sound.c(14): warning:  #174-D: expression has no effect
Sound.c(14): warning:  #174-D: expression has no effect
Sound.c(14): warning:  #174-D: expression has no effect
Sound.c(14): warning:  #174-D: expression has no effect
Sound.c(14): warning:  #174-D: expression has no effect
Sound.c(14): warning:  #174-D: expression has no effect
Sound.c(14): warning:  #174-D: expression has no effect
Sound.c(14): warning:  #174-D: expression has no effect
Sound.c(14): warning:  #174-D: expression has no effect
Sound.c(14): warning:  #174-D: expression has no effect
Sound.c(14): warning:  #174-D: expression has no effect
Sound.c(14): warning:  #174-D: expression has no effect
Sound.c(14): warning:  #174-D: expression has no effect
Sound.c(14): warning:  #174-D: expression has no effect
Sound.c(14): warning:  #174-D: expression has no effect
Sound.c(14): warning:  #174-D: expression has no effect
Sound.c(14): warning:  #174-D: expression has no effect
Sound.c(14): warning:  #174-D: expression has no effect
Sound.c(14): warning:  #174-D: expression has no effect
Sound.c(14): warning:  #174-D: expression has no effect
Sound.c(14): warning:  #174-D: expression has no effect
Sound.c(14): warning:  #174-D: expression has no effect
Sound.c(14): warning:  #174-D: expression has no effect
Sound.c(14): warning:  #174-D: expression has no effect
Sound.c(14): warning:  #174-D: expression has no effect
Sound.c(14): warning:  #174-D: expression has no effect
Sound.c(14): warning:  #174-D: expression has no effect
Sound.c(14): warning:  #174-D: expression has no effect
Sound.c(14): warning:  #174-D: expression has no effect
Sound.c(14): warning:  #174-D: expression has no effect
Sound.c(14): warning:  #174-D: expression has no effect
Sound.c(14): warning:  #174-D: expression has no effect
Sound.c(14): warning:  #174-D: expression has no effect
Sound.c(14): warning:  #174-D: expression has no effect
Sound.c(14): warning:  #174-D: expression has no effect
Sound.c(14): warning:  #174-D: expression has no effect
Sound.c(14): warning:  #174-D: expression has no effect
Sound.c(14): warning:  #174-D: expression has no effect
Sound.c(14): warning:  #174-D: expression has no effect
Sound.c(14): warning:  #174-D: expression has no effect
Sound.c(14): warning:  #174-D: expression has no effect
Sound.c(14): warning:  #174-D: expression has no effect
Sound.c(14): warning:  #174-D: expression has no effect
Sound.c(14): warning:  #174-D: expression has no effect
Sound.c(14): warning:  #174-D: expression has no effect
Sound.c(14): warning:  #174-D: expression has no effect
Sound.c(14): warning:  #174-D: expression has no effect
Sound.c(14): warning:  #174-D: expression has no effect
Sound.c(14): warning:  #174-D: expression has no effect
Sound.c(14): warning:  #174-D: expression has no effect
Sound.c(14): warning:  #174-D: expression has no effect
Sound.c(14): warning:  #174-D: expression has no effect
Sound.c(14): warning:  #174-D: expression has no effect
Sound.c(14): warning:  #174-D: expression has no effect
Sound.c(14): warning:  #174-D: expression has no effect
Sound.c(14): warning:  #174-D: expression has no effect
Sound.c(14): warning:  #174-D: expression has no effect
Sound.c(14): warning:  #174-D: expression has no effect
Sound.c(14): warning:  #174-D: expression has no effect
Sound.c(14): warning:  #174-D: expression has no effect
Sound.c(14): warning:  #174-D: expression has no effect
Sound.c(14): warning:  #174-D: expression has no effect
Sound.c(14): warning:  #174-D: expression has no effect
Sound.c(14): warning:  #174-D: expression has no effect
Sound.c(14): warning:  #174-D: expression has no effect
Sound.c(14): warning:  #174-D: expression has no effect
Sound.c(14): warning:  #174-D: expression has no effect
Sound.c(14): warning:  #174-D: expression has no effect
Sound.c(14): warning:  #174-D: expression has no effect
Sound.c(14): warning:  #174-D: expression has no effect
Sound.c(14): warning:  #174-D: expression has no effect
Sound.c(14): warning:  #174-D: expression has no effect
Sound.c(14): warning:  #174-D: expression has no effect
Sound.c(14): warning:  #174-D: expression has no effect
Sound.c(14): warning:  #174-D: expression has no effect
Sound.c(14): warning:  #174-D: expression has no effect
Sound.c(14): warning:  #174-D: expression has no effect
Sound.c(14): warning:  #174-D: expression has no effect
Sound.c(14): warning:  #174-D: expression has no effect
Sound.c(14): warning:  #174-D: expression has no effect
Sound.c(14): warning:  #174-D: expression has no effect
Sound.c(14): warning:  #174-D: expression has no effect
Sound.c(14): warning:  #174-D: expression has no effect
Sound.c(14): warning:  #174-D: expression has no effect
Sound.c(14): warning:  #174-D: expression has no effect
Sound.c(14): warning:  #174-D: expression has no effect
Sound.c(14): warning:  #174-D: expression has no effect
Sound.c(14): warning:  #174-D: expression has no effect
Sound.c(14): warning:  #174-D: expression has no effect
Sound.c(14): warning:  #174-D: expression has no effect
Sound.c(14): warning:  #174-D: expression has no effect
Sound.c(14): warning:  #174-D: expression has no effect
Sound.c(14): warning:  #174-D: expression has no effect
Sound.c(14): warning:  #174-D: expression has no effect
Sound.c(14): warning:  #174-D: expression has no effect
Sound.c(14): warning:  #174-D: expression has no effect
Sound.c(14): warning:  #174-D: expression has no effect
Sound.c(14): warning:  #174-D: expression has no effect
Sound.c(14): warning:  #174-D: expression has no effect
Sound.c(14): warning:  #174-D: expression has no effect
Sound.c(14): warning:  #174-D: expression has no effect
Sound.c(14): warning:  #174-D: expression has no effect
Sound.c(14): warning:  #174-D: expression has no effect
Sound.c(14): warning:  #174-D: expression has no effect
Sound.c(14): warning:  #174-D: expression has no effect
Sound.c(14): warning:  #174-D: expression has no effect
Sound.c(14): warning:  #174-D: expression has no effect
Sound.c(14): warning:  #174-D: expression has no effect
Sound.c(14): warning:  #174-D: expression has no effect
Sound.c(14): warning:  #174-D: expression has no effect
Sound.c(14): warning:  #174-D: expression has no effect
Sound.c(14): warning:  #174-D: expression has no effect
Sound.c(14): warning:  #174-D: expression has no effect
Sound.c(14): warning:  #174-D: expression has no effect
Sound.c(14): warning:  #174-D: expression has no effect
Sound.c(14): warning:  #174-D: expression has no effect
Sound.c(14): warning:  #174-D: expression has no effect
Sound.c(14): warning:  #174-D: expression has no effect
Sound.c(14): warning:  #174-D: expression has no effect
Sound.c(14): warning:  #174-D: expression has no effect
Sound.c(14): warning:  #174-D: expression has no effect
Sound.c(14): warning:  #174-D: expression has no effect
Sound.c(14): warning:  #174-D: expression has no effect
Sound.c(14): warning:  #174-D: expression has no effect
Sound.c(14): warning:  #174-D: expression has no effect
Sound.c(14): warning:  #174-D: expression has no effect
Sound.c(14): warning:  #174-D: expression has no effect
Sound.c(14): warning:  #174-D: expression has no effect
Sound.c(14): warning:  #174-D: expression has no effect
Sound.c(14): warning:  #174-D: expression has no effect
Sound.c(14): warning:  #174-D: expression has no effect
Sound.c(14): warning:  #174-D: expression has no effect
Sound.c(14): warning:  #174-D: expression has no effect
Sound.c(14): warning:  #174-D: expression has no effect
Sound.c(14): warning:  #174-D: expression has no effect
Sound.c(14): warning:  #174-D: expression has no effect
Sound.c(14): warning:  #174-D: expression has no effect
Sound.c(14): warning:  #174-D: expression has no effect
Sound.c(14): warning:  #174-D: expression has no effect
Sound.c(14): warning:  #174-D: expression has no effect
Sound.c(14): warning:  #174-D: expression has no effect
Sound.c(14): warning:  #174-D: expression has no effect
Sound.c(14): warning:  #174-D: expression has no effect
Sound.c(14): warning:  #174-D: expression has no effect
Sound.c(14): warning:  #174-D: expression has no effect
Sound.c(14): warning:  #174-D: expression has no effect
Sound.c(14): warning:  #174-D: expression has no effect
Sound.c(14): warning:  #174-D: expression has no effect
Sound.c(14): warning:  #174-D: expression has no effect
Sound.c(14): warning:  #174-D: expression has no effect
Sound.c(14): warning:  #174-D: expression has no effect
Sound.c(14): warning:  #174-D: expression has no effect
Sound.c(14): warning:  #174-D: expression has no effect
Sound.c(14): warning:  #174-D: expression has no effect
Sound.c(14): warning:  #174-D: expression has no effect
Sound.c(14): warning:  #174-D: expression has no effect
Sound.c(14): warning:  #174-D: expression has no effect
Sound.c(14): warning:  #174-D: expression has no effect
Sound.c(14): warning:  #174-D: expression has no effect
Sound.c(14): warning:  #174-D: expression has no effect
Sound.c(14): warning:  #174-D: expression has no effect
Sound.c(14): warning:  #174-D: expression has no effect
Sound.c(14): warning:  #174-D: expression has no effect
Sound.c(14): warning:  #174-D: expression has no effect
Sound.c(14): warning:  #174-D: expression has no effect
Sound.c(14): warning:  #174-D: expression has no effect
Sound.c(14): warning:  #174-D: expression has no effect
Sound.c(14): warning:  #174-D: expression has no effect
Sound.c(14): warning:  #174-D: expression has no effect
Sound.c(14): warning:  #174-D: expression has no effect
Sound.c(14): warning:  #174-D: expression has no effect
Sound.c(14): warning:  #174-D: expression has no effect
Sound.c(14): warning:  #174-D: expression has no effect
Sound.c(14): warning:  #174-D: expression has no effect
Sound.c(14): warning:  #174-D: expression has no effect
Sound.c(14): warning:  #174-D: expression has no effect
Sound.c(14): warning:  #174-D: expression has no effect
Sound.c(14): warning:  #174-D: expression has no effect
Sound.c(14): warning:  #174-D: expression has no effect
Sound.c(14): warning:  #174-D: expression has no effect
Sound.c(14): warning:  #174-D: expression has no effect
Sound.c(14): warning:  #174-D: expression has no effect
Sound.c(14): warning:  #174-D: expression has no effect
Sound.c(14): warning:  #174-D: expression has no effect
Sound.c(14): warning:  #174-D: expression has no effect
Sound.c(14): warning:  #174-D: expression has no effect
Sound.c(14): warning:  #174-D: expression has no effect
Sound.c(14): warning:  #174-D: expression has no effect
Sound.c(14): warning:  #174-D: expression has no effect
Sound.c(14): warning:  #174-D: expression has no effect
Sound.c(14): warning:  #174-D: expression has no effect
Sound.c(14): warning:  #174-D: expression has no effect
Sound.c(14): warning:  #174-D: expression has no effect
Sound.c(14): warning:  #174-D: expression has no effect
Sound.c(14): warning:  #174-D: expression has no effect
Sound.c(14): warning:  #174-D: expression has no effect
Sound.c(14): warning:  #174-D: expression has no effect
Sound.c(14): warning:  #174-D: expression has no effect
Sound.c(14): warning:  #174-D: expression has no effect
Sound.c(14): warning:  #174-D: expression has no effect
Sound.c(14): warning:  #174-D: expression has no effect
Sound.c(14): warning:  #174-D: expression has no effect
Sound.c(14): warning:  #174-D: expression has no effect
Sound.c(14): warning:  #174-D: expression has no effect
Sound.c(14): warning:  #174-D: expression has no effect
Sound.c(14): warning:  #174-D: expression has no effect
Sound.c(14): warning:  #174-D: expression has no effect
Sound.c(14): warning:  #174-D: expression has no effect
Sound.c(14): warning:  #174-D: expression has no effect
Sound.c(14): warning:  #174-D: expression has no effect
Sound.c(14): warning:  #174-D: expression has no effect
Sound.c(14): warning:  #174-D: expression has no effect
Sound.c(14): warning:  #174-D: expression has no effect
Sound.c(14): warning:  #174-D: expression has no effect
Sound.c(14): warning:  #174-D: expression has no effect
Sound.c(14): warning:  #174-D: expression has no effect
Sound.c(14): warning:  #174-D: expression has no effect
Sound.c(14): warning:  #174-D: expression has no effect
Sound.c(14): warning:  #174-D: expression has no effect
Sound.c(14): warning:  #174-D: expression has no effect
Sound.c(14): warning:  #174-D: expression has no effect
Sound.c(14): warning:  #174-D: expression has no effect
Sound.c(14): warning:  #174-D: expression has no effect
Sound.c(14): warning:  #174-D: expression has no effect
Sound.c(14): warning:  #174-D: expression has no effect
Sound.c(14): warning:  #174-D: expression has no effect
Sound.c(14): warning:  #174-D: expression has no effect
Sound.c(14): warning:  #174-D: expression has no effect
Sound.c(14): warning:  #174-D: expression has no effect
Sound.c(14): warning:  #174-D: expression has no effect
Sound.c(14): warning:  #174-D: expression has no effect
Sound.c(14): warning:  #174-D: expression has no effect
Sound.c(14): warning:  #174-D: expression has no effect
Sound.c(14): warning:  #174-D: expression has no effect
Sound.c(14): warning:  #174-D: expression has no effect
Sound.c(14): warning:  #174-D: expression has no effect
Sound.c(14): warning:  #174-D: expression has no effect
Sound.c(14): warning:  #174-D: expression has no effect
Sound.c(14): warning:  #174-D: expression has no effect
Sound.c(14): warning:  #174-D: expression has no effect
Sound.c(14): warning:  #174-D: expression has no effect
Sound.c(14): warning:  #174-D: expression has no effect
Sound.c(14): warning:  #174-D: expression has no effect
Sound.c(14): warning:  #174-D: expression has no effect
Sound.c(14): warning:  #174-D: expression has no effect
Sound.c(14): warning:  #174-D: expression has no effect
Sound.c(14): warning:  #174-D: expression has no effect
Sound.c(14): warning:  #174-D: expression has no effect
Sound.c(14): warning:  #174-D: expression has no effect
Sound.c(14): warning:  #174-D: expression has no effect
Sound.c(14): warning:  #174-D: expression has no effect
Sound.c(14): warning:  #174-D: expression has no effect
Sound.c(14): warning:  #174-D: expression has no effect
Sound.c(14): warning:  #174-D: expression has no effect
Sound.c(14): warning:  #174-D: expression has no effect
Sound.c(14): warning:  #174-D: expression has no effect
Sound.c(14): warning:  #174-D: expression has no effect
Sound.c(14): warning:  #174-D: expression has no effect
Sound.c(14): warning:  #174-D: expression has no effect
Sound.c(14): warning:  #174-D: expression has no effect
Sound.c(14): warning:  #174-D: expression has no effect
Sound.c(14): warning:  #174-D: expression has no effect
Sound.c(14): warning:  #174-D: expression has no effect
Sound.c(14): warning:  #174-D: expression has no effect
Sound.c(14): warning:  #174-D: expression has no effect
Sound.c(14): warning:  #174-D: expression has no effect
Sound.c(14): warning:  #174-D: expression has no effect
Sound.c(14): warning:  #174-D: expression has no effect
Sound.c(14): warning:  #174-D: expression has no effect
Sound.c(14): warning:  #174-D: expression has no effect
Sound.c(14): warning:  #174-D: expression has no effect
Sound.c(14): warning:  #174-D: expression has no effect
Sound.c(14): warning:  #174-D: expression has no effect
Sound.c(14): warning:  #174-D: expression has no effect
Sound.c(14): warning:  #174-D: expression has no effect
Sound.c(14): warning:  #174-D: expression has no effect
Sound.c(14): warning:  #174-D: expression has no effect
Sound.c(14): warning:  #174-D: expression has no effect
Sound.c(14): warning:  #174-D: expression has no effect
Sound.c(14): warning:  #174-D: expression has no effect
Sound.c(14): warning:  #174-D: expression has no effect
Sound.c(14): warning:  #174-D: expression has no effect
Sound.c(14): warning:  #174-D: expression has no effect
Sound.c(14): warning:  #174-D: expression has no effect
Sound.c(14): warning:  #174-D: expression has no effect
Sound.c(14): warning:  #174-D: expression has no effect
Sound.c(14): warning:  #174-D: expression has no effect
Sound.c(14): warning:  #174-D: expression has no effect
Sound.c(14): warning:  #174-D: expression has no effect
Sound.c(14): warning:  #174-D: expression has no effect
Sound.c(14): warning:  #174-D: expression has no effect
Sound.c(14): warning:  #174-D: expression has no effect
Sound.c(14): warning:  #174-D: expression has no effect
Sound.c(14): warning:  #174-D: expression has no effect
Sound.c(14): warning:  #174-D: expression has no effect
Sound.c(14): warning:  #174-D: expression has no effect
Sound.c(14): warning:  #174-D: expression has no effect
Sound.c(14): warning:  #174-D: expression has no effect
Sound.c(14): warning:  #174-D: expression has no effect
Sound.c(14): warning:  #174-D: expression has no effect
Sound.c(14): warning:  #174-D: expression has no effect
Sound.c(14): warning:  #174-D: expression has no effect
Sound.c(14): warning:  #174-D: expression has no effect
Sound.c(14): warning:  #174-D: expression has no effect
Sound.c(14): warning:  #174-D: expression has no effect
Sound.c(14): warning:  #174-D: expression has no effect
Sound.c(14): warning:  #174-D: expression has no effect
Sound.c(14): warning:  #174-D: expression has no effect
Sound.c(14): warning:  #174-D: expression has no effect
Sound.c(14): warning:  #174-D: expression has no effect
Sound.c(14): warning:  #174-D: expression has no effect
Sound.c(14): warning:  #174-D: expression has no effect
Sound.c(14): warning:  #174-D: expression has no effect
Sound.c(14): warning:  #174-D: expression has no effect
Sound.c(14): warning:  #174-D: expression has no effect
Sound.c(14): warning:  #174-D: expression has no effect
Sound.c(14): warning:  #174-D: expression has no effect
Sound.c(14): warning:  #174-D: expression has no effect
Sound.c(14): warning:  #174-D: expression has no effect
Sound.c(14): warning:  #174-D: expression has no effect
Sound.c(14): warning:  #174-D: expression has no effect
Sound.c(14): warning:  #174-D: expression has no effect
Sound.c(14): warning:  #174-D: expression has no effect
Sound.c(14): warning:  #174-D: expression has no effect
Sound.c(14): warning:  #174-D: expression has no effect
Sound.c(14): warning:  #174-D: expression has no effect
Sound.c(14): warning:  #174-D: expression has no effect
Sound.c(14): warning:  #174-D: expression has no effect
Sound.c(14): warning:  #174-D: expression has no effect
Sound.c(14): warning:  #174-D: expression has no effect
Sound.c(14): warning:  #174-D: expression has no effect
Sound.c(14): warning:  #174-D: expression has no effect
Sound.c(14): warning:  #174-D: expression has no effect
Sound.c(14): warning:  #174-D: expression has no effect
Sound.c(14): warning:  #174-D: expression has no effect
Sound.c(14): warning:  #174-D: expression has no effect
Sound.c(14): warning:  #174-D: expression has no effect
Sound.c(14): warning:  #174-D: expression has no effect
Sound.c(14): warning:  #174-D: expression has no effect
Sound.c(14): warning:  #174-D: expression has no effect
Sound.c(14): warning:  #174-D: expression has no effect
Sound.c(14): warning:  #174-D: expression has no effect
Sound.c(14): warning:  #174-D: expression has no effect
Sound.c(14): warning:  #174-D: expression has no effect
Sound.c(14): warning:  #174-D: expression has no effect
Sound.c(14): warning:  #174-D: expression has no effect
Sound.c(14): warning:  #174-D: expression has no effect
Sound.c(14): warning:  #174-D: expression has no effect
Sound.c(14): warning:  #174-D: expression has no effect
Sound.c(14): warning:  #174-D: expression has no effect
Sound.c(14): warning:  #174-D: expression has no effect
Sound.c(14): warning:  #174-D: expression has no effect
Sound.c(14): warning:  #174-D: expression has no effect
Sound.c(14): warning:  #174-D: expression has no effect
Sound.c(14): warning:  #174-D: expression has no effect
Sound.c(14): warning:  #174-D: expression has no effect
Sound.c(14): warning:  #174-D: expression has no effect
Sound.c(14): warning:  #174-D: expression has no effect
Sound.c(14): warning:  #174-D: expression has no effect
Sound.c(14): warning:  #174-D: expression has no effect
Sound.c(14): warning:  #174-D: expression has no effect
Sound.c(14): warning:  #174-D: expression has no effect
Sound.c(14): warning:  #174-D: expression has no effect
Sound.c(14): warning:  #174-D: expression has no effect
Sound.c(14): warning:  #174-D: expression has no effect
Sound.c(14): warning:  #174-D: expression has no effect
Sound.c(14): warning:  #174-D: expression has no effect
Sound.c(14): warning:  #174-D: expression has no effect
Sound.c(14): warning:  #174-D: expression has no effect
Sound.c(14): warning:  #174-D: expression has no effect
Sound.c(14): warning:  #174-D: expression has no effect
Sound.c(14): warning:  #174-D: expression has no effect
Sound.c(14): warning:  #174-D: expression has no effect
Sound.c(14): warning:  #174-D: expression has no effect
Sound.c(14): warning:  #174-D: expression has no effect
Sound.c(14): warning:  #174-D: expression has no effect
Sound.c(14): warning:  #174-D: expression has no effect
Sound.c(14): warning:  #174-D: expression has no effect
Sound.c(14): warning:  #174-D: expression has no effect
Sound.c(14): warning:  #174-D: expression has no effect
Sound.c(14): warning:  #174-D: expression has no effect
Sound.c(14): warning:  #174-D: expression has no effect
Sound.c(14): warning:  #174-D: expression has no effect
Sound.c(14): warning:  #174-D: expression has no effect
Sound.c(14): warning:  #174-D: expression has no effect
Sound.c(14): warning:  #174-D: expression has no effect
Sound.c(14): warning:  #174-D: expression has no effect
Sound.c(14): warning:  #174-D: expression has no effect
Sound.c(14): warning:  #174-D: expression has no effect
Sound.c(14): warning:  #174-D: expression has no effect
Sound.c(14): warning:  #174-D: expression has no effect
Sound.c(14): warning:  #174-D: expression has no effect
Sound.c(14): warning:  #174-D: expression has no effect
Sound.c(14): warning:  #174-D: expression has no effect
Sound.c(14): warning:  #174-D: expression has no effect
Sound.c(14): warning:  #174-D: expression has no effect
Sound.c(14): warning:  #174-D: expression has no effect
Sound.c(14): warning:  #174-D: expression has no effect
Sound.c(14): warning:  #174-D: expression has no effect
Sound.c(14): warning:  #174-D: expression has no effect
Sound.c(14): warning:  #174-D: expression has no effect
Sound.c(14): warning:  #174-D: expression has no effect
Sound.c(14): warning:  #174-D: expression has no effect
Sound.c(14): warning:  #174-D: expression has no effect
Sound.c(14): warning:  #174-D: expression has no effect
Sound.c(14): warning:  #174-D: expression has no effect
Sound.c(14): warning:  #174-D: expression has no effect
Sound.c(14): warning:  #174-D: expression has no effect
Sound.c(14): warning:  #174-D: expression has no effect
Sound.c(14): warning:  #174-D: expression has no effect
Sound.c(14): warning:  #174-D: expression has no effect
Sound.c(14): warning:  #174-D: expression has no effect
Sound.c(14): warning:  #174-D: expression has no effect
Sound.c(14): warning:  #174-D: expression has no effect
Sound.c(14): warning:  #174-D: expression has no effect
Sound.c(14): warning:  #174-D: expression has no effect
Sound.c(14): warning:  #174-D: expression has no effect
Sound.c(14): warning:  #174-D: expression has no effect
Sound.c(14): warning:  #174-D: expression has no effect
Sound.c(14): warning:  #174-D: expression has no effect
Sound.c(14): warning:  #174-D: expression has no effect
Sound.c(14): warning:  #174-D: expression has no effect
Sound.c(14): warning:  #174-D: expression has no effect
Sound.c(14): warning:  #174-D: expression has no effect
Sound.c(14): warning:  #174-D: expression has no effect
Sound.c(14): warning:  #174-D: expression has no effect
Sound.c(14): warning:  #174-D: expression has no effect
Sound.c(14): warning:  #174-D: expression has no effect
Sound.c(14): warning:  #174-D: expression has no effect
Sound.c(14): warning:  #174-D: expression has no effect
Sound.c(14): warning:  #174-D: expression has no effect
Sound.c(14): warning:  #174-D: expression has no effect
Sound.c(14): warning:  #174-D: expression has no effect
Sound.c(14): warning:  #174-D: expression has no effect
Sound.c(14): warning:  #174-D: expression has no effect
Sound.c(14): warning:  #174-D: expression has no effect
Sound.c(14): warning:  #174-D: expression has no effect
Sound.c(14): warning:  #174-D: expression has no effect
Sound.c(14): warning:  #174-D: expression has no effect
Sound.c(14): warning:  #174-D: expression has no effect
Sound.c(14): warning:  #174-D: expression has no effect
Sound.c(14): warning:  #174-D: expression has no effect
Sound.c(14): warning:  #174-D: expression has no effect
Sound.c(14): warning:  #174-D: expression has no effect
Sound.c(14): warning:  #174-D: expression has no effect
Sound.c(14): warning:  #174-D: expression has no effect
Sound.c(14): warning:  #174-D: expression has no effect
Sound.c(14): warning:  #174-D: expression has no effect
Sound.c(14): warning:  #174-D: expression has no effect
Sound.c(14): warning:  #174-D: expression has no effect
Sound.c(14): warning:  #174-D: expression has no effect
Sound.c(14): warning:  #174-D: expression has no effect
Sound.c(14): warning:  #174-D: expression has no effect
Sound.c(14): warning:  #174-D: expression has no effect
Sound.c(14): warning:  #174-D: expression has no effect
Sound.c(14): warning:  #174-D: expression has no effect
Sound.c(14): warning:  #174-D: expression has no effect
Sound.c(14): warning:  #174-D: expression has no effect
Sound.c(14): warning:  #174-D: expression has no effect
Sound.c(14): warning:  #174-D: expression has no effect
Sound.c(14): warning:  #174-D: expression has no effect
Sound.c(14): warning:  #174-D: expression has no effect
Sound.c(14): warning:  #174-D: expression has no effect
Sound.c(14): warning:  #174-D: expression has no effect
Sound.c(14): warning:  #174-D: expression has no effect
Sound.c(14): warning:  #174-D: expression has no effect
Sound.c(14): warning:  #174-D: expression has no effect
Sound.c(14): warning:  #174-D: expression has no effect
Sound.c(14): warning:  #174-D: expression has no effect
Sound.c(14): warning:  #174-D: expression has no effect
Sound.c(14): warning:  #174-D: expression has no effect
Sound.c(14): warning:  #174-D: expression has no effect
Sound.c(14): warning:  #174-D: expression has no effect
Sound.c(14): warning:  #174-D: expression has no effect
Sound.c(14): warning:  #174-D: expression has no effect
Sound.c(14): warning:  #174-D: expression has no effect
Sound.c(14): warning:  #174-D: expression has no effect
Sound.c(14): warning:  #174-D: expression has no effect
Sound.c(14): warning:  #174-D: expression has no effect
Sound.c(14): warning:  #174-D: expression has no effect
Sound.c(14): warning:  #174-D: expression has no effect
Sound.c(14): warning:  #174-D: expression has no effect
Sound.c(14): warning:  #174-D: expression has no effect
Sound.c(14): warning:  #174-D: expression has no effect
Sound.c(14): warning:  #174-D: expression has no effect
Sound.c(14): warning:  #174-D: expression has no effect
Sound.c(14): warning:  #174-D: expression has no effect
Sound.c(14): warning:  #174-D: expression has no effect
Sound.c(14): warning:  #174-D: expression has no effect
Sound.c(14): warning:  #174-D: expression has no effect
Sound.c(14): warning:  #174-D: expression has no effect
Sound.c(14): warning:  #174-D: expression has no effect
Sound.c(14): warning:  #174-D: expression has no effect
Sound.c(14): warning:  #174-D: expression has no effect
Sound.c(14): warning:  #174-D: expression has no effect
Sound.c(14): warning:  #174-D: expression has no effect
Sound.c(14): warning:  #174-D: expression has no effect
Sound.c(14): warning:  #174-D: expression has no effect
Sound.c(14): warning:  #174-D: expression has no effect
Sound.c(14): warning:  #174-D: expression has no effect
Sound.c(14): warning:  #174-D: expression has no effect
Sound.c(14): warning:  #174-D: expression has no effect
Sound.c(14): warning:  #174-D: expression has no effect
Sound.c(14): warning:  #174-D: expression has no effect
Sound.c(14): warning:  #174-D: expression has no effect
Sound.c(14): warning:  #174-D: expression has no effect
Sound.c(14): warning:  #174-D: expression has no effect
Sound.c(14): warning:  #174-D: expression has no effect
Sound.c(14): warning:  #174-D: expression has no effect
Sound.c(14): warning:  #174-D: expression has no effect
Sound.c(14): warning:  #174-D: expression has no effect
Sound.c(14): warning:  #174-D: expression has no effect
Sound.c(14): warning:  #174-D: expression has no effect
Sound.c(14): warning:  #174-D: expression has no effect
Sound.c(14): warning:  #174-D: expression has no effect
Sound.c(14): warning:  #174-D: expression has no effect
Sound.c(14): warning:  #174-D: expression has no effect
Sound.c(14): warning:  #174-D: expression has no effect
Sound.c(14): warning:  #174-D: expression has no effect
Sound.c(14): warning:  #174-D: expression has no effect
Sound.c(14): warning:  #174-D: expression has no effect
Sound.c(14): warning:  #174-D: expression has no effect
Sound.c(14): warning:  #174-D: expression has no effect
Sound.c(14): warning:  #174-D: expression has no effect
Sound.c(14): warning:  #174-D: expression has no effect
Sound.c(14): warning:  #174-D: expression has no effect
Sound.c(14): warning:  #174-D: expression has no effect
Sound.c(14): warning:  #174-D: expression has no effect
Sound.c(14): warning:  #174-D: expression has no effect
Sound.c(14): warning:  #174-D: expression has no effect
Sound.c(14): warning:  #174-D: expression has no effect
Sound.c(14): warning:  #174-D: expression has no effect
Sound.c(14): warning:  #174-D: expression has no effect
Sound.c(14): warning:  #174-D: expression has no effect
Sound.c(14): warning:  #174-D: expression has no effect
Sound.c(14): warning:  #174-D: expression has no effect
Sound.c(14): warning:  #174-D: expression has no effect
Sound.c(14): warning:  #174-D: expression has no effect
Sound.c(14): warning:  #174-D: expression has no effect
Sound.c(14): warning:  #174-D: expression has no effect
Sound.c(14): warning:  #174-D: expression has no effect
Sound.c(14): warning:  #174-D: expression has no effect
Sound.c(14): warning:  #174-D: expression has no effect
Sound.c(14): warning:  #174-D: expression has no effect
Sound.c(14): warning:  #174-D: expression has no effect
Sound.c(14): warning:  #174-D: expression has no effect
Sound.c(14): warning:  #174-D: expression has no effect
Sound.c(14): warning:  #174-D: expression has no effect
Sound.c(14): warning:  #174-D: expression has no effect
Sound.c(14): warning:  #174-D: expression has no effect
Sound.c(14): warning:  #174-D: expression has no effect
Sound.c(14): warning:  #174-D: expression has no effect
Sound.c(14): warning:  #174-D: expression has no effect
Sound.c(14): warning:  #174-D: expression has no effect
Sound.c(14): warning:  #174-D: expression has no effect
Sound.c(14): warning:  #174-D: expression has no effect
Sound.c(14): warning:  #174-D: expression has no effect
Sound.c(14): warning:  #174-D: expression has no effect
Sound.c(14): warning:  #174-D: expression has no effect
Sound.c(14): warning:  #174-D: expression has no effect
Sound.c(14): warning:  #174-D: expression has no effect
Sound.c(14): warning:  #174-D: expression has no effect
Sound.c(14): warning:  #174-D: expression has no effect
Sound.c(14): warning:  #174-D: expression has no effect
Sound.c(14): warning:  #174-D: expression has no effect
Sound.c(14): warning:  #174-D: expression has no effect
Sound.c(14): warning:  #174-D: expression has no effect
Sound.c(14): warning:  #174-D: expression has no effect
Sound.c(14): warning:  #174-D: expression has no effect
Sound.c(14): warning:  #174-D: expression has no effect
Sound.c(14): warning:  #174-D: expression has no effect
Sound.c(14): warning:  #174-D: expression has no effect
Sound.c(14): warning:  #174-D: expression has no effect
Sound.c(14): warning:  #174-D: expression has no effect
Sound.c(14): warning:  #174-D: expression has no effect
Sound.c(14): warning:  #174-D: expression has no effect
Sound.c(14): warning:  #174-D: expression has no effect
Sound.c(14): warning:  #174-D: expression has no effect
Sound.c(14): warning:  #174-D: expression has no effect
Sound.c(14): warning:  #174-D: expression has no effect
Sound.c(14): warning:  #174-D: expression has no effect
Sound.c(14): warning:  #174-D: expression has no effect
Sound.c(14): warning:  #174-D: expression has no effect
Sound.c(14): warning:  #174-D: expression has no effect
Sound.c(14): warning:  #174-D: expression has no effect
Sound.c(14): warning:  #174-D: expression has no effect
Sound.c(14): warning:  #174-D: expression has no effect
Sound.c(14): warning:  #174-D: expression has no effect
Sound.c(14): warning:  #174-D: expression has no effect
Sound.c(14): warning:  #174-D: expression has no effect
Sound.c(14): warning:  #174-D: expression has no effect
Sound.c(14): warning:  #174-D: expression has no effect
Sound.c(14): warning:  #174-D: expression has no effect
Sound.c(14): warning:  #174-D: expression has no effect
Sound.c(14): warning:  #174-D: expression has no effect
Sound.c(14): warning:  #174-D: expression has no effect
Sound.c(14): warning:  #174-D: expression has no effect
Sound.c(14): warning:  #174-D: expression has no effect
Sound.c(14): warning:  #174-D: expression has no effect
Sound.c(14): warning:  #174-D: expression has no effect
Sound.c(14): warning:  #174-D: expression has no effect
Sound.c(14): warning:  #174-D: expression has no effect
Sound.c(14): warning:  #174-D: expression has no effect
Sound.c(14): warning:  #174-D: expression has no effect
Sound.c(14): warning:  #174-D: expression has no effect
Sound.c(14): warning:  #174-D: expression has no effect
Sound.c(14): warning:  #174-D: expression has no effect
Sound.c(14): warning:  #174-D: expression has no effect
Sound.c(14): warning:  #174-D: expression has no effect
Sound.c(14): warning:  #174-D: expression has no effect
Sound.c(14): warning:  #174-D: expression has no effect
Sound.c(14): warning:  #174-D: expression has no effect
Sound.c(14): warning:  #174-D: expression has no effect
Sound.c(14): warning:  #174-D: expression has no effect
Sound.c(14): warning:  #174-D: expression has no effect
Sound.c(14): warning:  #174-D: expression has no effect
Sound.c(14): warning:  #174-D: expression has no effect
Sound.c(14): warning:  #174-D: expression has no effect
Sound.c(14): warning:  #174-D: expression has no effect
Sound.c(14): warning:  #174-D: expression has no effect
Sound.c(14): warning:  #174-D: expression has no effect
Sound.c(14): warning:  #174-D: expression has no effect
Sound.c(14): warning:  #174-D: expression has no effect
Sound.c(14): warning:  #174-D: expression has no effect
Sound.c(14): warning:  #174-D: expression has no effect
Sound.c(14): warning:  #174-D: expression has no effect
Sound.c(14): warning:  #174-D: expression has no effect
Sound.c(14): warning:  #174-D: expression has no effect
Sound.c(14): warning:  #174-D: expression has no effect
Sound.c(14): warning:  #174-D: expression has no effect
Sound.c(14): warning:  #174-D: expression has no effect
Sound.c(14): warning:  #174-D: expression has no effect
Sound.c(14): warning:  #174-D: expression has no effect
Sound.c(14): warning:  #174-D: expression has no effect
Sound.c(14): warning:  #174-D: expression has no effect
Sound.c(14): warning:  #174-D: expression has no effect
Sound.c(14): warning:  #174-D: expression has no effect
Sound.c(14): warning:  #174-D: expression has no effect
Sound.c(14): warning:  #174-D: expression has no effect
Sound.c(14): warning:  #174-D: expression has no effect
Sound.c(14): warning:  #174-D: expression has no effect
Sound.c(14): warning:  #174-D: expression has no effect
Sound.c(14): warning:  #174-D: expression has no effect
Sound.c(14): warning:  #174-D: expression has no effect
Sound.c(14): warning:  #174-D: expression has no effect
Sound.c(14): warning:  #174-D: expression has no effect
Sound.c(14): warning:  #174-D: expression has no effect
Sound.c(14): warning:  #174-D: expression has no effect
Sound.c(14): warning:  #174-D: expression has no effect
Sound.c(14): warning:  #174-D: expression has no effect
Sound.c(14): warning:  #174-D: expression has no effect
Sound.c(14): warning:  #174-D: expression has no effect
Sound.c(14): warning:  #174-D: expression has no effect
Sound.c(14): warning:  #174-D: expression has no effect
Sound.c(14): warning:  #174-D: expression has no effect
Sound.c(14): warning:  #174-D: expression has no effect
Sound.c(14): warning:  #174-D: expression has no effect
Sound.c(14): warning:  #174-D: expression has no effect
Sound.c(14): warning:  #174-D: expression has no effect
Sound.c(14): warning:  #174-D: expression has no effect
Sound.c(14): warning:  #174-D: expression has no effect
Sound.c(14): warning:  #174-D: expression has no effect
Sound.c(14): warning:  #174-D: expression has no effect
Sound.c(14): warning:  #174-D: expression has no effect
Sound.c(14): warning:  #174-D: expression has no effect
Sound.c(14): warning:  #174-D: expression has no effect
Sound.c(14): warning:  #174-D: expression has no effect
Sound.c(14): warning:  #174-D: expression has no effect
Sound.c(14): warning:  #174-D: expression has no effect
Sound.c(14): warning:  #174-D: expression has no effect
Sound.c(14): warning:  #174-D: expression has no effect
Sound.c(14): warning:  #174-D: expression has no effect
Sound.c(14): warning:  #174-D: expression has no effect
Sound.c(14): warning:  #174-D: expression has no effect
Sound.c(14): warning:  #174-D: expression has no effect
Sound.c(14): warning:  #174-D: expression has no effect
Sound.c(14): warning:  #174-D: expression has no effect
Sound.c(14): warning:  #174-D: expression has no effect
Sound.c(14): warning:  #174-D: expression has no effect
Sound.c(14): warning:  #174-D: expression has no effect
Sound.c(14): warning:  #174-D: expression has no effect
Sound.c(14): warning:  #174-D: expression has no effect
Sound.c(14): warning:  #174-D: expression has no effect
Sound.c(14): warning:  #174-D: expression has no effect
Sound.c(14): warning:  #174-D: expression has no effect
Sound.c(14): warning:  #174-D: expression has no effect
Sound.c(14): warning:  #174-D: expression has no effect
Sound.c(14): warning:  #174-D: expression has no effect
Sound.c(14): warning:  #174-D: expression has no effect
Sound.c(14): warning:  #174-D: expression has no effect
Sound.c(14): warning:  #174-D: expression has no effect
Sound.c(14): warning:  #174-D: expression has no effect
Sound.c(14): warning:  #174-D: expression has no effect
Sound.c(14): warning:  #174-D: expression has no effect
Sound.c(14): warning:  #174-D: expression has no effect
Sound.c(14): warning:  #174-D: expression has no effect
Sound.c(14): warning:  #174-D: expression has no effect
Sound.c(14): warning:  #174-D: expression has no effect
Sound.c(14): warning:  #174-D: expression has no effect
Sound.c(14): warning:  #174-D: expression has no effect
Sound.c(14): warning:  #174-D: expression has no effect
Sound.c(14): warning:  #174-D: expression has no effect
Sound.c(14): warning:  #174-D: expression has no effect
Sound.c(14): warning:  #174-D: expression has no effect
Sound.c(14): warning:  #174-D: expression has no effect
Sound.c(14): warning:  #174-D: expression has no effect
Sound.c(14): warning:  #174-D: expression has no effect
Sound.c(14): warning:  #174-D: expression has no effect
Sound.c(14): warning:  #174-D: expression has no effect
Sound.c(14): warning:  #174-D: expression has no effect
Sound.c(14): warning:  #174-D: expression has no effect
Sound.c(14): warning:  #174-D: expression has no effect
Sound.c(14): warning:  #174-D: expression has no effect
Sound.c(14): warning:  #174-D: expression has no effect
Sound.c(14): warning:  #174-D: expression has no effect
Sound.c(14): warning:  #174-D: expression has no effect
Sound.c(14): warning:  #174-D: expression has no effect
Sound.c(14): warning:  #174-D: expression has no effect
Sound.c(14): warning:  #174-D: expression has no effect
Sound.c(14): warning:  #174-D: expression has no effect
Sound.c(14): warning:  #174-D: expression has no effect
Sound.c(14): warning:  #174-D: expression has no effect
[...]
Sound.c(14): warning:  #174-D: expression has no effect
Sound.c(14): warning:  #174-D: expression has no effect
Sound.c(14): warning:  #174-D: expression has no effect
Sound.c(14): warning:  #174-D: expression has no effect
Sound.c(14): warning:  #174-D: expression has no effect
Sound.c(14): warning:  #174-D: expression has no effect
Sound.c(14): warning:  #174-D: expression has no effect
Sound.c(14): warning:  #174-D: expression has no effect
Sound.c(14): warning:  #174-D: expression has no effect
Sound.c(14): warning:  #174-D: expression has no effect
Sound.c(14): warning:  #174-D: expression has no effect
Sound.c(14): warning:  #174-D: expression has no effect
Sound.c(14): warning:  #174-D: expression has no effect
Sound.c(14): warning:  #174-D: expression has no effect
Sound.c(14): warning:  #174-D: expression has no effect
Sound.c(14): warning:  #174-D: expression has no effect
Sound.c(14): warning:  #174-D: expression has no effect
Sound.c(14): warning:  #174-D: expression has no effect
Sound.c(14): warning:  #174-D: expression has no effect
Sound.c(14): warning:  #174-D: expression has no effect
Sound.c(14): warning:  #174-D: expression has no effect
Sound.c(14): warning:  #174-D: expression has no effect
Sound.c(14): warning:  #174-D: expression has no effect
Sound.c(14): warning:  #174-D: expression has no effect
Sound.c(14): warning:  #174-D: expression has no effect
Sound.c(14): warning:  #174-D: expression has no effect
Sound.c(14): warning:  #174-D: expression has no effect
Sound.c(14): warning:  #174-D: expression has no effect
Sound.c(14): warning:  #174-D: expression has no effect
Sound.c(14): warning:  #174-D: expression has no effect
Sound.c(14): warning:  #174-D: expression has no effect
Sound.c(14): warning:  #174-D: expression has no effect
Sound.c(14): warning:  #174-D: expression has no effect
Sound.c(14): warning:  #174-D: expression has no effect
Sound.c(14): warning:  #174-D: expression has no effect
Sound.c(14): warning:  #174-D: expression has no effect
Sound.c(14): warning:  #174-D: expression has no effect
Sound.c(14): warning:  #174-D: expression has no effect
Sound.c(14): warning:  #174-D: expression has no effect
Sound.c(14): warning:  #174-D: expression has no effect
Sound.c(14): warning:  #174-D: expression has no effect
Sound.c(14): warning:  #174-D: expression has no effect
Sound.c(14): warning:  #174-D: expression has no effect
Sound.c(14): warning:  #174-D: expression has no effect
Sound.c(14): warning:  #174-D: expression has no effect
Sound.c(14): warning:  #174-D: expression has no effect
Sound.c(14): warning:  #174-D: expression has no effect
Sound.c(14): warning:  #174-D: expression has no effect
Sound.c(14): warning:  #174-D: expression has no effect
Sound.c(14): warning:  #174-D: expression has no effect
Sound.c(14): warning:  #174-D: expression has no effect
Sound.c(14): warning:  #174-D: expression has no effect
Sound.c(14): warning:  #174-D: expression has no effect
Sound.c(14): warning:  #174-D: expression has no effect
Sound.c(14): warning:  #174-D: expression has no effect
Sound.c(14): warning:  #174-D: expression has no effect
Sound.c(14): warning:  #174-D: expression has no effect
Sound.c(14): warning:  #174-D: expression has no effect
Sound.c(14): warning:  #174-D: expression has no effect
Sound.c(14): warning:  #174-D: expression has no effect
Sound.c(14): warning:  #174-D: expression has no effect
Sound.c(14): warning:  #174-D: expression has no effect
Sound.c(14): warning:  #174-D: expression has no effect
Sound.c(14): warning:  #174-D: expression has no effect
Sound.c(14): warning:  #174-D: expression has no effect
Sound.c(14): warning:  #174-D: expression has no effect
Sound.c(14): warning:  #174-D: expression has no effect
Sound.c(14): warning:  #174-D: expression has no effect
Sound.c(14): warning:  #174-D: expression has no effect
Sound.c(14): warning:  #174-D: expression has no effect
Sound.c(14): warning:  #174-D: expression has no effect
Sound.c(14): warning:  #174-D: expression has no effect
Sound.c(14): warning:  #174-D: expression has no effect
Sound.c(14): warning:  #174-D: expression has no effect
Sound.c(14): warning:  #174-D: expression has no effect
Sound.c(14): warning:  #174-D: expression has no effect
Sound.c(14): warning:  #174-D: expression has no effect
Sound.c(14): warning:  #174-D: expression has no effect
Sound.c(14): warning:  #174-D: expression has no effect
Sound.c(14): warning:  #174-D: expression has no effect
Sound.c(14): warning:  #174-D: expression has no effect
Sound.c(14): warning:  #174-D: expression has no effect
Sound.c(14): warning:  #174-D: expression has no effect
Sound.c(14): warning:  #174-D: expression has no effect
Sound.c(14): warning:  #174-D: expression has no effect
Sound.c(14): warning:  #174-D: expression has no effect
Sound.c(14): warning:  #174-D: expression has no effect
Sound.c(14): warning:  #174-D: expression has no effect
Sound.c(14): warning:  #174-D: expression has no effect
Sound.c(14): warning:  #174-D: expression has no effect
Sound.c(14): warning:  #174-D: expression has no effect
Sound.c(14): warning:  #174-D: expression has no effect
Sound.c(14): warning:  #174-D: expression has no effect
Sound.c(14): warning:  #174-D: expression has no effect
Sound.c(14): warning:  #174-D: expression has no effect
Sound.c(14): warning:  #174-D: expression has no effect
Sound.c(14): warning:  #174-D: expression has no effect
Sound.c(14): warning:  #174-D: expression has no effect
Sound.c(14): warning:  #174-D: expression has no effect
Sound.c(14): warning:  #174-D: expression has no effect
Sound.c(14): warning:  #174-D: expression has no effect
Sound.c(14): warning:  #174-D: expression has no effect
Sound.c(14): warning:  #174-D: expression has no effect
Sound.c(14): warning:  #174-D: expression has no effect
Sound.c(14): warning:  #174-D: expression has no effect
Sound.c(14): warning:  #174-D: expression has no effect
Sound.c(14): warning:  #174-D: expression has no effect
Sound.c(14): warning:  #174-D: expression has no effect
Sound.c(14): warning:  #174-D: expression has no effect
Sound.c(14): warning:  #174-D: expression has no effect
Sound.c(14): warning:  #174-D: expression has no effect
Sound.c(14): warning:  #174-D: expression has no effect
Sound.c(14): warning:  #174-D: expression has no effect
Sound.c(14): warning:  #174-D: expression has no effect
Sound.c(14): warning:  #174-D: expression has no effect
Sound.c(14): warning:  #174-D: expression has no effect
Sound.c(14): warning:  #174-D: expression has no effect
Sound.c(14): warning:  #174-D: expression has no effect
Sound.c(14): warning:  #174-D: expression has no effect
Sound.c(14): warning:  #174-D: expression has no effect
Sound.c(14): warning:  #174-D: expression has no effect
Sound.c(14): warning:  #174-D: expression has no effect
Sound.c(14): warning:  #174-D: expression has no effect
Sound.c(14): warning:  #174-D: expression has no effect
Sound.c(14): warning:  #174-D: expression has no effect
Sound.c(14): warning:  #174-D: expression has no effect
Sound.c(14): warning:  #174-D: expression has no effect
Sound.c(14): warning:  #174-D: expression has no effect
Sound.c(14): warning:  #174-D: expression has no effect
Sound.c(14): warning:  #174-D: expression has no effect
Sound.c(14): warning:  #174-D: expression has no effect
Sound.c(14): warning:  #174-D: expression has no effect
Sound.c(14): warning:  #174-D: expression has no effect
Sound.c(14): warning:  #174-D: expression has no effect
Sound.c(14): warning:  #174-D: expression has no effect
Sound.c(14): warning:  #174-D: expression has no effect
Sound.c(14): warning:  #174-D: expression has no effect
Sound.c(14): warning:  #174-D: expression has no effect
Sound.c(14): warning:  #174-D: expression has no effect
Sound.c(14): warning:  #174-D: expression has no effect
Sound.c(14): warning:  #174-D: expression has no effect
Sound.c(14): warning:  #174-D: expression has no effect
Sound.c(14): warning:  #174-D: expression has no effect
Sound.c(14): warning:  #174-D: expression has no effect
Sound.c(14): warning:  #174-D: expression has no effect
Sound.c(14): warning:  #174-D: expression has no effect
Sound.c(14): warning:  #174-D: expression has no effect
Sound.c(14): warning:  #174-D: expression has no effect
Sound.c(14): warning:  #174-D: expression has no effect
Sound.c(14): warning:  #174-D: expression has no effect
Sound.c(14): warning:  #174-D: expression has no effect
Sound.c(14): warning:  #174-D: expression has no effect
Sound.c(14): warning:  #174-D: expression has no effect
Sound.c(14): warning:  #174-D: expression has no effect
Sound.c(14): warning:  #174-D: expression has no effect
Sound.c(14): warning:  #174-D: expression has no effect
Sound.c(14): warning:  #174-D: expression has no effect
Sound.c(14): warning:  #174-D: expression has no effect
Sound.c(14): warning:  #174-D: expression has no effect
Sound.c(14): warning:  #174-D: expression has no effect
Sound.c(14): warning:  #174-D: expression has no effect
Sound.c(14): warning:  #174-D: expression has no effect
Sound.c(14): warning:  #174-D: expression has no effect
Sound.c(14): warning:  #174-D: expression has no effect
Sound.c(14): warning:  #174-D: expression has no effect
Sound.c(14): warning:  #174-D: expression has no effect
Sound.c(14): warning:  #174-D: expression has no effect
Sound.c(14): warning:  #174-D: expression has no effect
Sound.c(14): warning:  #174-D: expression has no effect
Sound.c(14): warning:  #174-D: expression has no effect
Sound.c(14): warning:  #174-D: expression has no effect
Sound.c(14): warning:  #174-D: expression has no effect
Sound.c(14): warning:  #174-D: expression has no effect
Sound.c(14): warning:  #174-D: expression has no effect
Sound.c(14): warning:  #174-D: expression has no effect
Sound.c(14): warning:  #174-D: expression has no effect
Sound.c(14): warning:  #174-D: expression has no effect
Sound.c(14): warning:  #174-D: expression has no effect
Sound.c(14): warning:  #174-D: expression has no effect
Sound.c(14): warning:  #174-D: expression has no effect
Sound.c(14): warning:  #174-D: expression has no effect
Sound.c(14): warning:  #174-D: expression has no effect
Sound.c(14): warning:  #174-D: expression has no effect
Sound.c(14): warning:  #174-D: expression has no effect
Sound.c(14): warning:  #174-D: expression has no effect
Sound.c(14): warning:  #174-D: expression has no effect
Sound.c(14): warning:  #174-D: expression has no effect
Sound.c(14): warning:  #174-D: expression has no effect
Sound.c(14): warning:  #174-D: expression has no effect
Sound.c(14): warning:  #174-D: expression has no effect
Sound.c(14): warning:  #174-D: expression has no effect
Sound.c(14): warning:  #174-D: expression has no effect
Sound.c(14): warning:  #174-D: expression has no effect
Sound.c(14): warning:  #174-D: expression has no effect
Sound.c(14): warning:  #174-D: expression has no effect
Sound.c(14): warning:  #174-D: expression has no effect
Sound.c(14): warning:  #174-D: expression has no effect
Sound.c(14): warning:  #174-D: expression has no effect
Sound.c(14): warning:  #174-D: expression has no effect
Sound.c(14): warning:  #174-D: expression has no effect
Sound.c(14): warning:  #174-D: expression has no effect
Sound.c(14): warning:  #174-D: expression has no effect
Sound.c(14): warning:  #174-D: expression has no effect
Sound.c(14): warning:  #174-D: expression has no effect
Sound.c(14): warning:  #174-D: expression has no effect
Sound.c(14): warning:  #174-D: expression has no effect
Sound.c(14): warning:  #174-D: expression has no effect
Sound.c(14): warning:  #174-D: expression has no effect
Sound.c(14): warning:  #174-D: expression has no effect
Sound.c(14): warning:  #174-D: expression has no effect
Sound.c(14): warning:  #174-D: expression has no effect
Sound.c(14): warning:  #174-D: expression has no effect
Sound.c(14): warning:  #174-D: expression has no effect
Sound.c(14): warning:  #174-D: expression has no effect
Sound.c(14): warning:  #174-D: expression has no effect
Sound.c(14): warning:  #174-D: expression has no effect
Sound.c(14): warning:  #174-D: expression has no effect
Sound.c(14): warning:  #174-D: expression has no effect
Sound.c(14): warning:  #174-D: expression has no effect
Sound.c(14): warning:  #174-D: expression has no effect
Sound.c(14): warning:  #174-D: expression has no effect
Sound.c(14): warning:  #174-D: expression has no effect
Sound.c(14): warning:  #174-D: expression has no effect
Sound.c(14): warning:  #174-D: expression has no effect
Sound.c(14): warning:  #174-D: expression has no effect
Sound.c(14): warning:  #174-D: expression has no effect
Sound.c(14): warning:  #174-D: expression has no effect
Sound.c(14): warning:  #174-D: expression has no effect
Sound.c(14): warning:  #174-D: expression has no effect
Sound.c(14): warning:  #174-D: expression has no effect
Sound.c(14): warning:  #174-D: expression has no effect
Sound.c(14): warning:  #174-D: expression has no effect
Sound.c(14): warning:  #174-D: expression has no effect
Sound.c(14): warning:  #174-D: expression has no effect
Sound.c(14): warning:  #174-D: expression has no effect
Sound.c(14): warning:  #174-D: expression has no effect
Sound.c(14): warning:  #174-D: expression has no effect
Sound.c(14): warning:  #174-D: expression has no effect
Sound.c(14): warning:  #174-D: expression has no effect
Sound.c(14): warning:  #174-D: expression has no effect
Sound.c(14): warning:  #174-D: expression has no effect
Sound.c(14): warning:  #174-D: expression has no effect
Sound.c(14): warning:  #174-D: expression has no effect
Sound.c(14): warning:  #174-D: expression has no effect
Sound.c(14): warning:  #174-D: expression has no effect
Sound.c(14): warning:  #174-D: expression has no effect
Sound.c(14): warning:  #174-D: expression has no effect
Sound.c(14): warning:  #174-D: expression has no effect
Sound.c(14): warning:  #174-D: expression has no effect
Sound.c(14): warning:  #174-D: expression has no effect
Sound.c(14): warning:  #174-D: expression has no effect
Sound.c(14): warning:  #174-D: expression has no effect
Sound.c(14): warning:  #174-D: expression has no effect
Sound.c(14): warning:  #174-D: expression has no effect
Sound.c(14): warning:  #174-D: expression has no effect
Sound.c(14): warning:  #174-D: expression has no effect
Sound.c(14): warning:  #174-D: expression has no effect
Sound.c(14): warning:  #174-D: expression has no effect
Sound.c(14): warning:  #174-D: expression has no effect
Sound.c(14): warning:  #174-D: expression has no effect
Sound.c(14): warning:  #174-D: expression has no effect
Sound.c(14): warning:  #174-D: expression has no effect
Sound.c(14): warning:  #174-D: expression has no effect
Sound.c(14): warning:  #174-D: expression has no effect
Sound.c(14): warning:  #174-D: expression has no effect
Sound.c(14): warning:  #174-D: expression has no effect
Sound.c(14): warning:  #174-D: expression has no effect
Sound.c(14): warning:  #174-D: expression has no effect
Sound.c(14): warning:  #174-D: expression has no effect
Sound.c(14): warning:  #174-D: expression has no effect
Sound.c(14): warning:  #174-D: expression has no effect
Sound.c(14): warning:  #174-D: expression has no effect
Sound.c(14): warning:  #174-D: expression has no effect
Sound.c(14): warning:  #174-D: expression has no effect
Sound.c(14): warning:  #174-D: expression has no effect
Sound.c(14): warning:  #174-D: expression has no effect
Sound.c(14): warning:  #174-D: expression has no effect
Sound.c(14): warning:  #174-D: expression has no effect
Sound.c(14): warning:  #174-D: expression has no effect
Sound.c(14): warning:  #174-D: expression has no effect
Sound.c(14): warning:  #174-D: expression has no effect
Sound.c(14): warning:  #174-D: expression has no effect
Sound.c(14): warning:  #174-D: expression has no effect
Sound.c(14): warning:  #174-D: expression has no effect
Sound.c(14): warning:  #174-D: expression has no effect
Sound.c(14): warning:  #174-D: expression has no effect
Sound.c(14): warning:  #174-D: expression has no effect
Sound.c(14): warning:  #174-D: expression has no effect
Sound.c(14): warning:  #174-D: expression has no effect
Sound.c(14): warning:  #174-D: expression has no effect
Sound.c(14): warning:  #174-D: expression has no effect
Sound.c(14): warning:  #174-D: expression has no effect
Sound.c(14): warning:  #174-D: expression has no effect
Sound.c(14): warning:  #174-D: expression has no effect
Sound.c(14): warning:  #174-D: expression has no effect
Sound.c(14): warning:  #174-D: expression has no effect
Sound.c(14): warning:  #174-D: expression has no effect
Sound.c(14): warning:  #174-D: expression has no effect
Sound.c(14): warning:  #174-D: expression has no effect
Sound.c(14): warning:  #174-D: expression has no effect
Sound.c(14): warning:  #174-D: expression has no effect
Sound.c(14): warning:  #174-D: expression has no effect
Sound.c(14): warning:  #174-D: expression has no effect
Sound.c(14): warning:  #174-D: expression has no effect
Sound.c(14): warning:  #174-D: expression has no effect
Sound.c(14): warning:  #174-D: expression has no effect
Sound.c(14): warning:  #174-D: expression has no effect
Sound.c(14): warning:  #174-D: expression has no effect
Sound.c(14): warning:  #174-D: expression has no effect
Sound.c(14): warning:  #174-D: expression has no effect
Sound.c(14): warning:  #174-D: expression has no effect
Sound.c(14): warning:  #174-D: expression has no effect
Sound.c(14): warning:  #174-D: expression has no effect
Sound.c(14): warning:  #174-D: expression has no effect
Sound.c(14): warning:  #174-D: expression has no effect
Sound.c(14): warning:  #174-D: expression has no effect
Sound.c(14): warning:  #174-D: expression has no effect
Sound.c(14): warning:  #174-D: expression has no effect
Sound.c(14): warning:  #174-D: expression has no effect
Sound.c(14): warning:  #174-D: expression has no effect
Sound.c(14): warning:  #174-D: expression has no effect
Sound.c(14): warning:  #174-D: expression has no effect
Sound.c(14): warning:  #174-D: expression has no effect
Sound.c(14): warning:  #174-D: expression has no effect
Sound.c(14): warning:  #174-D: expression has no effect
Sound.c(14): warning:  #174-D: expression has no effect
Sound.c(14): warning:  #174-D: expression has no effect
Sound.c(14): warning:  #174-D: expression has no effect
Sound.c(14): warning:  #174-D: expression has no effect
Sound.c(14): warning:  #174-D: expression has no effect
Sound.c(14): warning:  #174-D: expression has no effect
Sound.c(14): warning:  #174-D: expression has no effect
Sound.c(14): warning:  #174-D: expression has no effect
Sound.c(14): warning:  #174-D: expression has no effect
Sound.c(14): warning:  #174-D: expression has no effect
Sound.c(14): warning:  #174-D: expression has no effect
Sound.c(14): warning:  #174-D: expression has no effect
Sound.c(14): warning:  #174-D: expression has no effect
Sound.c(14): warning:  #174-D: expression has no effect
Sound.c(14): warning:  #174-D: expression has no effect
Sound.c(14): warning:  #174-D: expression has no effect
Sound.c(14): warning:  #174-D: expression has no effect
Sound.c(14): warning:  #174-D: expression has no effect
Sound.c(14): warning:  #174-D: expression has no effect
Sound.c(217): error:  #65: expected a ";"
Sound.c(1147): warning:  #223-D: function "DAC_Out" declared implicitly
      DAC_Out(Wave[Index]>>4);
Sound.c(1151): error:  #20: identifier "NVIC_DIS0_R" is undefined
    NVIC_DIS0_R = 1<<19;           // disable IRQ 19 in NVIC
Sound.c(1167): error:  #20: identifier "NVIC_EN0_R" is undefined
    NVIC_EN0_R = 1<<19;           // 9) enable IRQ 19 in NVIC
Sound.c(1168): error:  #20: identifier "TIMER0_CTL_R" is undefined
    TIMER0_CTL_R = 0x00000001;    // 10) enable TIMER0A
Sound.c(1171): error:  #20: identifier "shoot" is undefined
    Sound_Play(shoot,4080);
Sound.c: 4082 warnings, 6 errors
".\SpaceInvaders.axf" - 19 Error(s), 4126 Warning(s).
Target not created
