ARM Linker, 5.03 [Build 76] [MDK-ARM Lite]

==============================================================================

Section Cross References

    startup.o(STACK) refers (Special) to heapauxi.o(.text) for __use_two_region_memory
    startup.o(HEAP) refers (Special) to heapauxi.o(.text) for __use_two_region_memory
    startup.o(RESET) refers (Special) to heapauxi.o(.text) for __use_two_region_memory
    startup.o(RESET) refers to startup.o(STACK) for StackMem
    startup.o(RESET) refers to systick.o(i.SysTick_Handler) for SysTick_Handler
    startup.o(RESET) refers to spaceinvaders.o(i.Timer0A_Handler) for Timer0A_Handler
    startup.o(RESET) refers to spaceinvaders.o(i.Timer2A_Handler) for Timer2A_Handler
    startup.o(RESET) refers to texas.o(i.Timer4A_Handler) for Timer4A_Handler
    startup.o(RESET) refers to texas.o(i.Timer5A_Handler) for Timer5A_Handler
    startup.o(RESET) refers to __main.o(!!!main) for __main
    startup.o(.text) refers (Special) to heapauxi.o(.text) for __use_two_region_memory
    startup.o(.text) refers to startup.o(HEAP) for HeapMem
    startup.o(.text) refers to startup.o(STACK) for StackMem
    nokia5110.o(i.Nokia5110_Clear) refers to nokia5110.o(i.lcdwrite) for lcdwrite
    nokia5110.o(i.Nokia5110_Clear) refers to nokia5110.o(i.Nokia5110_SetCursor) for Nokia5110_SetCursor
    nokia5110.o(i.Nokia5110_ClearBuffer) refers to nokia5110.o(.bss) for Screen
    nokia5110.o(i.Nokia5110_ClearPixel) refers to nokia5110.o(.bss) for Screen
    nokia5110.o(i.Nokia5110_DisplayBuffer) refers to nokia5110.o(i.Nokia5110_DrawFullImage) for Nokia5110_DrawFullImage
    nokia5110.o(i.Nokia5110_DisplayBuffer) refers to nokia5110.o(.bss) for Screen
    nokia5110.o(i.Nokia5110_DrawFullImage) refers to nokia5110.o(i.Nokia5110_SetCursor) for Nokia5110_SetCursor
    nokia5110.o(i.Nokia5110_DrawFullImage) refers to nokia5110.o(i.lcdwrite) for lcdwrite
    nokia5110.o(i.Nokia5110_Init) refers to nokia5110.o(i.lcdwrite) for lcdwrite
    nokia5110.o(i.Nokia5110_OutChar) refers to nokia5110.o(i.lcdwrite) for lcdwrite
    nokia5110.o(i.Nokia5110_OutChar) refers to nokia5110.o(.constdata) for ASCII
    nokia5110.o(i.Nokia5110_OutString) refers to nokia5110.o(i.Nokia5110_OutChar) for Nokia5110_OutChar
    nokia5110.o(i.Nokia5110_OutUDec) refers to nokia5110.o(i.Nokia5110_OutString) for Nokia5110_OutString
    nokia5110.o(i.Nokia5110_OutUDec) refers to nokia5110.o(i.Nokia5110_OutChar) for Nokia5110_OutChar
    nokia5110.o(i.Nokia5110_PrintBMP) refers to nokia5110.o(.bss) for Screen
    nokia5110.o(i.Nokia5110_SetCursor) refers to nokia5110.o(i.lcdwrite) for lcdwrite
    nokia5110.o(i.Nokia5110_SetPixel) refers to nokia5110.o(.bss) for Screen
    random.o(.text) refers to random.o(DATA) for M
    spaceinvaders.o(i.Timer0A_Handler) refers to gameengine.o(i.GameEngine_MoveEnemies) for GameEngine_MoveEnemies
    spaceinvaders.o(i.Timer0A_Handler) refers to spaceinvaders.o(.data) for Timer0Count
    spaceinvaders.o(i.Timer2A_Handler) refers to adc.o(i.ADC0_In) for ADC0_In
    spaceinvaders.o(i.Timer2A_Handler) refers to spaceinvaders.o(.data) for Timer2Count
    spaceinvaders.o(i.main) refers to texas.o(i.TExaS_Init) for TExaS_Init
    spaceinvaders.o(i.main) refers to gpio.o(i.GPIO_ButtonInit) for GPIO_ButtonInit
    spaceinvaders.o(i.main) refers to gpio.o(i.GPIO_LEDInit) for GPIO_LEDInit
    spaceinvaders.o(i.main) refers to adc.o(i.ADC0_Init) for ADC0_Init
    spaceinvaders.o(i.main) refers to sound.o(i.Sound_Init) for Sound_Init
    spaceinvaders.o(i.main) refers to timer.o(i.Timer2_Init) for Timer2_Init
    spaceinvaders.o(i.main) refers to timer.o(i.Timer0_Init) for Timer0_Init
    spaceinvaders.o(i.main) refers to gameengine.o(i.GameEngine_InitDisplay) for GameEngine_InitDisplay
    spaceinvaders.o(i.main) refers to startup.o(.text) for EnableInterrupts
    spaceinvaders.o(i.main) refers to gpio.o(i.GPIO_FireButtonIn) for GPIO_FireButtonIn
    spaceinvaders.o(i.main) refers to gpio.o(i.GPIO_SpecialButtonIn) for GPIO_SpecialButtonIn
    spaceinvaders.o(i.main) refers to gpio.o(i.GPIO_TurnOnFireIndicator) for GPIO_TurnOnFireIndicator
    spaceinvaders.o(i.main) refers to sound.o(i.Sound_Shoot) for Sound_Shoot
    spaceinvaders.o(i.main) refers to gpio.o(i.GPIO_TurnOffFireIndicator) for GPIO_TurnOffFireIndicator
    spaceinvaders.o(i.main) refers to gpio.o(i.GPIO_TurnOnSpecialIndicator) for GPIO_TurnOnSpecialIndicator
    spaceinvaders.o(i.main) refers to gpio.o(i.GPIO_TurnOffSpecialIndicator) for GPIO_TurnOffSpecialIndicator
    spaceinvaders.o(i.main) refers to conversion.o(i.Convert) for Convert
    spaceinvaders.o(i.main) refers to conversion.o(i.ConvertDistance) for ConvertDistance
    spaceinvaders.o(i.main) refers to gameengine.o(i.GameEngine_RefreshScreen) for GameEngine_RefreshScreen
    spaceinvaders.o(i.main) refers to spaceinvaders.o(i.Delay10ms) for Delay10ms
    spaceinvaders.o(i.main) refers to gameengine.o(i.GameEngine_GetEnemiesLife) for GameEngine_GetEnemiesLife
    spaceinvaders.o(i.main) refers to gameengine.o(i.GameEngine_DisplayGameOver) for GameEngine_DisplayGameOver
    spaceinvaders.o(i.main) refers to spaceinvaders.o(.data) for ADCReady
    texas.o(i.SetCode) refers to texas.o(.bss) for TExaS
    texas.o(i.SetCourse) refers to texas.o(.bss) for TExaS
    texas.o(i.SetMode) refers to texas.o(.bss) for TExaS
    texas.o(i.StartTimer4) refers to texas.o(.data) for ScopeCount
    texas.o(i.TExaS_Init) refers to texas.o(i.PLL_Init) for PLL_Init
    texas.o(i.TExaS_Init) refers to texas.o(i.SetCourse) for SetCourse
    texas.o(i.TExaS_Init) refers to texas.o(i.UART0_Init) for UART0_Init
    texas.o(i.TExaS_Init) refers to texas.o(i.SetCode) for SetCode
    texas.o(i.TExaS_Init) refers to texas.o(i.ADC1_Init) for ADC1_Init
    texas.o(i.TExaS_Init) refers to texas.o(.constdata) for IntroMsg
    texas.o(i.TExaS_Init) refers to texas.o(.bss) for TExaS
    texas.o(i.TExaS_Init) refers to texas.o(.data) for LastMode
    texas.o(i.Timer5A_Handler) refers to texas.o(i.ADC1_In) for ADC1_In
    texas.o(i.Timer5A_Handler) refers to texas.o(.data) for TExaS_Period
    conversion.o(i.ConvertDistance) refers to spaceinvaders.o(.bss) for String
    systick.o(i.SysTick_Handler) refers to systick.o(.data) for CallbackFunction
    systick.o(i.SysTick_Init) refers to systick.o(.data) for CallbackFunction
    timer.o(i.Timer2_Init) refers to spaceinvaders.o(.data) for Timer2Count
    sound.o(i.Play) refers to dac.o(i.DAC_Out) for DAC_Out
    sound.o(i.Play) refers to sound.o(i.Sound_TurnOff) for Sound_TurnOff
    sound.o(i.Play) refers to sound.o(.data) for CountWave
    sound.o(i.Sound_Explosion) refers to sound.o(i.Sound_Play) for Sound_Play
    sound.o(i.Sound_Explosion) refers to sound.o(.constdata) for explosion
    sound.o(i.Sound_Fastinvader1) refers to sound.o(i.Sound_Play) for Sound_Play
    sound.o(i.Sound_Fastinvader1) refers to sound.o(.constdata) for fastinvader1
    sound.o(i.Sound_Fastinvader2) refers to sound.o(i.Sound_Play) for Sound_Play
    sound.o(i.Sound_Fastinvader2) refers to sound.o(.constdata) for fastinvader2
    sound.o(i.Sound_Fastinvader3) refers to sound.o(i.Sound_Play) for Sound_Play
    sound.o(i.Sound_Fastinvader3) refers to sound.o(.constdata) for fastinvader3
    sound.o(i.Sound_Fastinvader4) refers to sound.o(i.Sound_Play) for Sound_Play
    sound.o(i.Sound_Fastinvader4) refers to sound.o(.constdata) for fastinvader4
    sound.o(i.Sound_Highpitch) refers to sound.o(i.Sound_Play) for Sound_Play
    sound.o(i.Sound_Highpitch) refers to sound.o(.constdata) for highpitch
    sound.o(i.Sound_Init) refers to dac.o(i.DAC_Init) for DAC_Init
    sound.o(i.Sound_Init) refers to systick.o(i.SysTick_Init) for SysTick_Init
    sound.o(i.Sound_Init) refers to sound.o(i.Play) for Play
    sound.o(i.Sound_Init) refers to sound.o(.data) for Index
    sound.o(i.Sound_Killed) refers to sound.o(i.Sound_Play) for Sound_Play
    sound.o(i.Sound_Killed) refers to sound.o(.constdata) for invaderkilled
    sound.o(i.Sound_Play) refers to sound.o(.data) for Wave
    sound.o(i.Sound_Shoot) refers to sound.o(i.Sound_Play) for Sound_Play
    sound.o(i.Sound_Shoot) refers to sound.o(.constdata) for shoot
    sprites.o(i.Sprites_Draw) refers to nokia5110.o(i.Nokia5110_ClearBuffer) for Nokia5110_ClearBuffer
    sprites.o(i.Sprites_Draw) refers to nokia5110.o(i.Nokia5110_PrintBMP) for Nokia5110_PrintBMP
    sprites.o(i.Sprites_Draw) refers to nokia5110.o(i.Nokia5110_DisplayBuffer) for Nokia5110_DisplayBuffer
    sprites.o(i.Sprites_Draw) refers to sprites.o(.bss) for Enemy
    sprites.o(i.Sprites_Init) refers to sprites.o(.bss) for Enemy
    sprites.o(i.Sprites_Init) refers to sprites.o(.constdata) for SmallEnemy30PointA
    sprites.o(i.Sprites_Move) refers to sprites.o(.bss) for Enemy
    gameengine.o(i.GameEngine_DisplayGameOver) refers to nokia5110.o(i.Nokia5110_Clear) for Nokia5110_Clear
    gameengine.o(i.GameEngine_DisplayGameOver) refers to nokia5110.o(i.Nokia5110_SetCursor) for Nokia5110_SetCursor
    gameengine.o(i.GameEngine_DisplayGameOver) refers to nokia5110.o(i.Nokia5110_OutString) for Nokia5110_OutString
    gameengine.o(i.GameEngine_GetEnemiesLife) refers to sprites.o(.bss) for Enemy
    gameengine.o(i.GameEngine_InitDisplay) refers to nokia5110.o(i.Nokia5110_Init) for Nokia5110_Init
    gameengine.o(i.GameEngine_InitDisplay) refers to sprites.o(i.Sprites_Init) for Sprites_Init
    gameengine.o(i.GameEngine_InitDisplay) refers to sprites.o(i.Sprites_Draw) for Sprites_Draw
    gameengine.o(i.GameEngine_MoveEnemies) refers to sprites.o(i.Sprites_Move) for Sprites_Move
    __main.o(!!!main) refers to rtentry.o(.ARM.Collect$$rtentry$$00000000) for __rt_entry
    rtentry.o(.ARM.Collect$$rtentry$$00000000) refers (Special) to rtentry2.o(.ARM.Collect$$rtentry$$0000000A) for __rt_entry_li
    rtentry.o(.ARM.Collect$$rtentry$$00000000) refers (Special) to rtentry2.o(.ARM.Collect$$rtentry$$0000000D) for __rt_entry_main
    rtentry.o(.ARM.Collect$$rtentry$$00000000) refers (Special) to rtentry2.o(.ARM.Collect$$rtentry$$0000000C) for __rt_entry_postli_1
    rtentry.o(.ARM.Collect$$rtentry$$00000000) refers (Special) to rtentry2.o(.ARM.Collect$$rtentry$$00000009) for __rt_entry_postsh_1
    rtentry.o(.ARM.Collect$$rtentry$$00000000) refers (Special) to rtentry2.o(.ARM.Collect$$rtentry$$00000002) for __rt_entry_presh_1
    rtentry.o(.ARM.Collect$$rtentry$$00000000) refers (Special) to rtentry4.o(.ARM.Collect$$rtentry$$00000004) for __rt_entry_sh
    rtentry2.o(.ARM.Collect$$rtentry$$00000008) refers to boardinit2.o(.text) for _platform_post_stackheap_init
    rtentry2.o(.ARM.Collect$$rtentry$$0000000A) refers to libinit.o(.ARM.Collect$$libinit$$00000000) for __rt_lib_init
    rtentry2.o(.ARM.Collect$$rtentry$$0000000B) refers to boardinit3.o(.text) for _platform_post_lib_init
    rtentry2.o(.ARM.Collect$$rtentry$$0000000D) refers to spaceinvaders.o(i.main) for main
    rtentry2.o(.ARM.Collect$$rtentry$$0000000D) refers to exit.o(.text) for exit
    rtentry2.o(.ARM.exidx) refers to rtentry2.o(.ARM.Collect$$rtentry$$00000001) for .ARM.Collect$$rtentry$$00000001
    rtentry2.o(.ARM.exidx) refers to rtentry2.o(.ARM.Collect$$rtentry$$00000008) for .ARM.Collect$$rtentry$$00000008
    rtentry2.o(.ARM.exidx) refers to rtentry2.o(.ARM.Collect$$rtentry$$0000000A) for .ARM.Collect$$rtentry$$0000000A
    rtentry2.o(.ARM.exidx) refers to rtentry2.o(.ARM.Collect$$rtentry$$0000000B) for .ARM.Collect$$rtentry$$0000000B
    rtentry2.o(.ARM.exidx) refers to rtentry2.o(.ARM.Collect$$rtentry$$0000000D) for .ARM.Collect$$rtentry$$0000000D
    rtentry4.o(.ARM.Collect$$rtentry$$00000004) refers to sys_stackheap_outer.o(.text) for __user_setup_stackheap
    rtentry4.o(.ARM.exidx) refers to rtentry4.o(.ARM.Collect$$rtentry$$00000004) for .ARM.Collect$$rtentry$$00000004
    sys_stackheap_outer.o(.text) refers to libspace.o(.text) for __user_perproc_libspace
    sys_stackheap_outer.o(.text) refers to startup.o(.text) for __user_initial_stackheap
    exit.o(.text) refers to rtexit.o(.ARM.Collect$$rtexit$$00000000) for __rt_exit
    libinit.o(.ARM.Collect$$libinit$$00000000) refers (Special) to libinit2.o(.ARM.Collect$$libinit$$0000002C) for __rt_lib_init_alloca_1
    libinit.o(.ARM.Collect$$libinit$$00000000) refers (Special) to libinit2.o(.ARM.Collect$$libinit$$0000002A) for __rt_lib_init_argv_1
    libinit.o(.ARM.Collect$$libinit$$00000000) refers (Special) to libinit2.o(.ARM.Collect$$libinit$$00000019) for __rt_lib_init_atexit_1
    libinit.o(.ARM.Collect$$libinit$$00000000) refers (Special) to libinit2.o(.ARM.Collect$$libinit$$0000001F) for __rt_lib_init_clock_1
    libinit.o(.ARM.Collect$$libinit$$00000000) refers (Special) to libinit2.o(.ARM.Collect$$libinit$$00000030) for __rt_lib_init_cpp_1
    libinit.o(.ARM.Collect$$libinit$$00000000) refers (Special) to libinit2.o(.ARM.Collect$$libinit$$0000002E) for __rt_lib_init_exceptions_1
    libinit.o(.ARM.Collect$$libinit$$00000000) refers (Special) to libinit2.o(.ARM.Collect$$libinit$$00000002) for __rt_lib_init_fp_1
    libinit.o(.ARM.Collect$$libinit$$00000000) refers (Special) to libinit2.o(.ARM.Collect$$libinit$$0000001D) for __rt_lib_init_fp_trap_1
    libinit.o(.ARM.Collect$$libinit$$00000000) refers (Special) to libinit2.o(.ARM.Collect$$libinit$$00000021) for __rt_lib_init_getenv_1
    libinit.o(.ARM.Collect$$libinit$$00000000) refers (Special) to libinit2.o(.ARM.Collect$$libinit$$00000008) for __rt_lib_init_heap_1
    libinit.o(.ARM.Collect$$libinit$$00000000) refers (Special) to libinit2.o(.ARM.Collect$$libinit$$0000000F) for __rt_lib_init_lc_collate_1
    libinit.o(.ARM.Collect$$libinit$$00000000) refers (Special) to libinit2.o(.ARM.Collect$$libinit$$00000011) for __rt_lib_init_lc_ctype_1
    libinit.o(.ARM.Collect$$libinit$$00000000) refers (Special) to libinit2.o(.ARM.Collect$$libinit$$00000013) for __rt_lib_init_lc_monetary_1
    libinit.o(.ARM.Collect$$libinit$$00000000) refers (Special) to libinit2.o(.ARM.Collect$$libinit$$00000015) for __rt_lib_init_lc_numeric_1
    libinit.o(.ARM.Collect$$libinit$$00000000) refers (Special) to libinit2.o(.ARM.Collect$$libinit$$00000017) for __rt_lib_init_lc_time_1
    libinit.o(.ARM.Collect$$libinit$$00000000) refers (Special) to libinit2.o(.ARM.Collect$$libinit$$0000000C) for __rt_lib_init_rand_1
    libinit.o(.ARM.Collect$$libinit$$00000000) refers (Special) to libinit2.o(.ARM.Collect$$libinit$$00000031) for __rt_lib_init_return
    libinit.o(.ARM.Collect$$libinit$$00000000) refers (Special) to libinit2.o(.ARM.Collect$$libinit$$0000001B) for __rt_lib_init_signal_1
    libinit.o(.ARM.Collect$$libinit$$00000000) refers (Special) to libinit2.o(.ARM.Collect$$libinit$$00000023) for __rt_lib_init_stdio_1
    libinit.o(.ARM.Collect$$libinit$$00000000) refers (Special) to libinit2.o(.ARM.Collect$$libinit$$0000000A) for __rt_lib_init_user_alloc_1
    libspace.o(.text) refers to libspace.o(.bss) for __libspace_start
    rtexit.o(.ARM.Collect$$rtexit$$00000000) refers (Special) to rtexit2.o(.ARM.Collect$$rtexit$$00000004) for __rt_exit_exit
    rtexit.o(.ARM.Collect$$rtexit$$00000000) refers (Special) to rtexit2.o(.ARM.Collect$$rtexit$$00000003) for __rt_exit_ls
    rtexit.o(.ARM.Collect$$rtexit$$00000000) refers (Special) to rtexit2.o(.ARM.Collect$$rtexit$$00000002) for __rt_exit_prels_1
    rtexit.o(.ARM.exidx) refers (Special) to rtexit2.o(.ARM.Collect$$rtexit$$00000004) for __rt_exit_exit
    rtexit.o(.ARM.exidx) refers (Special) to rtexit2.o(.ARM.Collect$$rtexit$$00000003) for __rt_exit_ls
    rtexit.o(.ARM.exidx) refers (Special) to rtexit2.o(.ARM.Collect$$rtexit$$00000002) for __rt_exit_prels_1
    rtexit.o(.ARM.exidx) refers to rtexit.o(.ARM.Collect$$rtexit$$00000000) for .ARM.Collect$$rtexit$$00000000
    libinit2.o(.ARM.Collect$$libinit$$0000000E) refers to libinit2.o(.ARM.Collect$$libinit$$0000000D) for .ARM.Collect$$libinit$$0000000D
    libinit2.o(.ARM.Collect$$libinit$$00000010) refers to libinit2.o(.ARM.Collect$$libinit$$0000000D) for .ARM.Collect$$libinit$$0000000D
    libinit2.o(.ARM.Collect$$libinit$$00000012) refers to libinit2.o(.ARM.Collect$$libinit$$0000000D) for .ARM.Collect$$libinit$$0000000D
    libinit2.o(.ARM.Collect$$libinit$$00000014) refers to libinit2.o(.ARM.Collect$$libinit$$0000000D) for .ARM.Collect$$libinit$$0000000D
    libinit2.o(.ARM.Collect$$libinit$$00000016) refers to libinit2.o(.ARM.Collect$$libinit$$0000000D) for .ARM.Collect$$libinit$$0000000D
    libinit2.o(.ARM.Collect$$libinit$$00000024) refers to argv_veneer.o(.emb_text) for __ARM_argv_veneer
    libinit2.o(.ARM.Collect$$libinit$$00000025) refers to argv_veneer.o(.emb_text) for __ARM_argv_veneer
    rtexit2.o(.ARM.Collect$$rtexit$$00000003) refers to libshutdown.o(.ARM.Collect$$libshutdown$$00000000) for __rt_lib_shutdown
    rtexit2.o(.ARM.Collect$$rtexit$$00000004) refers to sys_exit.o(.text) for _sys_exit
    rtexit2.o(.ARM.exidx) refers to rtexit2.o(.ARM.Collect$$rtexit$$00000001) for .ARM.Collect$$rtexit$$00000001
    rtexit2.o(.ARM.exidx) refers to rtexit2.o(.ARM.Collect$$rtexit$$00000003) for .ARM.Collect$$rtexit$$00000003
    rtexit2.o(.ARM.exidx) refers to rtexit2.o(.ARM.Collect$$rtexit$$00000004) for .ARM.Collect$$rtexit$$00000004
    argv_veneer.o(.emb_text) refers to no_argv.o(.text) for __ARM_get_argv
    sys_exit.o(.text) refers (Special) to use_no_semi.o(.text) for __I$use$semihosting
    sys_exit.o(.text) refers (Special) to indicate_semi.o(.text) for __semihosting_library_function
    _get_argv_nomalloc.o(.text) refers (Special) to hrguard.o(.text) for __heap_region$guard
    _get_argv_nomalloc.o(.text) refers to defsig_rtmem_outer.o(.text) for __rt_SIGRTMEM
    _get_argv_nomalloc.o(.text) refers to sys_command.o(.text) for _sys_command_string
    libshutdown.o(.ARM.Collect$$libshutdown$$00000000) refers (Special) to libshutdown2.o(.ARM.Collect$$libshutdown$$00000006) for __rt_lib_shutdown_fp_trap_1
    libshutdown.o(.ARM.Collect$$libshutdown$$00000000) refers (Special) to libshutdown2.o(.ARM.Collect$$libshutdown$$0000000E) for __rt_lib_shutdown_heap_1
    libshutdown.o(.ARM.Collect$$libshutdown$$00000000) refers (Special) to libshutdown2.o(.ARM.Collect$$libshutdown$$0000000F) for __rt_lib_shutdown_return
    libshutdown.o(.ARM.Collect$$libshutdown$$00000000) refers (Special) to libshutdown2.o(.ARM.Collect$$libshutdown$$00000009) for __rt_lib_shutdown_signal_1
    libshutdown.o(.ARM.Collect$$libshutdown$$00000000) refers (Special) to libshutdown2.o(.ARM.Collect$$libshutdown$$00000003) for __rt_lib_shutdown_stdio_1
    libshutdown.o(.ARM.Collect$$libshutdown$$00000000) refers (Special) to libshutdown2.o(.ARM.Collect$$libshutdown$$0000000B) for __rt_lib_shutdown_user_alloc_1
    sys_command.o(.text) refers (Special) to use_no_semi.o(.text) for __I$use$semihosting
    sys_command.o(.text) refers (Special) to indicate_semi.o(.text) for __semihosting_library_function
    defsig_rtmem_outer.o(.text) refers to defsig_rtmem_inner.o(.text) for __rt_SIGRTMEM_inner
    defsig_rtmem_outer.o(.text) refers to defsig_exit.o(.text) for __sig_exit
    defsig_rtmem_formal.o(.text) refers to rt_raise.o(.text) for __rt_raise
    rt_raise.o(.text) refers to __raise.o(.text) for __raise
    rt_raise.o(.text) refers to sys_exit.o(.text) for _sys_exit
    defsig_exit.o(.text) refers to sys_exit.o(.text) for _sys_exit
    defsig_rtmem_inner.o(.text) refers to defsig_general.o(.text) for __default_signal_display
    __raise.o(.text) refers to defsig.o(CL$$defsig) for __default_signal_handler
    defsig_general.o(.text) refers to sys_wrch.o(.text) for _ttywrch
    sys_wrch.o(.text) refers (Special) to use_no_semi.o(.text) for __I$use$semihosting
    sys_wrch.o(.text) refers (Special) to indicate_semi.o(.text) for __semihosting_library_function
    defsig.o(CL$$defsig) refers to defsig_rtmem_inner.o(.text) for __rt_SIGRTMEM_inner
    defsig_abrt_inner.o(.text) refers to defsig_general.o(.text) for __default_signal_display
    defsig_fpe_inner.o(.text) refers to defsig_general.o(.text) for __default_signal_display
    defsig_rtred_inner.o(.text) refers to defsig_general.o(.text) for __default_signal_display
    defsig_stak_inner.o(.text) refers to defsig_general.o(.text) for __default_signal_display
    defsig_pvfn_inner.o(.text) refers to defsig_general.o(.text) for __default_signal_display
    defsig_cppl_inner.o(.text) refers to defsig_general.o(.text) for __default_signal_display
    defsig_segv_inner.o(.text) refers to defsig_general.o(.text) for __default_signal_display
    defsig_other.o(.text) refers to defsig_general.o(.text) for __default_signal_display


==============================================================================

Removing Unused input sections from the image.

    Removing nokia5110.o(i.Nokia5110_ClearPixel), (68 bytes).
    Removing nokia5110.o(i.Nokia5110_OutUDec), (412 bytes).
    Removing nokia5110.o(i.Nokia5110_SetPixel), (68 bytes).
    Removing random.o(DATA), (4 bytes).
    Removing random.o(.text), (60 bytes).
    Removing spaceinvaders.o(i.Delay100ms), (36 bytes).
    Removing spaceinvaders.o(.constdata), (496 bytes).
    Removing texas.o(i.SetMode), (24 bytes).
    Removing texas.o(i.StartTimer4), (36 bytes).
    Removing texas.o(i.StopTimer4), (24 bytes).
    Removing texas.o(i.TExaS_Stop), (28 bytes).
    Removing texas.o(i.UART0_InChar), (24 bytes).
    Removing texas.o(i.UART0_InCharNonBlocking), (28 bytes).
    Removing texas.o(i.UART0_OutChar), (24 bytes).
    Removing texas.o(i.UART0_OutCharNonBlock), (12 bytes).
    Removing texas.o(i.copy), (18 bytes).
    Removing graphics.o(.constdata), (3732 bytes).
    Removing sound.o(i.Sound_Explosion), (20 bytes).
    Removing sound.o(i.Sound_Fastinvader1), (20 bytes).
    Removing sound.o(i.Sound_Fastinvader2), (20 bytes).
    Removing sound.o(i.Sound_Fastinvader3), (20 bytes).
    Removing sound.o(i.Sound_Fastinvader4), (20 bytes).
    Removing sound.o(i.Sound_Highpitch), (20 bytes).
    Removing sound.o(i.Sound_Killed), (20 bytes).
    Removing gameengine.o(.constdata), (480 bytes).

25 unused section(s) (total 5714 bytes) removed from the image.

==============================================================================

Image Symbol Table

    Local Symbols

    Symbol Name                              Value     Ov Type        Size  Object(Section)

    RESET                                    0x00000000   Section      644  startup.o(RESET)
    ../clib/angel/boardlib.s                 0x00000000   Number         0  boardinit1.o ABSOLUTE
    ../clib/angel/boardlib.s                 0x00000000   Number         0  boardinit2.o ABSOLUTE
    ../clib/angel/boardlib.s                 0x00000000   Number         0  boardinit3.o ABSOLUTE
    ../clib/angel/boardlib.s                 0x00000000   Number         0  boardshut.o ABSOLUTE
    ../clib/angel/handlers.s                 0x00000000   Number         0  __scatter_zi.o ABSOLUTE
    ../clib/angel/handlers.s                 0x00000000   Number         0  __scatter_copy.o ABSOLUTE
    ../clib/angel/kernel.s                   0x00000000   Number         0  rtexit.o ABSOLUTE
    ../clib/angel/kernel.s                   0x00000000   Number         0  rtexit2.o ABSOLUTE
    ../clib/angel/kernel.s                   0x00000000   Number         0  rtentry.o ABSOLUTE
    ../clib/angel/kernel.s                   0x00000000   Number         0  rtentry2.o ABSOLUTE
    ../clib/angel/kernel.s                   0x00000000   Number         0  rtentry4.o ABSOLUTE
    ../clib/angel/rt.s                       0x00000000   Number         0  rt_raise.o ABSOLUTE
    ../clib/angel/scatter.s                  0x00000000   Number         0  __scatter.o ABSOLUTE
    ../clib/angel/startup.s                  0x00000000   Number         0  __main.o ABSOLUTE
    ../clib/angel/sys.s                      0x00000000   Number         0  libspace.o ABSOLUTE
    ../clib/angel/sys.s                      0x00000000   Number         0  indicate_semi.o ABSOLUTE
    ../clib/angel/sys.s                      0x00000000   Number         0  use_no_semi.o ABSOLUTE
    ../clib/angel/sys.s                      0x00000000   Number         0  sys_stackheap_outer.o ABSOLUTE
    ../clib/angel/sysapp.c                   0x00000000   Number         0  sys_command.o ABSOLUTE
    ../clib/angel/sysapp.c                   0x00000000   Number         0  sys_wrch.o ABSOLUTE
    ../clib/angel/sysapp.c                   0x00000000   Number         0  sys_exit.o ABSOLUTE
    ../clib/armsys.c                         0x00000000   Number         0  argv_veneer.o ABSOLUTE
    ../clib/armsys.c                         0x00000000   Number         0  argv_veneer.o ABSOLUTE
    ../clib/armsys.c                         0x00000000   Number         0  no_argv.o ABSOLUTE
    ../clib/armsys.c                         0x00000000   Number         0  _get_argv_nomalloc.o ABSOLUTE
    ../clib/heapalloc.c                      0x00000000   Number         0  hrguard.o ABSOLUTE
    ../clib/heapaux.c                        0x00000000   Number         0  heapauxi.o ABSOLUTE
    ../clib/libinit.s                        0x00000000   Number         0  libinit2.o ABSOLUTE
    ../clib/libinit.s                        0x00000000   Number         0  libshutdown2.o ABSOLUTE
    ../clib/libinit.s                        0x00000000   Number         0  libshutdown.o ABSOLUTE
    ../clib/libinit.s                        0x00000000   Number         0  libinit.o ABSOLUTE
    ../clib/signal.c                         0x00000000   Number         0  defsig_cppl_inner.o ABSOLUTE
    ../clib/signal.c                         0x00000000   Number         0  defsig_exit.o ABSOLUTE
    ../clib/signal.c                         0x00000000   Number         0  defsig_other.o ABSOLUTE
    ../clib/signal.c                         0x00000000   Number         0  defsig_segv_inner.o ABSOLUTE
    ../clib/signal.c                         0x00000000   Number         0  defsig_pvfn_inner.o ABSOLUTE
    ../clib/signal.c                         0x00000000   Number         0  defsig_stak_inner.o ABSOLUTE
    ../clib/signal.c                         0x00000000   Number         0  defsig_rtred_inner.o ABSOLUTE
    ../clib/signal.c                         0x00000000   Number         0  defsig_fpe_inner.o ABSOLUTE
    ../clib/signal.c                         0x00000000   Number         0  defsig_abrt_inner.o ABSOLUTE
    ../clib/signal.c                         0x00000000   Number         0  defsig_general.o ABSOLUTE
    ../clib/signal.c                         0x00000000   Number         0  __raise.o ABSOLUTE
    ../clib/signal.c                         0x00000000   Number         0  defsig_rtmem_inner.o ABSOLUTE
    ../clib/signal.c                         0x00000000   Number         0  defsig_rtmem_outer.o ABSOLUTE
    ../clib/signal.c                         0x00000000   Number         0  defsig_rtmem_formal.o ABSOLUTE
    ../clib/signal.s                         0x00000000   Number         0  defsig.o ABSOLUTE
    ../clib/stdlib.c                         0x00000000   Number         0  exit.o ABSOLUTE
    ../fplib/fpinit.s                        0x00000000   Number         0  fpinit.o ABSOLUTE
    GameEngine.c                             0x00000000   Number         0  gameengine.o ABSOLUTE
    Nokia5110.c                              0x00000000   Number         0  nokia5110.o ABSOLUTE
    Sound.c                                  0x00000000   Number         0  sound.o ABSOLUTE
    SpaceInvaders.c                          0x00000000   Number         0  spaceinvaders.o ABSOLUTE
    SysTick.c                                0x00000000   Number         0  systick.o ABSOLUTE
    TExaS.c                                  0x00000000   Number         0  texas.o ABSOLUTE
    adc.c                                    0x00000000   Number         0  adc.o ABSOLUTE
    conversion.c                             0x00000000   Number         0  conversion.o ABSOLUTE
    dac.c                                    0x00000000   Number         0  dac.o ABSOLUTE
    dc.s                                     0x00000000   Number         0  dc.o ABSOLUTE
    gpio.c                                   0x00000000   Number         0  gpio.o ABSOLUTE
    graphics.c                               0x00000000   Number         0  graphics.o ABSOLUTE
    random.s                                 0x00000000   Number         0  random.o ABSOLUTE
    sprites.c                                0x00000000   Number         0  sprites.o ABSOLUTE
    startup.s                                0x00000000   Number         0  startup.o ABSOLUTE
    timer.c                                  0x00000000   Number         0  timer.o ABSOLUTE
    !!!main                                  0x00000284   Section        8  __main.o(!!!main)
    !!!scatter                               0x0000028c   Section       52  __scatter.o(!!!scatter)
    !!handler_copy                           0x000002c0   Section       26  __scatter_copy.o(!!handler_copy)
    !!handler_zi                             0x000002dc   Section       28  __scatter_zi.o(!!handler_zi)
    .ARM.Collect$$libinit$$00000000          0x000002f8   Section        2  libinit.o(.ARM.Collect$$libinit$$00000000)
    .ARM.Collect$$libinit$$00000002          0x000002fa   Section        0  libinit2.o(.ARM.Collect$$libinit$$00000002)
    .ARM.Collect$$libinit$$00000008          0x000002fa   Section        0  libinit2.o(.ARM.Collect$$libinit$$00000008)
    .ARM.Collect$$libinit$$0000000A          0x000002fa   Section        0  libinit2.o(.ARM.Collect$$libinit$$0000000A)
    .ARM.Collect$$libinit$$0000000C          0x000002fa   Section        0  libinit2.o(.ARM.Collect$$libinit$$0000000C)
    .ARM.Collect$$libinit$$0000000F          0x000002fa   Section        0  libinit2.o(.ARM.Collect$$libinit$$0000000F)
    .ARM.Collect$$libinit$$00000011          0x000002fa   Section        0  libinit2.o(.ARM.Collect$$libinit$$00000011)
    .ARM.Collect$$libinit$$00000013          0x000002fa   Section        0  libinit2.o(.ARM.Collect$$libinit$$00000013)
    .ARM.Collect$$libinit$$00000015          0x000002fa   Section        0  libinit2.o(.ARM.Collect$$libinit$$00000015)
    .ARM.Collect$$libinit$$00000017          0x000002fa   Section        0  libinit2.o(.ARM.Collect$$libinit$$00000017)
    .ARM.Collect$$libinit$$00000019          0x000002fa   Section        0  libinit2.o(.ARM.Collect$$libinit$$00000019)
    .ARM.Collect$$libinit$$0000001B          0x000002fa   Section        0  libinit2.o(.ARM.Collect$$libinit$$0000001B)
    .ARM.Collect$$libinit$$0000001D          0x000002fa   Section        0  libinit2.o(.ARM.Collect$$libinit$$0000001D)
    .ARM.Collect$$libinit$$0000001F          0x000002fa   Section        0  libinit2.o(.ARM.Collect$$libinit$$0000001F)
    .ARM.Collect$$libinit$$00000021          0x000002fa   Section        0  libinit2.o(.ARM.Collect$$libinit$$00000021)
    .ARM.Collect$$libinit$$00000023          0x000002fa   Section        0  libinit2.o(.ARM.Collect$$libinit$$00000023)
    .ARM.Collect$$libinit$$0000002A          0x000002fa   Section        0  libinit2.o(.ARM.Collect$$libinit$$0000002A)
    .ARM.Collect$$libinit$$0000002C          0x000002fa   Section        0  libinit2.o(.ARM.Collect$$libinit$$0000002C)
    .ARM.Collect$$libinit$$0000002E          0x000002fa   Section        0  libinit2.o(.ARM.Collect$$libinit$$0000002E)
    .ARM.Collect$$libinit$$00000030          0x000002fa   Section        0  libinit2.o(.ARM.Collect$$libinit$$00000030)
    .ARM.Collect$$libinit$$00000031          0x000002fa   Section        2  libinit2.o(.ARM.Collect$$libinit$$00000031)
    .ARM.Collect$$libshutdown$$00000000      0x000002fc   Section        2  libshutdown.o(.ARM.Collect$$libshutdown$$00000000)
    .ARM.Collect$$libshutdown$$00000003      0x000002fe   Section        0  libshutdown2.o(.ARM.Collect$$libshutdown$$00000003)
    .ARM.Collect$$libshutdown$$00000006      0x000002fe   Section        0  libshutdown2.o(.ARM.Collect$$libshutdown$$00000006)
    .ARM.Collect$$libshutdown$$00000009      0x000002fe   Section        0  libshutdown2.o(.ARM.Collect$$libshutdown$$00000009)
    .ARM.Collect$$libshutdown$$0000000B      0x000002fe   Section        0  libshutdown2.o(.ARM.Collect$$libshutdown$$0000000B)
    .ARM.Collect$$libshutdown$$0000000E      0x000002fe   Section        0  libshutdown2.o(.ARM.Collect$$libshutdown$$0000000E)
    .ARM.Collect$$libshutdown$$0000000F      0x000002fe   Section        2  libshutdown2.o(.ARM.Collect$$libshutdown$$0000000F)
    .ARM.Collect$$rtentry$$00000000          0x00000300   Section        0  rtentry.o(.ARM.Collect$$rtentry$$00000000)
    .ARM.Collect$$rtentry$$00000002          0x00000300   Section        0  rtentry2.o(.ARM.Collect$$rtentry$$00000002)
    .ARM.Collect$$rtentry$$00000004          0x00000300   Section        6  rtentry4.o(.ARM.Collect$$rtentry$$00000004)
    .ARM.Collect$$rtentry$$00000009          0x00000306   Section        0  rtentry2.o(.ARM.Collect$$rtentry$$00000009)
    .ARM.Collect$$rtentry$$0000000A          0x00000306   Section        4  rtentry2.o(.ARM.Collect$$rtentry$$0000000A)
    .ARM.Collect$$rtentry$$0000000C          0x0000030a   Section        0  rtentry2.o(.ARM.Collect$$rtentry$$0000000C)
    .ARM.Collect$$rtentry$$0000000D          0x0000030a   Section        8  rtentry2.o(.ARM.Collect$$rtentry$$0000000D)
    .ARM.Collect$$rtexit$$00000000           0x00000312   Section        2  rtexit.o(.ARM.Collect$$rtexit$$00000000)
    .ARM.Collect$$rtexit$$00000002           0x00000314   Section        0  rtexit2.o(.ARM.Collect$$rtexit$$00000002)
    .ARM.Collect$$rtexit$$00000003           0x00000314   Section        4  rtexit2.o(.ARM.Collect$$rtexit$$00000003)
    .ARM.Collect$$rtexit$$00000004           0x00000318   Section        6  rtexit2.o(.ARM.Collect$$rtexit$$00000004)
    .text                                    0x00000320   Section       48  startup.o(.text)
    .text                                    0x00000350   Section        0  heapauxi.o(.text)
    .text                                    0x00000356   Section       74  sys_stackheap_outer.o(.text)
    .text                                    0x000003a0   Section        0  exit.o(.text)
    .text                                    0x000003ac   Section        8  libspace.o(.text)
    .text                                    0x000003b4   Section        0  sys_exit.o(.text)
    .text                                    0x000003c0   Section        2  use_no_semi.o(.text)
    .text                                    0x000003c2   Section        0  indicate_semi.o(.text)
    i.ADC0_In                                0x000003c4   Section        0  adc.o(i.ADC0_In)
    i.ADC0_Init                              0x000003fc   Section        0  adc.o(i.ADC0_Init)
    i.ADC1_In                                0x000004d0   Section        0  texas.o(i.ADC1_In)
    i.ADC1_Init                              0x000004dc   Section        0  texas.o(i.ADC1_Init)
    i.Convert                                0x000005b0   Section        0  conversion.o(i.Convert)
    i.ConvertDistance                        0x000005c8   Section        0  conversion.o(i.ConvertDistance)
    i.DAC_Init                               0x0000066c   Section        0  dac.o(i.DAC_Init)
    i.DAC_Out                                0x000006d8   Section        0  dac.o(i.DAC_Out)
    i.Delay10ms                              0x000006e4   Section        0  spaceinvaders.o(i.Delay10ms)
    i.GPIO_ButtonInit                        0x000006fc   Section        0  gpio.o(i.GPIO_ButtonInit)
    i.GPIO_FireButtonIn                      0x00000778   Section        0  gpio.o(i.GPIO_FireButtonIn)
    i.GPIO_LEDInit                           0x00000788   Section        0  gpio.o(i.GPIO_LEDInit)
    i.GPIO_SpecialButtonIn                   0x000007f4   Section        0  gpio.o(i.GPIO_SpecialButtonIn)
    i.GPIO_TurnOffFireIndicator              0x00000804   Section        0  gpio.o(i.GPIO_TurnOffFireIndicator)
    i.GPIO_TurnOffSpecialIndicator           0x0000081c   Section        0  gpio.o(i.GPIO_TurnOffSpecialIndicator)
    i.GPIO_TurnOnFireIndicator               0x00000834   Section        0  gpio.o(i.GPIO_TurnOnFireIndicator)
    i.GPIO_TurnOnSpecialIndicator            0x0000084c   Section        0  gpio.o(i.GPIO_TurnOnSpecialIndicator)
    i.GameEngine_DisplayGameOver             0x00000864   Section        0  gameengine.o(i.GameEngine_DisplayGameOver)
    i.GameEngine_GetEnemiesLife              0x00000888   Section        0  gameengine.o(i.GameEngine_GetEnemiesLife)
    i.GameEngine_InitDisplay                 0x000008a4   Section        0  gameengine.o(i.GameEngine_InitDisplay)
    i.GameEngine_MoveEnemies                 0x000008b4   Section        0  gameengine.o(i.GameEngine_MoveEnemies)
    i.GameEngine_RefreshScreen               0x000008bc   Section        0  gameengine.o(i.GameEngine_RefreshScreen)
    i.Nokia5110_Clear                        0x000008be   Section        0  nokia5110.o(i.Nokia5110_Clear)
    i.Nokia5110_ClearBuffer                  0x000008e0   Section        0  nokia5110.o(i.Nokia5110_ClearBuffer)
    i.Nokia5110_DisplayBuffer                0x000008f8   Section        0  nokia5110.o(i.Nokia5110_DisplayBuffer)
    i.Nokia5110_DrawFullImage                0x00000908   Section        0  nokia5110.o(i.Nokia5110_DrawFullImage)
    i.Nokia5110_Init                         0x0000092c   Section        0  nokia5110.o(i.Nokia5110_Init)
    i.Nokia5110_OutChar                      0x00000a98   Section        0  nokia5110.o(i.Nokia5110_OutChar)
    i.Nokia5110_OutString                    0x00000ad0   Section        0  nokia5110.o(i.Nokia5110_OutString)
    i.Nokia5110_PrintBMP                     0x00000ae8   Section        0  nokia5110.o(i.Nokia5110_PrintBMP)
    i.Nokia5110_SetCursor                    0x00000c90   Section        0  nokia5110.o(i.Nokia5110_SetCursor)
    i.PLL_Init                               0x00000cc0   Section        0  texas.o(i.PLL_Init)
    i.Play                                   0x00000d3c   Section        0  sound.o(i.Play)
    i.SetCode                                0x00000d7c   Section        0  texas.o(i.SetCode)
    i.SetCourse                              0x00000d94   Section        0  texas.o(i.SetCourse)
    i.Sound_Init                             0x00000dac   Section        0  sound.o(i.Sound_Init)
    i.Sound_Play                             0x00000dd4   Section        0  sound.o(i.Sound_Play)
    i.Sound_Shoot                            0x00000dfc   Section        0  sound.o(i.Sound_Shoot)
    i.Sound_TurnOff                          0x00000e10   Section        0  sound.o(i.Sound_TurnOff)
    i.Sprites_Draw                           0x00000e28   Section        0  sprites.o(i.Sprites_Draw)
    i.Sprites_Init                           0x00000e6c   Section        0  sprites.o(i.Sprites_Init)
    i.Sprites_Move                           0x00000eac   Section        0  sprites.o(i.Sprites_Move)
    i.SysTick_Handler                        0x00000ee8   Section        0  systick.o(i.SysTick_Handler)
    i.SysTick_Init                           0x00000ef8   Section        0  systick.o(i.SysTick_Init)
    i.TExaS_Init                             0x00000f2c   Section        0  texas.o(i.TExaS_Init)
    i.Timer0A_Handler                        0x000010f0   Section        0  spaceinvaders.o(i.Timer0A_Handler)
    i.Timer0_Init                            0x0000111c   Section        0  timer.o(i.Timer0_Init)
    i.Timer2A_Handler                        0x0000118c   Section        0  spaceinvaders.o(i.Timer2A_Handler)
    i.Timer2_Init                            0x000011c0   Section        0  timer.o(i.Timer2_Init)
    i.Timer4A_Handler                        0x00001244   Section        0  texas.o(i.Timer4A_Handler)
    i.Timer5A_Handler                        0x00001264   Section        0  texas.o(i.Timer5A_Handler)
    i.UART0_Init                             0x00001294   Section        0  texas.o(i.UART0_Init)
    i.lcdwrite                               0x00001354   Section        0  nokia5110.o(i.lcdwrite)
    lcdwrite                                 0x00001355   Thumb Code    66  nokia5110.o(i.lcdwrite)
    i.main                                   0x000013a0   Section        0  spaceinvaders.o(i.main)
    .constdata                               0x00001470   Section      480  nokia5110.o(.constdata)
    ASCII                                    0x00001470   Data         480  nokia5110.o(.constdata)
    .constdata                               0x00001650   Section      360  texas.o(.constdata)
    .constdata                               0x000017b8   Section    15435  sound.o(.constdata)
    .constdata                               0x00005403   Section      679  sprites.o(.constdata)
    ASCII                                    0x00005403   Data         480  sprites.o(.constdata)
    .data                                    0x20000000   Section       24  spaceinvaders.o(.data)
    .data                                    0x20000018   Section       52  texas.o(.data)
    .data                                    0x2000004c   Section        4  systick.o(.data)
    .data                                    0x20000050   Section       12  sound.o(.data)
    .bss                                     0x2000005c   Section      504  nokia5110.o(.bss)
    .bss                                     0x20000254   Section       10  spaceinvaders.o(.bss)
    .bss                                     0x20000260   Section       56  texas.o(.bss)
    .bss                                     0x20000298   Section       64  sprites.o(.bss)
    .bss                                     0x200002d8   Section       96  libspace.o(.bss)
    HEAP                                     0x20000338   Section        0  startup.o(HEAP)
    STACK                                    0x20000338   Section     1024  startup.o(STACK)
    HeapMem                                  0x20000338   Data           0  startup.o(HEAP)
    StackMem                                 0x20000338   Data           0  startup.o(STACK)

    Global Symbols

    Symbol Name                              Value     Ov Type        Size  Object(Section)

    BuildAttributes$$THM_ISAv4$E$P$D$K$B$S$7EM$PE$A:L22UL41UL21$X:L11$S22US41US21$IEEE1$IW$USESV6$~STKCKD$USESV7$~SHL$OSPACE$ROPI$EBA8$UX$STANDARDLIB$REQ8$PRES8$EABIv2 0x00000000   Number         0  anon$$obj.o ABSOLUTE
    __ARM_use_no_argv                        0x00000000   Number         0  spaceinvaders.o ABSOLUTE
    __Vectors                                0x00000000   Data           0  startup.o(RESET)
    __ARM_exceptions_init                     - Undefined Weak Reference
    __alloca_initialize                       - Undefined Weak Reference
    __cpp_initialize__aeabi_                  - Undefined Weak Reference
    __cxa_finalize                            - Undefined Weak Reference
    __rt_locale                               - Undefined Weak Reference
    __sigvec_lookup                           - Undefined Weak Reference
    _atexit_init                              - Undefined Weak Reference
    _call_atexit_fns                          - Undefined Weak Reference
    _clock_init                               - Undefined Weak Reference
    _fp_trap_init                             - Undefined Weak Reference
    _fp_trap_shutdown                         - Undefined Weak Reference
    _get_lc_collate                           - Undefined Weak Reference
    _get_lc_ctype                             - Undefined Weak Reference
    _get_lc_monetary                          - Undefined Weak Reference
    _get_lc_numeric                           - Undefined Weak Reference
    _get_lc_time                              - Undefined Weak Reference
    _getenv_init                              - Undefined Weak Reference
    _handle_redirection                       - Undefined Weak Reference
    _init_alloc                               - Undefined Weak Reference
    _init_user_alloc                          - Undefined Weak Reference
    _initio                                   - Undefined Weak Reference
    _rand_init                                - Undefined Weak Reference
    _signal_finish                            - Undefined Weak Reference
    _signal_init                              - Undefined Weak Reference
    _terminate_alloc                          - Undefined Weak Reference
    _terminate_user_alloc                     - Undefined Weak Reference
    _terminateio                              - Undefined Weak Reference
    Reset_Handler                            0x0000026d   Thumb Code     0  startup.o(RESET)
    NMI_Handler                              0x00000271   Thumb Code     2  startup.o(RESET)
    HardFault_Handler                        0x00000273   Thumb Code     2  startup.o(RESET)
    MemManage_Handler                        0x00000275   Thumb Code     2  startup.o(RESET)
    BusFault_Handler                         0x00000277   Thumb Code     2  startup.o(RESET)
    UsageFault_Handler                       0x00000279   Thumb Code     2  startup.o(RESET)
    SVC_Handler                              0x0000027b   Thumb Code     2  startup.o(RESET)
    DebugMon_Handler                         0x0000027d   Thumb Code     2  startup.o(RESET)
    PendSV_Handler                           0x0000027f   Thumb Code     2  startup.o(RESET)
    ADC0Seq0_Handler                         0x00000283   Thumb Code     0  startup.o(RESET)
    ADC0Seq1_Handler                         0x00000283   Thumb Code     0  startup.o(RESET)
    ADC0Seq2_Handler                         0x00000283   Thumb Code     0  startup.o(RESET)
    ADC0Seq3_Handler                         0x00000283   Thumb Code     0  startup.o(RESET)
    ADC1Seq0_Handler                         0x00000283   Thumb Code     0  startup.o(RESET)
    ADC1Seq1_Handler                         0x00000283   Thumb Code     0  startup.o(RESET)
    ADC1Seq2_Handler                         0x00000283   Thumb Code     0  startup.o(RESET)
    ADC1Seq3_Handler                         0x00000283   Thumb Code     0  startup.o(RESET)
    CAN0_Handler                             0x00000283   Thumb Code     0  startup.o(RESET)
    CAN1_Handler                             0x00000283   Thumb Code     0  startup.o(RESET)
    CAN2_Handler                             0x00000283   Thumb Code     0  startup.o(RESET)
    Comp0_Handler                            0x00000283   Thumb Code     0  startup.o(RESET)
    Comp1_Handler                            0x00000283   Thumb Code     0  startup.o(RESET)
    Comp2_Handler                            0x00000283   Thumb Code     0  startup.o(RESET)
    Ethernet_Handler                         0x00000283   Thumb Code     0  startup.o(RESET)
    ExtBus_Handler                           0x00000283   Thumb Code     0  startup.o(RESET)
    FPU_Handler                              0x00000283   Thumb Code     0  startup.o(RESET)
    Fan0_Handler                             0x00000283   Thumb Code     0  startup.o(RESET)
    FlashCtl_Handler                         0x00000283   Thumb Code     0  startup.o(RESET)
    GPIOPortA_Handler                        0x00000283   Thumb Code     0  startup.o(RESET)
    GPIOPortB_Handler                        0x00000283   Thumb Code     0  startup.o(RESET)
    GPIOPortC_Handler                        0x00000283   Thumb Code     0  startup.o(RESET)
    GPIOPortD_Handler                        0x00000283   Thumb Code     0  startup.o(RESET)
    GPIOPortE_Handler                        0x00000283   Thumb Code     0  startup.o(RESET)
    GPIOPortF_Handler                        0x00000283   Thumb Code     0  startup.o(RESET)
    GPIOPortG_Handler                        0x00000283   Thumb Code     0  startup.o(RESET)
    GPIOPortH_Handler                        0x00000283   Thumb Code     0  startup.o(RESET)
    GPIOPortJ_Handler                        0x00000283   Thumb Code     0  startup.o(RESET)
    GPIOPortK_Handler                        0x00000283   Thumb Code     0  startup.o(RESET)
    GPIOPortL_Handler                        0x00000283   Thumb Code     0  startup.o(RESET)
    GPIOPortM_Handler                        0x00000283   Thumb Code     0  startup.o(RESET)
    GPIOPortN_Handler                        0x00000283   Thumb Code     0  startup.o(RESET)
    GPIOPortP1_Handler                       0x00000283   Thumb Code     0  startup.o(RESET)
    GPIOPortP2_Handler                       0x00000283   Thumb Code     0  startup.o(RESET)
    GPIOPortP3_Handler                       0x00000283   Thumb Code     0  startup.o(RESET)
    GPIOPortP4_Handler                       0x00000283   Thumb Code     0  startup.o(RESET)
    GPIOPortP5_Handler                       0x00000283   Thumb Code     0  startup.o(RESET)
    GPIOPortP6_Handler                       0x00000283   Thumb Code     0  startup.o(RESET)
    GPIOPortP7_Handler                       0x00000283   Thumb Code     0  startup.o(RESET)
    GPIOPortP_Handler                        0x00000283   Thumb Code     0  startup.o(RESET)
    GPIOPortQ1_Handler                       0x00000283   Thumb Code     0  startup.o(RESET)
    GPIOPortQ2_Handler                       0x00000283   Thumb Code     0  startup.o(RESET)
    GPIOPortQ3_Handler                       0x00000283   Thumb Code     0  startup.o(RESET)
    GPIOPortQ4_Handler                       0x00000283   Thumb Code     0  startup.o(RESET)
    GPIOPortQ5_Handler                       0x00000283   Thumb Code     0  startup.o(RESET)
    GPIOPortQ6_Handler                       0x00000283   Thumb Code     0  startup.o(RESET)
    GPIOPortQ7_Handler                       0x00000283   Thumb Code     0  startup.o(RESET)
    GPIOPortQ_Handler                        0x00000283   Thumb Code     0  startup.o(RESET)
    GPIOPortR_Handler                        0x00000283   Thumb Code     0  startup.o(RESET)
    GPIOPortS_Handler                        0x00000283   Thumb Code     0  startup.o(RESET)
    Hibernate_Handler                        0x00000283   Thumb Code     0  startup.o(RESET)
    I2C0_Handler                             0x00000283   Thumb Code     0  startup.o(RESET)
    I2C1_Handler                             0x00000283   Thumb Code     0  startup.o(RESET)
    I2C2_Handler                             0x00000283   Thumb Code     0  startup.o(RESET)
    I2C3_Handler                             0x00000283   Thumb Code     0  startup.o(RESET)
    I2C4_Handler                             0x00000283   Thumb Code     0  startup.o(RESET)
    I2C5_Handler                             0x00000283   Thumb Code     0  startup.o(RESET)
    I2S0_Handler                             0x00000283   Thumb Code     0  startup.o(RESET)
    LPC0_Handler                             0x00000283   Thumb Code     0  startup.o(RESET)
    PECI0_Handler                            0x00000283   Thumb Code     0  startup.o(RESET)
    PWM0Fault_Handler                        0x00000283   Thumb Code     0  startup.o(RESET)
    PWM0Generator0_Handler                   0x00000283   Thumb Code     0  startup.o(RESET)
    PWM0Generator1_Handler                   0x00000283   Thumb Code     0  startup.o(RESET)
    PWM0Generator2_Handler                   0x00000283   Thumb Code     0  startup.o(RESET)
    PWM0Generator3_Handler                   0x00000283   Thumb Code     0  startup.o(RESET)
    PWM1Fault_Handler                        0x00000283   Thumb Code     0  startup.o(RESET)
    PWM1Generator0_Handler                   0x00000283   Thumb Code     0  startup.o(RESET)
    PWM1Generator1_Handler                   0x00000283   Thumb Code     0  startup.o(RESET)
    PWM1Generator2_Handler                   0x00000283   Thumb Code     0  startup.o(RESET)
    PWM1Generator3_Handler                   0x00000283   Thumb Code     0  startup.o(RESET)
    Quadrature0_Handler                      0x00000283   Thumb Code     0  startup.o(RESET)
    Quadrature1_Handler                      0x00000283   Thumb Code     0  startup.o(RESET)
    Quadrature2_Handler                      0x00000283   Thumb Code     0  startup.o(RESET)
    SSI0_Handler                             0x00000283   Thumb Code     0  startup.o(RESET)
    SSI1_Handler                             0x00000283   Thumb Code     0  startup.o(RESET)
    SSI2_Handler                             0x00000283   Thumb Code     0  startup.o(RESET)
    SSI3_Handler                             0x00000283   Thumb Code     0  startup.o(RESET)
    SysCtl_Handler                           0x00000283   Thumb Code     0  startup.o(RESET)
    Timer0B_Handler                          0x00000283   Thumb Code     0  startup.o(RESET)
    Timer1A_Handler                          0x00000283   Thumb Code     0  startup.o(RESET)
    Timer1B_Handler                          0x00000283   Thumb Code     0  startup.o(RESET)
    Timer2B_Handler                          0x00000283   Thumb Code     0  startup.o(RESET)
    Timer3A_Handler                          0x00000283   Thumb Code     0  startup.o(RESET)
    Timer3B_Handler                          0x00000283   Thumb Code     0  startup.o(RESET)
    Timer4B_Handler                          0x00000283   Thumb Code     0  startup.o(RESET)
    Timer5B_Handler                          0x00000283   Thumb Code     0  startup.o(RESET)
    UART0_Handler                            0x00000283   Thumb Code     0  startup.o(RESET)
    UART1_Handler                            0x00000283   Thumb Code     0  startup.o(RESET)
    UART2_Handler                            0x00000283   Thumb Code     0  startup.o(RESET)
    UART3_Handler                            0x00000283   Thumb Code     0  startup.o(RESET)
    UART4_Handler                            0x00000283   Thumb Code     0  startup.o(RESET)
    UART5_Handler                            0x00000283   Thumb Code     0  startup.o(RESET)
    UART6_Handler                            0x00000283   Thumb Code     0  startup.o(RESET)
    UART7_Handler                            0x00000283   Thumb Code     0  startup.o(RESET)
    USB0_Handler                             0x00000283   Thumb Code     0  startup.o(RESET)
    WDT_Handler                              0x00000283   Thumb Code     0  startup.o(RESET)
    WideTimer0A_Handler                      0x00000283   Thumb Code     0  startup.o(RESET)
    WideTimer0B_Handler                      0x00000283   Thumb Code     0  startup.o(RESET)
    WideTimer1A_Handler                      0x00000283   Thumb Code     0  startup.o(RESET)
    WideTimer1B_Handler                      0x00000283   Thumb Code     0  startup.o(RESET)
    WideTimer2A_Handler                      0x00000283   Thumb Code     0  startup.o(RESET)
    WideTimer2B_Handler                      0x00000283   Thumb Code     0  startup.o(RESET)
    WideTimer3A_Handler                      0x00000283   Thumb Code     0  startup.o(RESET)
    WideTimer3B_Handler                      0x00000283   Thumb Code     0  startup.o(RESET)
    WideTimer4A_Handler                      0x00000283   Thumb Code     0  startup.o(RESET)
    WideTimer4B_Handler                      0x00000283   Thumb Code     0  startup.o(RESET)
    WideTimer5A_Handler                      0x00000283   Thumb Code     0  startup.o(RESET)
    WideTimer5B_Handler                      0x00000283   Thumb Code     0  startup.o(RESET)
    uDMA_Error                               0x00000283   Thumb Code     0  startup.o(RESET)
    uDMA_Handler                             0x00000283   Thumb Code     0  startup.o(RESET)
    __main                                   0x00000285   Thumb Code     8  __main.o(!!!main)
    __scatterload                            0x0000028d   Thumb Code     0  __scatter.o(!!!scatter)
    __scatterload_rt2                        0x0000028d   Thumb Code    44  __scatter.o(!!!scatter)
    __scatterload_rt2_thumb_only             0x0000028d   Thumb Code     0  __scatter.o(!!!scatter)
    __scatterload_null                       0x0000029b   Thumb Code     0  __scatter.o(!!!scatter)
    __scatterload_copy                       0x000002c1   Thumb Code    26  __scatter_copy.o(!!handler_copy)
    __scatterload_zeroinit                   0x000002dd   Thumb Code    28  __scatter_zi.o(!!handler_zi)
    __rt_lib_init                            0x000002f9   Thumb Code     0  libinit.o(.ARM.Collect$$libinit$$00000000)
    __rt_lib_init_alloca_1                   0x000002fb   Thumb Code     0  libinit2.o(.ARM.Collect$$libinit$$0000002C)
    __rt_lib_init_argv_1                     0x000002fb   Thumb Code     0  libinit2.o(.ARM.Collect$$libinit$$0000002A)
    __rt_lib_init_atexit_1                   0x000002fb   Thumb Code     0  libinit2.o(.ARM.Collect$$libinit$$00000019)
    __rt_lib_init_clock_1                    0x000002fb   Thumb Code     0  libinit2.o(.ARM.Collect$$libinit$$0000001F)
    __rt_lib_init_cpp_1                      0x000002fb   Thumb Code     0  libinit2.o(.ARM.Collect$$libinit$$00000030)
    __rt_lib_init_exceptions_1               0x000002fb   Thumb Code     0  libinit2.o(.ARM.Collect$$libinit$$0000002E)
    __rt_lib_init_fp_1                       0x000002fb   Thumb Code     0  libinit2.o(.ARM.Collect$$libinit$$00000002)
    __rt_lib_init_fp_trap_1                  0x000002fb   Thumb Code     0  libinit2.o(.ARM.Collect$$libinit$$0000001D)
    __rt_lib_init_getenv_1                   0x000002fb   Thumb Code     0  libinit2.o(.ARM.Collect$$libinit$$00000021)
    __rt_lib_init_heap_1                     0x000002fb   Thumb Code     0  libinit2.o(.ARM.Collect$$libinit$$00000008)
    __rt_lib_init_lc_collate_1               0x000002fb   Thumb Code     0  libinit2.o(.ARM.Collect$$libinit$$0000000F)
    __rt_lib_init_lc_ctype_1                 0x000002fb   Thumb Code     0  libinit2.o(.ARM.Collect$$libinit$$00000011)
    __rt_lib_init_lc_monetary_1              0x000002fb   Thumb Code     0  libinit2.o(.ARM.Collect$$libinit$$00000013)
    __rt_lib_init_lc_numeric_1               0x000002fb   Thumb Code     0  libinit2.o(.ARM.Collect$$libinit$$00000015)
    __rt_lib_init_lc_time_1                  0x000002fb   Thumb Code     0  libinit2.o(.ARM.Collect$$libinit$$00000017)
    __rt_lib_init_rand_1                     0x000002fb   Thumb Code     0  libinit2.o(.ARM.Collect$$libinit$$0000000C)
    __rt_lib_init_return                     0x000002fb   Thumb Code     0  libinit2.o(.ARM.Collect$$libinit$$00000031)
    __rt_lib_init_signal_1                   0x000002fb   Thumb Code     0  libinit2.o(.ARM.Collect$$libinit$$0000001B)
    __rt_lib_init_stdio_1                    0x000002fb   Thumb Code     0  libinit2.o(.ARM.Collect$$libinit$$00000023)
    __rt_lib_init_user_alloc_1               0x000002fb   Thumb Code     0  libinit2.o(.ARM.Collect$$libinit$$0000000A)
    __rt_lib_shutdown                        0x000002fd   Thumb Code     0  libshutdown.o(.ARM.Collect$$libshutdown$$00000000)
    __rt_lib_shutdown_fp_trap_1              0x000002ff   Thumb Code     0  libshutdown2.o(.ARM.Collect$$libshutdown$$00000006)
    __rt_lib_shutdown_heap_1                 0x000002ff   Thumb Code     0  libshutdown2.o(.ARM.Collect$$libshutdown$$0000000E)
    __rt_lib_shutdown_return                 0x000002ff   Thumb Code     0  libshutdown2.o(.ARM.Collect$$libshutdown$$0000000F)
    __rt_lib_shutdown_signal_1               0x000002ff   Thumb Code     0  libshutdown2.o(.ARM.Collect$$libshutdown$$00000009)
    __rt_lib_shutdown_stdio_1                0x000002ff   Thumb Code     0  libshutdown2.o(.ARM.Collect$$libshutdown$$00000003)
    __rt_lib_shutdown_user_alloc_1           0x000002ff   Thumb Code     0  libshutdown2.o(.ARM.Collect$$libshutdown$$0000000B)
    __rt_entry                               0x00000301   Thumb Code     0  rtentry.o(.ARM.Collect$$rtentry$$00000000)
    __rt_entry_presh_1                       0x00000301   Thumb Code     0  rtentry2.o(.ARM.Collect$$rtentry$$00000002)
    __rt_entry_sh                            0x00000301   Thumb Code     0  rtentry4.o(.ARM.Collect$$rtentry$$00000004)
    __rt_entry_li                            0x00000307   Thumb Code     0  rtentry2.o(.ARM.Collect$$rtentry$$0000000A)
    __rt_entry_postsh_1                      0x00000307   Thumb Code     0  rtentry2.o(.ARM.Collect$$rtentry$$00000009)
    __rt_entry_main                          0x0000030b   Thumb Code     0  rtentry2.o(.ARM.Collect$$rtentry$$0000000D)
    __rt_entry_postli_1                      0x0000030b   Thumb Code     0  rtentry2.o(.ARM.Collect$$rtentry$$0000000C)
    __rt_exit                                0x00000313   Thumb Code     0  rtexit.o(.ARM.Collect$$rtexit$$00000000)
    __rt_exit_ls                             0x00000315   Thumb Code     0  rtexit2.o(.ARM.Collect$$rtexit$$00000003)
    __rt_exit_prels_1                        0x00000315   Thumb Code     0  rtexit2.o(.ARM.Collect$$rtexit$$00000002)
    __rt_exit_exit                           0x00000319   Thumb Code     0  rtexit2.o(.ARM.Collect$$rtexit$$00000004)
    DisableInterrupts                        0x00000321   Thumb Code     0  startup.o(.text)
    EnableInterrupts                         0x00000325   Thumb Code     0  startup.o(.text)
    StartCritical                            0x00000329   Thumb Code     0  startup.o(.text)
    EndCritical                              0x00000331   Thumb Code     0  startup.o(.text)
    WaitForInterrupt                         0x00000337   Thumb Code     0  startup.o(.text)
    __user_initial_stackheap                 0x0000033b   Thumb Code     0  startup.o(.text)
    __use_two_region_memory                  0x00000351   Thumb Code     2  heapauxi.o(.text)
    __rt_heap_escrow$2region                 0x00000353   Thumb Code     2  heapauxi.o(.text)
    __rt_heap_expand$2region                 0x00000355   Thumb Code     2  heapauxi.o(.text)
    __user_setup_stackheap                   0x00000357   Thumb Code    74  sys_stackheap_outer.o(.text)
    exit                                     0x000003a1   Thumb Code    12  exit.o(.text)
    __user_libspace                          0x000003ad   Thumb Code     8  libspace.o(.text)
    __user_perproc_libspace                  0x000003ad   Thumb Code     0  libspace.o(.text)
    __user_perthread_libspace                0x000003ad   Thumb Code     0  libspace.o(.text)
    _sys_exit                                0x000003b5   Thumb Code     8  sys_exit.o(.text)
    __I$use$semihosting                      0x000003c1   Thumb Code     0  use_no_semi.o(.text)
    __use_no_semihosting_swi                 0x000003c1   Thumb Code     2  use_no_semi.o(.text)
    __semihosting_library_function           0x000003c3   Thumb Code     0  indicate_semi.o(.text)
    ADC0_In                                  0x000003c5   Thumb Code    46  adc.o(i.ADC0_In)
    ADC0_Init                                0x000003fd   Thumb Code   178  adc.o(i.ADC0_Init)
    ADC1_In                                  0x000004d1   Thumb Code     6  texas.o(i.ADC1_In)
    ADC1_Init                                0x000004dd   Thumb Code   174  texas.o(i.ADC1_Init)
    Convert                                  0x000005b1   Thumb Code    22  conversion.o(i.Convert)
    ConvertDistance                          0x000005c9   Thumb Code   160  conversion.o(i.ConvertDistance)
    DAC_Init                                 0x0000066d   Thumb Code    84  dac.o(i.DAC_Init)
    DAC_Out                                  0x000006d9   Thumb Code     6  dac.o(i.DAC_Out)
    Delay10ms                                0x000006e5   Thumb Code    24  spaceinvaders.o(i.Delay10ms)
    GPIO_ButtonInit                          0x000006fd   Thumb Code    96  gpio.o(i.GPIO_ButtonInit)
    GPIO_FireButtonIn                        0x00000779   Thumb Code    10  gpio.o(i.GPIO_FireButtonIn)
    GPIO_LEDInit                             0x00000789   Thumb Code    84  gpio.o(i.GPIO_LEDInit)
    GPIO_SpecialButtonIn                     0x000007f5   Thumb Code    10  gpio.o(i.GPIO_SpecialButtonIn)
    GPIO_TurnOffFireIndicator                0x00000805   Thumb Code    16  gpio.o(i.GPIO_TurnOffFireIndicator)
    GPIO_TurnOffSpecialIndicator             0x0000081d   Thumb Code    16  gpio.o(i.GPIO_TurnOffSpecialIndicator)
    GPIO_TurnOnFireIndicator                 0x00000835   Thumb Code    16  gpio.o(i.GPIO_TurnOnFireIndicator)
    GPIO_TurnOnSpecialIndicator              0x0000084d   Thumb Code    16  gpio.o(i.GPIO_TurnOnSpecialIndicator)
    GameEngine_DisplayGameOver               0x00000865   Thumb Code    22  gameengine.o(i.GameEngine_DisplayGameOver)
    GameEngine_GetEnemiesLife                0x00000889   Thumb Code    24  gameengine.o(i.GameEngine_GetEnemiesLife)
    GameEngine_InitDisplay                   0x000008a5   Thumb Code    16  gameengine.o(i.GameEngine_InitDisplay)
    GameEngine_MoveEnemies                   0x000008b5   Thumb Code     8  gameengine.o(i.GameEngine_MoveEnemies)
    GameEngine_RefreshScreen                 0x000008bd   Thumb Code     2  gameengine.o(i.GameEngine_RefreshScreen)
    Nokia5110_Clear                          0x000008bf   Thumb Code    32  nokia5110.o(i.Nokia5110_Clear)
    Nokia5110_ClearBuffer                    0x000008e1   Thumb Code    20  nokia5110.o(i.Nokia5110_ClearBuffer)
    Nokia5110_DisplayBuffer                  0x000008f9   Thumb Code    10  nokia5110.o(i.Nokia5110_DisplayBuffer)
    Nokia5110_DrawFullImage                  0x00000909   Thumb Code    34  nokia5110.o(i.Nokia5110_DrawFullImage)
    Nokia5110_Init                           0x0000092d   Thumb Code   316  nokia5110.o(i.Nokia5110_Init)
    Nokia5110_OutChar                        0x00000a99   Thumb Code    52  nokia5110.o(i.Nokia5110_OutChar)
    Nokia5110_OutString                      0x00000ad1   Thumb Code    22  nokia5110.o(i.Nokia5110_OutString)
    Nokia5110_PrintBMP                       0x00000ae9   Thumb Code   420  nokia5110.o(i.Nokia5110_PrintBMP)
    Nokia5110_SetCursor                      0x00000c91   Thumb Code    48  nokia5110.o(i.Nokia5110_SetCursor)
    PLL_Init                                 0x00000cc1   Thumb Code   118  texas.o(i.PLL_Init)
    Play                                     0x00000d3d   Thumb Code    52  sound.o(i.Play)
    SetCode                                  0x00000d7d   Thumb Code    20  texas.o(i.SetCode)
    SetCourse                                0x00000d95   Thumb Code    20  texas.o(i.SetCourse)
    Sound_Init                               0x00000dad   Thumb Code    28  sound.o(i.Sound_Init)
    Sound_Play                               0x00000dd5   Thumb Code    24  sound.o(i.Sound_Play)
    Sound_Shoot                              0x00000dfd   Thumb Code    14  sound.o(i.Sound_Shoot)
    Sound_TurnOff                            0x00000e11   Thumb Code    20  sound.o(i.Sound_TurnOff)
    Sprites_Draw                             0x00000e29   Thumb Code    64  sprites.o(i.Sprites_Draw)
    Sprites_Init                             0x00000e6d   Thumb Code    56  sprites.o(i.Sprites_Init)
    Sprites_Move                             0x00000ead   Thumb Code    54  sprites.o(i.Sprites_Move)
    SysTick_Handler                          0x00000ee9   Thumb Code    10  systick.o(i.SysTick_Handler)
    SysTick_Init                             0x00000ef9   Thumb Code    42  systick.o(i.SysTick_Init)
    TExaS_Init                               0x00000f2d   Thumb Code   324  texas.o(i.TExaS_Init)
    Timer0A_Handler                          0x000010f1   Thumb Code    30  spaceinvaders.o(i.Timer0A_Handler)
    Timer0_Init                              0x0000111d   Thumb Code    86  timer.o(i.Timer0_Init)
    Timer2A_Handler                          0x0000118d   Thumb Code    34  spaceinvaders.o(i.Timer2A_Handler)
    Timer2_Init                              0x000011c1   Thumb Code    98  timer.o(i.Timer2_Init)
    Timer4A_Handler                          0x00001245   Thumb Code    20  texas.o(i.Timer4A_Handler)
    Timer5A_Handler                          0x00001265   Thumb Code    34  texas.o(i.Timer5A_Handler)
    UART0_Init                               0x00001295   Thumb Code   160  texas.o(i.UART0_Init)
    main                                     0x000013a1   Thumb Code   190  spaceinvaders.o(i.main)
    NoInputMsg                               0x00001650   Data          40  texas.o(.constdata)
    OutputPortMsg0                           0x00001678   Data          40  texas.o(.constdata)
    OutputPortMsg1                           0x000016a0   Data          40  texas.o(.constdata)
    OutputPortMsg2                           0x000016c8   Data          40  texas.o(.constdata)
    OutputPortMsg3                           0x000016f0   Data          40  texas.o(.constdata)
    BlankMsg                                 0x00001718   Data          40  texas.o(.constdata)
    InitializedMsg                           0x00001740   Data          40  texas.o(.constdata)
    IntroMsg                                 0x00001768   Data          40  texas.o(.constdata)
    DoneMsg                                  0x00001790   Data          40  texas.o(.constdata)
    shoot                                    0x000017b8   Data        4080  sound.o(.constdata)
    invaderkilled                            0x000027a8   Data        3377  sound.o(.constdata)
    explosion                                0x000034d9   Data        2000  sound.o(.constdata)
    fastinvader1                             0x00003ca9   Data         982  sound.o(.constdata)
    fastinvader2                             0x0000407f   Data        1042  sound.o(.constdata)
    fastinvader3                             0x00004491   Data        1054  sound.o(.constdata)
    fastinvader4                             0x000048af   Data        1098  sound.o(.constdata)
    highpitch                                0x00004cf9   Data        1802  sound.o(.constdata)
    SmallEnemy30PointA                       0x000055e3   Data         199  sprites.o(.constdata)
    Region$$Table$$Base                      0x000056ac   Number         0  anon$$obj.o(Region$$Table)
    Region$$Table$$Limit                     0x000056cc   Number         0  anon$$obj.o(Region$$Table)
    Timer0Count                              0x20000000   Data           4  spaceinvaders.o(.data)
    Timer2Count                              0x20000004   Data           4  spaceinvaders.o(.data)
    ADCReady                                 0x20000008   Data           4  spaceinvaders.o(.data)
    RefreshScreen                            0x2000000c   Data           4  spaceinvaders.o(.data)
    ADCdata                                  0x20000010   Data           4  spaceinvaders.o(.data)
    Distance                                 0x20000014   Data           4  spaceinvaders.o(.data)
    TExaS_Period                             0x20000018   Data           4  texas.o(.data)
    TExaS_Ports                              0x2000001c   Data           8  texas.o(.data)
    Display                                  0x20000024   Data           1  texas.o(.data)
    TExaS_Meter                              0x20000028   Data           4  texas.o(.data)
    ADCnum                                   0x2000002c   Data           4  texas.o(.data)
    LastMode                                 0x20000030   Data           4  texas.o(.data)
    bFlag                                    0x20000034   Data           4  texas.o(.data)
    Count                                    0x20000038   Data           4  texas.o(.data)
    DelayBetweenTests                        0x2000003c   Data           4  texas.o(.data)
    TExaS_Test                               0x20000040   Data           4  texas.o(.data)
    ScopeMode                                0x20000044   Data           4  texas.o(.data)
    ScopeCount                               0x20000048   Data           4  texas.o(.data)
    CallbackFunction                         0x2000004c   Data           4  systick.o(.data)
    Index                                    0x20000050   Data           4  sound.o(.data)
    CountWave                                0x20000054   Data           4  sound.o(.data)
    Wave                                     0x20000058   Data           4  sound.o(.data)
    Screen                                   0x2000005c   Data         504  nokia5110.o(.bss)
    String                                   0x20000254   Data          10  spaceinvaders.o(.bss)
    TExaS                                    0x20000260   Data          56  texas.o(.bss)
    Enemy                                    0x20000298   Data          64  sprites.o(.bss)
    __libspace_start                         0x200002d8   Data          96  libspace.o(.bss)
    __temporary_stack_top$libspace           0x20000338   Data           0  libspace.o(.bss)



==============================================================================

Memory Map of the image

  Image Entry point : 0x0000026d

  Load Region LR_1 (Base: 0x00000000, Size: 0x00005728, Max: 0xffffffff, ABSOLUTE)

    Execution Region ER_RO (Base: 0x00000000, Size: 0x000056cc, Max: 0xffffffff, ABSOLUTE)

    Base Addr    Size         Type   Attr      Idx    E Section Name        Object

    0x00000000   0x00000284   Code   RO            3  * RESET               startup.o
    0x00000284   0x00000008   Code   RO          619  * !!!main             c_w.l(__main.o)
    0x0000028c   0x00000034   Code   RO          773    !!!scatter          c_w.l(__scatter.o)
    0x000002c0   0x0000001a   Code   RO          775    !!handler_copy      c_w.l(__scatter_copy.o)
    0x000002da   0x00000002   PAD
    0x000002dc   0x0000001c   Code   RO          777    !!handler_zi        c_w.l(__scatter_zi.o)
    0x000002f8   0x00000002   Code   RO          646    .ARM.Collect$$libinit$$00000000  c_w.l(libinit.o)
    0x000002fa   0x00000000   Code   RO          653    .ARM.Collect$$libinit$$00000002  c_w.l(libinit2.o)
    0x000002fa   0x00000000   Code   RO          656    .ARM.Collect$$libinit$$00000008  c_w.l(libinit2.o)
    0x000002fa   0x00000000   Code   RO          658    .ARM.Collect$$libinit$$0000000A  c_w.l(libinit2.o)
    0x000002fa   0x00000000   Code   RO          660    .ARM.Collect$$libinit$$0000000C  c_w.l(libinit2.o)
    0x000002fa   0x00000000   Code   RO          663    .ARM.Collect$$libinit$$0000000F  c_w.l(libinit2.o)
    0x000002fa   0x00000000   Code   RO          665    .ARM.Collect$$libinit$$00000011  c_w.l(libinit2.o)
    0x000002fa   0x00000000   Code   RO          667    .ARM.Collect$$libinit$$00000013  c_w.l(libinit2.o)
    0x000002fa   0x00000000   Code   RO          669    .ARM.Collect$$libinit$$00000015  c_w.l(libinit2.o)
    0x000002fa   0x00000000   Code   RO          671    .ARM.Collect$$libinit$$00000017  c_w.l(libinit2.o)
    0x000002fa   0x00000000   Code   RO          673    .ARM.Collect$$libinit$$00000019  c_w.l(libinit2.o)
    0x000002fa   0x00000000   Code   RO          675    .ARM.Collect$$libinit$$0000001B  c_w.l(libinit2.o)
    0x000002fa   0x00000000   Code   RO          677    .ARM.Collect$$libinit$$0000001D  c_w.l(libinit2.o)
    0x000002fa   0x00000000   Code   RO          679    .ARM.Collect$$libinit$$0000001F  c_w.l(libinit2.o)
    0x000002fa   0x00000000   Code   RO          681    .ARM.Collect$$libinit$$00000021  c_w.l(libinit2.o)
    0x000002fa   0x00000000   Code   RO          683    .ARM.Collect$$libinit$$00000023  c_w.l(libinit2.o)
    0x000002fa   0x00000000   Code   RO          687    .ARM.Collect$$libinit$$0000002A  c_w.l(libinit2.o)
    0x000002fa   0x00000000   Code   RO          689    .ARM.Collect$$libinit$$0000002C  c_w.l(libinit2.o)
    0x000002fa   0x00000000   Code   RO          691    .ARM.Collect$$libinit$$0000002E  c_w.l(libinit2.o)
    0x000002fa   0x00000000   Code   RO          693    .ARM.Collect$$libinit$$00000030  c_w.l(libinit2.o)
    0x000002fa   0x00000002   Code   RO          694    .ARM.Collect$$libinit$$00000031  c_w.l(libinit2.o)
    0x000002fc   0x00000002   Code   RO          714    .ARM.Collect$$libshutdown$$00000000  c_w.l(libshutdown.o)
    0x000002fe   0x00000000   Code   RO          728    .ARM.Collect$$libshutdown$$00000003  c_w.l(libshutdown2.o)
    0x000002fe   0x00000000   Code   RO          731    .ARM.Collect$$libshutdown$$00000006  c_w.l(libshutdown2.o)
    0x000002fe   0x00000000   Code   RO          734    .ARM.Collect$$libshutdown$$00000009  c_w.l(libshutdown2.o)
    0x000002fe   0x00000000   Code   RO          736    .ARM.Collect$$libshutdown$$0000000B  c_w.l(libshutdown2.o)
    0x000002fe   0x00000000   Code   RO          739    .ARM.Collect$$libshutdown$$0000000E  c_w.l(libshutdown2.o)
    0x000002fe   0x00000002   Code   RO          740    .ARM.Collect$$libshutdown$$0000000F  c_w.l(libshutdown2.o)
    0x00000300   0x00000000   Code   RO          621    .ARM.Collect$$rtentry$$00000000  c_w.l(rtentry.o)
    0x00000300   0x00000000   Code   RO          623    .ARM.Collect$$rtentry$$00000002  c_w.l(rtentry2.o)
    0x00000300   0x00000006   Code   RO          635    .ARM.Collect$$rtentry$$00000004  c_w.l(rtentry4.o)
    0x00000306   0x00000000   Code   RO          625    .ARM.Collect$$rtentry$$00000009  c_w.l(rtentry2.o)
    0x00000306   0x00000004   Code   RO          626    .ARM.Collect$$rtentry$$0000000A  c_w.l(rtentry2.o)
    0x0000030a   0x00000000   Code   RO          628    .ARM.Collect$$rtentry$$0000000C  c_w.l(rtentry2.o)
    0x0000030a   0x00000008   Code   RO          629    .ARM.Collect$$rtentry$$0000000D  c_w.l(rtentry2.o)
    0x00000312   0x00000002   Code   RO          650    .ARM.Collect$$rtexit$$00000000  c_w.l(rtexit.o)
    0x00000314   0x00000000   Code   RO          696    .ARM.Collect$$rtexit$$00000002  c_w.l(rtexit2.o)
    0x00000314   0x00000004   Code   RO          697    .ARM.Collect$$rtexit$$00000003  c_w.l(rtexit2.o)
    0x00000318   0x00000006   Code   RO          698    .ARM.Collect$$rtexit$$00000004  c_w.l(rtexit2.o)
    0x0000031e   0x00000002   PAD
    0x00000320   0x00000030   Code   RO            4    .text               startup.o
    0x00000350   0x00000006   Code   RO          617    .text               c_w.l(heapauxi.o)
    0x00000356   0x0000004a   Code   RO          637    .text               c_w.l(sys_stackheap_outer.o)
    0x000003a0   0x0000000c   Code   RO          639    .text               c_w.l(exit.o)
    0x000003ac   0x00000008   Code   RO          647    .text               c_w.l(libspace.o)
    0x000003b4   0x0000000c   Code   RO          706    .text               c_w.l(sys_exit.o)
    0x000003c0   0x00000002   Code   RO          717    .text               c_w.l(use_no_semi.o)
    0x000003c2   0x00000000   Code   RO          719    .text               c_w.l(indicate_semi.o)
    0x000003c2   0x00000002   PAD
    0x000003c4   0x00000038   Code   RO          295    i.ADC0_In           adc.o
    0x000003fc   0x000000d4   Code   RO          296    i.ADC0_Init         adc.o
    0x000004d0   0x0000000c   Code   RO          176    i.ADC1_In           texas.o
    0x000004dc   0x000000d4   Code   RO          177    i.ADC1_Init         texas.o
    0x000005b0   0x00000016   Code   RO          316    i.Convert           conversion.o
    0x000005c6   0x00000002   PAD
    0x000005c8   0x000000a4   Code   RO          317    i.ConvertDistance   conversion.o
    0x0000066c   0x0000006c   Code   RO          335    i.DAC_Init          dac.o
    0x000006d8   0x0000000c   Code   RO          336    i.DAC_Out           dac.o
    0x000006e4   0x00000018   Code   RO          108    i.Delay10ms         spaceinvaders.o
    0x000006fc   0x0000007c   Code   RO          354    i.GPIO_ButtonInit   gpio.o
    0x00000778   0x00000010   Code   RO          355    i.GPIO_FireButtonIn  gpio.o
    0x00000788   0x0000006c   Code   RO          356    i.GPIO_LEDInit      gpio.o
    0x000007f4   0x00000010   Code   RO          357    i.GPIO_SpecialButtonIn  gpio.o
    0x00000804   0x00000018   Code   RO          358    i.GPIO_TurnOffFireIndicator  gpio.o
    0x0000081c   0x00000018   Code   RO          359    i.GPIO_TurnOffSpecialIndicator  gpio.o
    0x00000834   0x00000018   Code   RO          360    i.GPIO_TurnOnFireIndicator  gpio.o
    0x0000084c   0x00000018   Code   RO          361    i.GPIO_TurnOnSpecialIndicator  gpio.o
    0x00000864   0x00000024   Code   RO          573    i.GameEngine_DisplayGameOver  gameengine.o
    0x00000888   0x0000001c   Code   RO          574    i.GameEngine_GetEnemiesLife  gameengine.o
    0x000008a4   0x00000010   Code   RO          575    i.GameEngine_InitDisplay  gameengine.o
    0x000008b4   0x00000008   Code   RO          576    i.GameEngine_MoveEnemies  gameengine.o
    0x000008bc   0x00000002   Code   RO          577    i.GameEngine_RefreshScreen  gameengine.o
    0x000008be   0x00000020   Code   RO           12    i.Nokia5110_Clear   nokia5110.o
    0x000008de   0x00000002   PAD
    0x000008e0   0x00000018   Code   RO           13    i.Nokia5110_ClearBuffer  nokia5110.o
    0x000008f8   0x00000010   Code   RO           15    i.Nokia5110_DisplayBuffer  nokia5110.o
    0x00000908   0x00000022   Code   RO           16    i.Nokia5110_DrawFullImage  nokia5110.o
    0x0000092a   0x00000002   PAD
    0x0000092c   0x0000016c   Code   RO           17    i.Nokia5110_Init    nokia5110.o
    0x00000a98   0x00000038   Code   RO           18    i.Nokia5110_OutChar  nokia5110.o
    0x00000ad0   0x00000016   Code   RO           19    i.Nokia5110_OutString  nokia5110.o
    0x00000ae6   0x00000002   PAD
    0x00000ae8   0x000001a8   Code   RO           21    i.Nokia5110_PrintBMP  nokia5110.o
    0x00000c90   0x00000030   Code   RO           22    i.Nokia5110_SetCursor  nokia5110.o
    0x00000cc0   0x0000007c   Code   RO          178    i.PLL_Init          texas.o
    0x00000d3c   0x00000040   Code   RO          457    i.Play              sound.o
    0x00000d7c   0x00000018   Code   RO          179    i.SetCode           texas.o
    0x00000d94   0x00000018   Code   RO          180    i.SetCourse         texas.o
    0x00000dac   0x00000028   Code   RO          464    i.Sound_Init        sound.o
    0x00000dd4   0x00000028   Code   RO          466    i.Sound_Play        sound.o
    0x00000dfc   0x00000014   Code   RO          467    i.Sound_Shoot       sound.o
    0x00000e10   0x00000018   Code   RO          468    i.Sound_TurnOff     sound.o
    0x00000e28   0x00000044   Code   RO          542    i.Sprites_Draw      sprites.o
    0x00000e6c   0x00000040   Code   RO          543    i.Sprites_Init      sprites.o
    0x00000eac   0x0000003c   Code   RO          544    i.Sprites_Move      sprites.o
    0x00000ee8   0x00000010   Code   RO          417    i.SysTick_Handler   systick.o
    0x00000ef8   0x00000034   Code   RO          418    i.SysTick_Init      systick.o
    0x00000f2c   0x000001c4   Code   RO          184    i.TExaS_Init        texas.o
    0x000010f0   0x0000002c   Code   RO          109    i.Timer0A_Handler   spaceinvaders.o
    0x0000111c   0x00000070   Code   RO          438    i.Timer0_Init       timer.o
    0x0000118c   0x00000034   Code   RO          110    i.Timer2A_Handler   spaceinvaders.o
    0x000011c0   0x00000084   Code   RO          439    i.Timer2_Init       timer.o
    0x00001244   0x00000020   Code   RO          186    i.Timer4A_Handler   texas.o
    0x00001264   0x00000030   Code   RO          187    i.Timer5A_Handler   texas.o
    0x00001294   0x000000c0   Code   RO          190    i.UART0_Init        texas.o
    0x00001354   0x0000004c   Code   RO           24    i.lcdwrite          nokia5110.o
    0x000013a0   0x000000d0   Code   RO          111    i.main              spaceinvaders.o
    0x00001470   0x000001e0   Data   RO           26    .constdata          nokia5110.o
    0x00001650   0x00000168   Data   RO          195    .constdata          texas.o
    0x000017b8   0x00003c4b   Data   RO          469    .constdata          sound.o
    0x00005403   0x000002a7   Data   RO          546    .constdata          sprites.o
    0x000056aa   0x00000002   PAD
    0x000056ac   0x00000020   Data   RO          771    Region$$Table       anon$$obj.o


    Execution Region ER_RW (Base: 0x20000000, Size: 0x0000005c, Max: 0xffffffff, ABSOLUTE)

    Base Addr    Size         Type   Attr      Idx    E Section Name        Object

    0x20000000   0x00000018   Data   RW          114    .data               spaceinvaders.o
    0x20000018   0x00000034   Data   RW          196    .data               texas.o
    0x2000004c   0x00000004   Data   RW          419    .data               systick.o
    0x20000050   0x0000000c   Data   RW          470    .data               sound.o


    Execution Region ER_ZI (Base: 0x2000005c, Size: 0x000006dc, Max: 0xffffffff, ABSOLUTE)

    Base Addr    Size         Type   Attr      Idx    E Section Name        Object

    0x2000005c   0x000001f8   Zero   RW           25    .bss                nokia5110.o
    0x20000254   0x0000000a   Zero   RW          112    .bss                spaceinvaders.o
    0x2000025e   0x00000002   PAD
    0x20000260   0x00000038   Zero   RW          194    .bss                texas.o
    0x20000298   0x00000040   Zero   RW          545    .bss                sprites.o
    0x200002d8   0x00000060   Zero   RW          648    .bss                c_w.l(libspace.o)
    0x20000338   0x00000000   Zero   RW            2    HEAP                startup.o
    0x20000338   0x00000400   Zero   RW            1    STACK               startup.o


==============================================================================

Image component sizes


      Code (inc. data)   RO Data    RW Data    ZI Data      Debug   Object Name

       268         44          0          0          0        986   adc.o
       186          4          0          0          0       1188   conversion.o
       120         30          0          0          0        913   dac.o
        90         18          0          0          0       2414   gameengine.o
       360         96          0          0          0       3668   gpio.o
      1096         76        480          0        504       9673   nokia5110.o
       188         50      15435         12          0       3386   sound.o
       328         50          0         24         10       3961   spaceinvaders.o
       192         18        679          0         64       2488   sprites.o
       692        632          0          0       1024       1044   startup.o
        68         16          0          4          0       1236   systick.o
      1120        244        360         52         56      16372   texas.o
       244         60          0          0          0       1000   timer.o

    ----------------------------------------------------------------------
      4960       1338      16988         92       1660      48329   Object Totals
         0          0         32          0          0          0   (incl. Generated)
         8          0          2          0          2          0   (incl. Padding)

    ----------------------------------------------------------------------

      Code (inc. data)   RO Data    RW Data    ZI Data      Debug   Library Member Name

         8          0          0          0          0         68   __main.o
        52          8          0          0          0          0   __scatter.o
        26          0          0          0          0          0   __scatter_copy.o
        28          0          0          0          0          0   __scatter_zi.o
        12          0          0          0          0         72   exit.o
         6          0          0          0          0        152   heapauxi.o
         0          0          0          0          0          0   indicate_semi.o
         2          0          0          0          0          0   libinit.o
         2          0          0          0          0          0   libinit2.o
         2          0          0          0          0          0   libshutdown.o
         2          0          0          0          0          0   libshutdown2.o
         8          4          0          0         96         68   libspace.o
         0          0          0          0          0          0   rtentry.o
        12          0          0          0          0          0   rtentry2.o
         6          0          0          0          0          0   rtentry4.o
         2          0          0          0          0          0   rtexit.o
        10          0          0          0          0          0   rtexit2.o
        12          4          0          0          0         68   sys_exit.o
        74          0          0          0          0         80   sys_stackheap_outer.o
         2          0          0          0          0         68   use_no_semi.o

    ----------------------------------------------------------------------
       272         16          0          0         96        576   Library Totals
         6          0          0          0          0          0   (incl. Padding)

    ----------------------------------------------------------------------

      Code (inc. data)   RO Data    RW Data    ZI Data      Debug   Library Name

       266         16          0          0         96        576   c_w.l

    ----------------------------------------------------------------------
       272         16          0          0         96        576   Library Totals

    ----------------------------------------------------------------------

==============================================================================


      Code (inc. data)   RO Data    RW Data    ZI Data      Debug   

      5232       1354      16988         92       1756      46097   Grand Totals
      5232       1354      16988         92       1756      46097   ELF Image Totals
      5232       1354      16988         92          0          0   ROM Totals

==============================================================================

    Total RO  Size (Code + RO Data)                22220 (  21.70kB)
    Total RW  Size (RW Data + ZI Data)              1848 (   1.80kB)
    Total ROM Size (Code + RO Data + RW Data)      22312 (  21.79kB)

==============================================================================

