<html>
<body>
<pre>
<h1>µVision Build Log</h1>
<h2>Project:</h2>
C:\Users\uie94579\Documents\Personal\BaidonGitRepository\BaidonRoadmap\MultiThreadedInterfaceUTAustin\Lab15_SpaceInvaders\SpaceInvaders.uvproj
Project File Date:  04/14/2022

<h2>Output:</h2>
Build target 'SpaceInvaders'
compiling SpaceInvaders.c...
linking...
Program Size: Code=4244 RO-data=888 RW-data=76 ZI-data=1188  
".\SpaceInvaders.axf" - 0 Error(s), 0 Warning(s).
king...
Program Size: Code=4244 RO-data=888 RW-data=76 ZI-data=1188  
".\SpaceInvaders.axf" - 0 Error(s), 1 Warning(s).
e after previous syntax error
  const unsigned char SineWave[SIZE_OF_SINE_TABLE] = {4,5,6,7,7,7,6,5,4,3,2,1,1,1,2,3};
SpaceInvaders.c(98): warning:  #174-D: expression has no effect
  const unsigned char SineWave[SIZE_OF_SINE_TABLE] = {4,5,6,7,7,7,6,5,4,3,2,1,1,1,2,3};
SpaceInvaders.c(98): warning:  #174-D: expression has no effect
  const unsigned char SineWave[SIZE_OF_SINE_TABLE] = {4,5,6,7,7,7,6,5,4,3,2,1,1,1,2,3};
SpaceInvaders.c(98): warning:  #174-D: expression has no effect
  const unsigned char SineWave[SIZE_OF_SINE_TABLE] = {4,5,6,7,7,7,6,5,4,3,2,1,1,1,2,3};
SpaceInvaders.c(98): warning:  #174-D: expression has no effect
  const unsigned char SineWave[SIZE_OF_SINE_TABLE] = {4,5,6,7,7,7,6,5,4,3,2,1,1,1,2,3};
SpaceInvaders.c(98): warning:  #174-D: expression has no effect
  const unsigned char SineWave[SIZE_OF_SINE_TABLE] = {4,5,6,7,7,7,6,5,4,3,2,1,1,1,2,3};
SpaceInvaders.c(98): warning:  #174-D: expression has no effect
  const unsigned char SineWave[SIZE_OF_SINE_TABLE] = {4,5,6,7,7,7,6,5,4,3,2,1,1,1,2,3};
SpaceInvaders.c(98): warning:  #174-D: expression has no effect
  const unsigned char SineWave[SIZE_OF_SINE_TABLE] = {4,5,6,7,7,7,6,5,4,3,2,1,1,1,2,3};
SpaceInvaders.c(98): warning:  #174-D: expression has no effect
  const unsigned char SineWave[SIZE_OF_SINE_TABLE] = {4,5,6,7,7,7,6,5,4,3,2,1,1,1,2,3};
SpaceInvaders.c(98): warning:  #174-D: expression has no effect
  const unsigned char SineWave[SIZE_OF_SINE_TABLE] = {4,5,6,7,7,7,6,5,4,3,2,1,1,1,2,3};
SpaceInvaders.c(98): warning:  #174-D: expression has no effect
  const unsigned char SineWave[SIZE_OF_SINE_TABLE] = {4,5,6,7,7,7,6,5,4,3,2,1,1,1,2,3};
SpaceInvaders.c(98): warning:  #174-D: expression has no effect
  const unsigned char SineWave[SIZE_OF_SINE_TABLE] = {4,5,6,7,7,7,6,5,4,3,2,1,1,1,2,3};
SpaceInvaders.c(98): warning:  #174-D: expression has no effect
  const unsigned char SineWave[SIZE_OF_SINE_TABLE] = {4,5,6,7,7,7,6,5,4,3,2,1,1,1,2,3};
SpaceInvaders.c(98): warning:  #174-D: expression has no effect
  const unsigned char SineWave[SIZE_OF_SINE_TABLE] = {4,5,6,7,7,7,6,5,4,3,2,1,1,1,2,3};
SpaceInvaders.c(98): warning:  #174-D: expression has no effect
  const unsigned char SineWave[SIZE_OF_SINE_TABLE] = {4,5,6,7,7,7,6,5,4,3,2,1,1,1,2,3};
SpaceInvaders.c(98): warning:  #174-D: expression has no effect
  const unsigned char SineWave[SIZE_OF_SINE_TABLE] = {4,5,6,7,7,7,6,5,4,3,2,1,1,1,2,3};
SpaceInvaders.c(98): warning:  #174-D: expression has no effect
  const unsigned char SineWave[SIZE_OF_SINE_TABLE] = {4,5,6,7,7,7,6,5,4,3,2,1,1,1,2,3};
SpaceInvaders.c(98): error:  #65: expected a ";"
  const unsigned char SineWave[SIZE_OF_SINE_TABLE] = {4,5,6,7,7,7,6,5,4,3,2,1,1,1,2,3};
SpaceInvaders.c(98): warning:  #940-D: missing return statement at end of non-void function "Soundtest_GetFlag"
  const unsigned char SineWave[SIZE_OF_SINE_TABLE] = {4,5,6,7,7,7,6,5,4,3,2,1,1,1,2,3};
SpaceInvaders.c(116): warning:  #223-D: function "EnableInterrupts" declared implicitly
        EnableInterrupts();
SpaceInvaders.c(151): error:  #20: identifier "Semaphore" is undefined
                if( Semaphore == 1)
SpaceInvaders.c(153): error:  #20: identifier "Distance" is undefined
                                Distance = Convert(ADCdata);
SpaceInvaders.c(153): error:  #20: identifier "ADCdata" is undefined
                                Distance = Convert(ADCdata);
SpaceInvaders.c(160): warning:  #223-D: function "Delay10ms" declared implicitly
                Delay10ms();
SpaceInvaders.c(167): error:  #20: identifier "SineWave" is undefined
                DAC_out(SineWave[Index]);
SpaceInvaders.c(174): error:  #20: identifier "TimerCount" is undefined
    TimerCount++;
SpaceInvaders.c(175): error:  #20: identifier "ADCdata" is undefined
        ADCdata= ADC0_In();
SpaceInvaders.c(176): error:  #20: identifier "Semaphore" is undefined
    Semaphore = 1; // trigger   
SpaceInvaders.c(193): error:  #159: declaration is incompatible with previous "Delay10ms" (declared at line 160)
  void Delay10ms(void){unsigned long volatile time;
SpaceInvaders.c: 21 warnings, 10 errors
".\SpaceInvaders.axf" - 10 Error(s), 21 Warning(s).
Target not created
paceInvaders.c: 21 warnings, 11 errors
compiling soundtest.c...
soundtest.c(42): warning:  #1-D: last line of file ends without a newline
  }
soundtest.c: 1 warning, 0 errors
".\SpaceInvaders.axf" - 11 Error(s), 22 Warning(s).
Target not created
