<html>
<body>
<pre>
<h1>µVision Build Log</h1>
<h2>Project:</h2>
C:\Users\uie94579\Documents\Personal\BaidonGitRepository\BaidonRoadmap\MultiThreadedInterfaceUTAustin\Lab11_UART\Lab11.uvproj
Project File Date:  04/08/2022

<h2>Output:</h2>
Build target 'Lab11'
compiling UART.c...
compiling main.c...
linking...
Program Size: Code=3100 RO-data=696 RW-data=44 ZI-data=1764  
".\Lab11.axf" - 0 Error(s), 0 Warning(s).
</pre>
</body>
</html>
rning:  #69-D: integer conversion resulted in truncation
                                String[i] = ' 0 ';
UART.c: 2 warnings, 0 errors
linking...
Program Size: Code=3084 RO-data=696 RW-data=44 ZI-data=1764  
".\Lab11.axf" - 0 Error(s), 2 Warning(s).
  #177-D: variable "j" was declared but never referenced
        unsigned int j= 0;
UART.c: 1 warning, 7 errors
".\Lab11.axf" - 7 Error(s), 1 Warning(s).
Target not created
